Archive member included to satisfy reference by file (symbol)

../../libDaisy//build\libdaisy.a(daisy_pod.o)
                              build/ExampleProject.o (daisy::DaisyPod::DelayMs(unsigned int))
../../libDaisy//build\libdaisy.a(daisy_seed.o)
                              ../../libDaisy//build\libdaisy.a(daisy_pod.o) (daisy::DaisySeed::Configure())
../../libDaisy//build\libdaisy.a(codec_ak4556.o)
                              ../../libDaisy//build\libdaisy.a(daisy_seed.o) (daisy::Ak4556::Init(dsy_gpio_pin))
../../libDaisy//build\libdaisy.a(codec_wm8731.o)
                              ../../libDaisy//build\libdaisy.a(daisy_seed.o) (daisy::Wm8731::Init(daisy::Wm8731::Config const&, daisy::I2CHandle))
../../libDaisy//build\libdaisy.a(sdram.o)
                              ../../libDaisy//build\libdaisy.a(daisy_seed.o) (SdramHandle::Init())
../../libDaisy//build\libdaisy.a(audio.o)
                              ../../libDaisy//build\libdaisy.a(daisy_seed.o) (daisy::AudioHandle::Init(daisy::AudioHandle::Config const&, daisy::SaiHandle))
../../libDaisy//build\libdaisy.a(ctrl.o)
                              ../../libDaisy//build\libdaisy.a(daisy_pod.o) (daisy::AnalogControl::Init(unsigned short*, float, bool, bool, float))
../../libDaisy//build\libdaisy.a(encoder.o)
                              ../../libDaisy//build\libdaisy.a(daisy_pod.o) (daisy::Encoder::Init(dsy_gpio_pin, dsy_gpio_pin, dsy_gpio_pin, float))
../../libDaisy//build\libdaisy.a(rgb_led.o)
                              ../../libDaisy//build\libdaisy.a(daisy_pod.o) (daisy::RgbLed::Init(dsy_gpio_pin, dsy_gpio_pin, dsy_gpio_pin, bool))
../../libDaisy//build\libdaisy.a(switch.o)
                              ../../libDaisy//build\libdaisy.a(daisy_pod.o) (daisy::Switch::Init(dsy_gpio_pin, float))
../../libDaisy//build\libdaisy.a(adc.o)
                              ../../libDaisy//build\libdaisy.a(daisy_pod.o) (daisy::AdcChannelConfig::InitSingle(dsy_gpio_pin))
../../libDaisy//build\libdaisy.a(gpio.o)
                              ../../libDaisy//build\libdaisy.a(daisy_seed.o) (dsy_gpio_init)
../../libDaisy//build\libdaisy.a(i2c.o)
                              ../../libDaisy//build\libdaisy.a(daisy_seed.o) (daisy::I2CHandle::Init(daisy::I2CHandle::Config const&))
../../libDaisy//build\libdaisy.a(qspi.o)
                              ../../libDaisy//build\libdaisy.a(daisy_seed.o) (daisy::QSPIHandle::Init(daisy::QSPIHandle::Config const&))
../../libDaisy//build\libdaisy.a(sai.o)
                              ../../libDaisy//build\libdaisy.a(daisy_seed.o) (daisy::SaiHandle::Init(daisy::SaiHandle::Config const&))
../../libDaisy//build\libdaisy.a(uart.o)
                              ../../libDaisy//build\libdaisy.a(daisy_pod.o) (daisy::UartHandler::Init(daisy::UartHandler::Config const&))
../../libDaisy//build\libdaisy.a(system.o)
                              ../../libDaisy//build\libdaisy.a(daisy_seed.o) (daisy::System::DeInit())
../../libDaisy//build\libdaisy.a(system_stm32h7xx.o)
                              build/startup_stm32h750xx.o (SystemInit)
../../libDaisy//build\libdaisy.a(usbd_conf.o)
                              ../../libDaisy//build\libdaisy.a(system.o) (hpcd_USB_OTG_HS)
../../libDaisy//build\libdaisy.a(usbh_conf.o)
                              ../../libDaisy//build\libdaisy.a(system.o) (hhcd_USB_OTG_HS)
../../libDaisy//build\libdaisy.a(color.o)
                              ../../libDaisy//build\libdaisy.a(daisy_pod.o) (daisy::Color::Init(daisy::Color::PresetColor))
../../libDaisy//build\libdaisy.a(hal_map.o)
                              ../../libDaisy//build\libdaisy.a(gpio.o) (dsy_hal_map_get_port)
../../libDaisy//build\libdaisy.a(stm32h7xx_hal.o)
                              ../../libDaisy//build\libdaisy.a(system.o) (HAL_Init)
../../libDaisy//build\libdaisy.a(stm32h7xx_hal_adc.o)
                              ../../libDaisy//build\libdaisy.a(adc.o) (HAL_ADC_ConfigChannel)
../../libDaisy//build\libdaisy.a(stm32h7xx_hal_adc_ex.o)
                              ../../libDaisy//build\libdaisy.a(adc.o) (HAL_ADCEx_Calibration_Start)
../../libDaisy//build\libdaisy.a(stm32h7xx_hal_cortex.o)
                              ../../libDaisy//build\libdaisy.a(stm32h7xx_hal.o) (HAL_NVIC_SetPriorityGrouping)
../../libDaisy//build\libdaisy.a(stm32h7xx_hal_dma.o)
                              ../../libDaisy//build\libdaisy.a(adc.o) (HAL_DMA_Init)
../../libDaisy//build\libdaisy.a(stm32h7xx_hal_gpio.o)
                              ../../libDaisy//build\libdaisy.a(sdram.o) (HAL_GPIO_Init)
../../libDaisy//build\libdaisy.a(stm32h7xx_hal_hcd.o)
                              ../../libDaisy//build\libdaisy.a(usbh_conf.o) (HAL_HCD_HC_Init)
../../libDaisy//build\libdaisy.a(stm32h7xx_hal_i2c.o)
                              ../../libDaisy//build\libdaisy.a(i2c.o) (HAL_I2C_Init)
../../libDaisy//build\libdaisy.a(stm32h7xx_hal_i2c_ex.o)
                              ../../libDaisy//build\libdaisy.a(i2c.o) (HAL_I2CEx_ConfigAnalogFilter)
[...]
Memory Configuration

Name             Origin             Length             Attributes
FLASH            0x08000000         0x00020000         xr
DTCMRAM          0x20000000         0x00020000         xrw
SRAM             0x24000000         0x00080000         xrw
RAM_D2           0x30000000         0x00048000         xrw
RAM_D3           0x38000000         0x00010000         xrw
ITCMRAM          0x00000000         0x00010000         xrw
SDRAM            0xc0000000         0x04000000         xrw
QSPIFLASH        0x90000000         0x00800000         xr
*default*        0x00000000         0xffffffff

Linker script and memory map

LOAD c:/program files/daisytoolchain/bin/../lib/gcc/arm-none-eabi/10.2.1/thumb/v7e-m+dp/hard/crti.o
LOAD c:/program files/daisytoolchain/bin/../lib/gcc/arm-none-eabi/10.2.1/thumb/v7e-m+dp/hard/crtbegin.o
LOAD c:/program files/daisytoolchain/bin/../lib/gcc/arm-none-eabi/10.2.1/../../../../arm-none-eabi/lib/thumb/v7e-m+dp/hard/crt0.o
LOAD build/startup_stm32h750xx.o
LOAD build/ExampleProject.o
LOAD ../../libDaisy//build\libdaisy.a
LOAD c:/program files/daisytoolchain/bin/../lib/gcc/arm-none-eabi/10.2.1/../../../../arm-none-eabi/lib/thumb/v7e-m+dp/hard\libnosys.a
LOAD ../../DaisySP//build\libdaisysp.a
LOAD c:/program files/daisytoolchain/bin/../lib/gcc/arm-none-eabi/10.2.1/../../../../arm-none-eabi/lib/thumb/v7e-m+dp/hard\libstdc++_nano.a
LOAD c:/program files/daisytoolchain/bin/../lib/gcc/arm-none-eabi/10.2.1/../../../../arm-none-eabi/lib/thumb/v7e-m+dp/hard\libm.a
LOAD c:/program files/daisytoolchain/bin/../lib/gcc/arm-none-eabi/10.2.1/../../../../arm-none-eabi/lib/thumb/v7e-m+dp/hard\libc_nano.a
START GROUP
LOAD c:/program files/daisytoolchain/bin/../lib/gcc/arm-none-eabi/10.2.1/thumb/v7e-m+dp/hard\libgcc.a
LOAD c:/program files/daisytoolchain/bin/../lib/gcc/arm-none-eabi/10.2.1/../../../../arm-none-eabi/lib/thumb/v7e-m+dp/hard\libc_nano.a
END GROUP
START GROUP
LOAD c:/program files/daisytoolchain/bin/../lib/gcc/arm-none-eabi/10.2.1/thumb/v7e-m+dp/hard\libgcc.a
LOAD c:/program files/daisytoolchain/bin/../lib/gcc/arm-none-eabi/10.2.1/../../../../arm-none-eabi/lib/thumb/v7e-m+dp/hard\libc_nano.a
LOAD c:/program files/daisytoolchain/bin/../lib/gcc/arm-none-eabi/10.2.1/../../../../arm-none-eabi/lib/thumb/v7e-m+dp/hard\libnosys.a
END GROUP
START GROUP
LOAD c:/program files/daisytoolchain/bin/../lib/gcc/arm-none-eabi/10.2.1/thumb/v7e-m+dp/hard\libgcc.a
LOAD c:/program files/daisytoolchain/bin/../lib/gcc/arm-none-eabi/10.2.1/../../../../arm-none-eabi/lib/thumb/v7e-m+dp/hard\libc_nano.a
LOAD c:/program files/daisytoolchain/bin/../lib/gcc/arm-none-eabi/10.2.1/../../../../arm-none-eabi/lib/thumb/v7e-m+dp/hard\libnosys.a
END GROUP
LOAD c:/program files/daisytoolchain/bin/../lib/gcc/arm-none-eabi/10.2.1/thumb/v7e-m+dp/hard/crtend.o
LOAD c:/program files/daisytoolchain/bin/../lib/gcc/arm-none-eabi/10.2.1/thumb/v7e-m+dp/hard/crtn.o
                0x20020000                _estack = 0x20020000

.isr_vector     0x08000000      0x298
                0x08000000                . = ALIGN (0x4)
 *(.isr_vector)
 .isr_vector    0x08000000      0x298 build/startup_stm32h750xx.o
                0x08000000                g_pfnVectors
                0x08000298                . = ALIGN (0x4)

.text           0x08000298    0x10ef0
                0x08000298                . = ALIGN (0x4)
                0x08000298                _stext = .
 *(.text)
 .text          0x08000298       0x40 c:/program files/daisytoolchain/bin/../lib/gcc/arm-none-eabi/10.2.1/thumb/v7e-m+dp/hard/crtbegin.o
 .text          0x080002d8       0x30 c:/program files/daisytoolchain/bin/../lib/gcc/arm-none-eabi/10.2.1/thumb/v7e-m+dp/hard\libgcc.a(_aeabi_uldivmod.o)
                0x080002d8                __aeabi_uldivmod
 .text          0x08000308      0x2d0 c:/program files/daisytoolchain/bin/../lib/gcc/arm-none-eabi/10.2.1/thumb/v7e-m+dp/hard\libgcc.a(_udivmoddi4.o)
                0x08000308                __udivmoddi4
 .text          0x080005d8        0x4 c:/program files/daisytoolchain/bin/../lib/gcc/arm-none-eabi/10.2.1/thumb/v7e-m+dp/hard\libgcc.a(_dvmd_tls.o)
                0x080005d8                __aeabi_idiv0
                0x080005d8                __aeabi_ldiv0
 *(.text*)
 .text.Default_Handler
                0x080005dc        0x4 build/startup_stm32h750xx.o
                0x080005dc                RTC_Alarm_IRQHandler
                0x080005dc                HASH_RNG_IRQHandler
                0x080005dc                EXTI2_IRQHandler
                0x080005dc                TIM8_CC_IRQHandler
                0x080005dc                HRTIM1_Master_IRQHandler
                0x080005dc                DebugMon_Handler
                0x080005dc                TIM1_CC_IRQHandler
                0x080005dc                BDMA_Channel6_IRQHandler
                0x080005dc                DMA2_Stream5_IRQHandler
                0x080005dc                HRTIM1_FLT_IRQHandler
                0x080005dc                JPEG_IRQHandler
                0x080005dc                BDMA_Channel1_IRQHandler
                0x080005dc                HRTIM1_TIMD_IRQHandler
                0x080005dc                TAMP_STAMP_IRQHandler
                0x080005dc                PendSV_Handler
                0x080005dc                NMI_Handler
                0x080005dc                EXTI3_IRQHandler
                0x080005dc                LPTIM4_IRQHandler
                0x080005dc                TIM8_TRG_COM_TIM14_IRQHandler
                0x080005dc                LPTIM2_IRQHandler
                0x080005dc                DFSDM1_FLT1_IRQHandler
                0x080005dc                DMAMUX2_OVR_IRQHandler
                0x080005dc                TIM8_UP_TIM13_IRQHandler
                0x080005dc                I2C3_ER_IRQHandler
                0x080005dc                DFSDM1_FLT2_IRQHandler
                0x080005dc                MDMA_IRQHandler
                0x080005dc                LPTIM3_IRQHandler
                0x080005dc                HSEM1_IRQHandler
                0x080005dc                EXTI0_IRQHandler
                0x080005dc                FPU_IRQHandler
                0x080005dc                OTG_HS_WKUP_IRQHandler
                0x080005dc                FDCAN1_IT1_IRQHandler
                0x080005dc                UsageFault_Handler
                0x080005dc                LTDC_ER_IRQHandler
                0x080005dc                HRTIM1_TIME_IRQHandler
                0x080005dc                TIM6_DAC_IRQHandler
                0x080005dc                DCMI_IRQHandler
                0x080005dc                HRTIM1_TIMC_IRQHandler
                0x080005dc                SAI2_IRQHandler
                0x080005dc                DFSDM1_FLT3_IRQHandler
                0x080005dc                TIM17_IRQHandler
                0x080005dc                CRYP_IRQHandler
                0x080005dc                BDMA_Channel7_IRQHandler
                0x080005dc                LPTIM5_IRQHandler
                0x080005dc                ADC3_IRQHandler
                0x080005dc                DMA2_Stream0_IRQHandler
                0x080005dc                BDMA_Channel2_IRQHandler
                0x080005dc                DMAMUX1_OVR_IRQHandler
                0x080005dc                TIM16_IRQHandler
                0x080005dc                BDMA_Channel5_IRQHandler
                0x080005dc                RCC_IRQHandler
                0x080005dc                TIM8_BRK_TIM12_IRQHandler
                0x080005dc                TIM1_TRG_COM_IRQHandler
                0x080005dc                Default_Handler
                0x080005dc                ECC_IRQHandler
                0x080005dc                CEC_IRQHandler
                0x080005dc                EXTI15_10_IRQHandler
                0x080005dc                BDMA_Channel0_IRQHandler
                0x080005dc                ADC_IRQHandler
                0x080005dc                DMA1_Stream7_IRQHandler
                0x080005dc                HRTIM1_TIMA_IRQHandler
                0x080005dc                TIM7_IRQHandler
                0x080005dc                SDMMC1_IRQHandler
                0x080005dc                DMA2_Stream7_IRQHandler
                0x080005dc                TIM15_IRQHandler
                0x080005dc                PVD_AVD_IRQHandler
                0x080005dc                EXTI9_5_IRQHandler
                0x080005dc                RTC_WKUP_IRQHandler
                0x080005dc                LTDC_IRQHandler
                0x080005dc                SAI3_IRQHandler
                0x080005dc                ETH_WKUP_IRQHandler
                0x080005dc                SPDIF_RX_IRQHandler
                0x080005dc                MemManage_Handler
                0x080005dc                SVC_Handler
                0x080005dc                CRS_IRQHandler
                0x080005dc                EXTI4_IRQHandler
                0x080005dc                HRTIM1_TIMB_IRQHandler
                0x080005dc                FDCAN2_IT1_IRQHandler
                0x080005dc                ETH_IRQHandler
                0x080005dc                TIM1_UP_IRQHandler
                0x080005dc                BDMA_Channel4_IRQHandler
                0x080005dc                WWDG_IRQHandler
                0x080005dc                SPI6_IRQHandler
                0x080005dc                I2C4_EV_IRQHandler
                0x080005dc                MDIOS_IRQHandler
                0x080005dc                FDCAN2_IT0_IRQHandler
                0x080005dc                FDCAN1_IT0_IRQHandler
                0x080005dc                OTG_FS_WKUP_IRQHandler
                0x080005dc                DMA2D_IRQHandler
                0x080005dc                TIM1_BRK_IRQHandler
                0x080005dc                EXTI1_IRQHandler
                0x080005dc                SDMMC2_IRQHandler
                0x080005dc                OTG_FS_EP1_OUT_IRQHandler
                0x080005dc                BDMA_Channel3_IRQHandler
                0x080005dc                MDIOS_WKUP_IRQHandler
                0x080005dc                DFSDM1_FLT0_IRQHandler
                0x080005dc                SAI4_IRQHandler
                0x080005dc                I2C2_ER_IRQHandler
                0x080005dc                DMA2_Stream1_IRQHandler
                0x080005dc                FLASH_IRQHandler
                0x080005dc                BusFault_Handler
                0x080005dc                OTG_FS_IRQHandler
                0x080005dc                WAKEUP_PIN_IRQHandler
                0x080005dc                OTG_FS_EP1_IN_IRQHandler
                0x080005dc                I2C1_ER_IRQHandler
                0x080005dc                FMC_IRQHandler
                0x080005dc                FDCAN_CAL_IRQHandler
                0x080005dc                SWPMI1_IRQHandler
                0x080005dc                COMP1_IRQHandler
                0x080005dc                LPTIM1_IRQHandler
                0x080005dc                I2C4_ER_IRQHandler
                0x080005dc                DMA2_Stream6_IRQHandler
                0x080005dc                SAI1_IRQHandler
 .text.Reset_Handler
                0x080005e0       0x44 build/startup_stm32h750xx.o
                0x080005e0                Reset_Handler
 .text._ZN5daisy8DaisyPodD2Ev
                0x08000624        0x4 build/ExampleProject.o
                0x08000624                daisy::DaisyPod::~DaisyPod()
                0x08000624                daisy::DaisyPod::~DaisyPod()
 .text._Z13AudioCallbackPKPKfPPfj
                0x08000628       0x3c build/ExampleProject.o
                0x08000628                AudioCallback(float const* const*, float**, unsigned int)
 .text.startup.main
                0x08000664       0x4c build/ExampleProject.o
                0x08000664                main
 .text.startup._GLOBAL__sub_I_hw
                0x080006b0       0x64 build/ExampleProject.o
 .text._ZN5daisy8DaisyPod7DelayMsEj
                0x08000714        0x4 ../../libDaisy//build\libdaisy.a(daisy_pod.o)
                0x08000714                daisy::DaisyPod::DelayMs(unsigned int)
 .text._ZN5daisy8DaisyPod10StartAudioEPFvPKPKfPPfjE
                0x08000718        0x4 ../../libDaisy//build\libdaisy.a(daisy_pod.o)
                0x08000718                daisy::DaisyPod::StartAudio(void (*)(float const* const*, float**, unsigned int))
 .text._ZN5daisy8DaisyPod17SetAudioBlockSizeEj
                0x0800071c       0x2c ../../libDaisy//build\libdaisy.a(daisy_pod.o)
                0x0800071c                daisy::DaisyPod::SetAudioBlockSize(unsigned int)
 .text._ZN5daisy8DaisyPod18SetAudioSampleRateENS_9SaiHandle6Config10SampleRateE
                0x08000748       0x2c ../../libDaisy//build\libdaisy.a(daisy_pod.o)
                0x08000748                daisy::DaisyPod::SetAudioSampleRate(daisy::SaiHandle::Config::SampleRate)
 .text._ZN5daisy8DaisyPod8StartAdcEv
                0x08000774        0x8 ../../libDaisy//build\libdaisy.a(daisy_pod.o)
                0x08000774                daisy::DaisyPod::StartAdc()
 .text._ZN5daisy8DaisyPod21ProcessAnalogControlsEv
                0x0800077c       0x18 ../../libDaisy//build\libdaisy.a(daisy_pod.o)
                0x0800077c                daisy::DaisyPod::ProcessAnalogControls()
 .text._ZN5daisy8DaisyPod22ProcessDigitalControlsEv
                0x08000794       0x20 ../../libDaisy//build\libdaisy.a(daisy_pod.o)
                0x08000794                daisy::DaisyPod::ProcessDigitalControls()
 .text._ZN5daisy8DaisyPod8InitLedsEv
                0x080007b4       0xac ../../libDaisy//build\libdaisy.a(daisy_pod.o)
                0x080007b4                daisy::DaisyPod::InitLeds()
 .text._ZN5daisy8DaisyPod9InitKnobsEv
                0x08000860       0x98 ../../libDaisy//build\libdaisy.a(daisy_pod.o)
                0x08000860                daisy::DaisyPod::InitKnobs()
 .text._ZN5daisy8DaisyPod4InitEb
                0x080008f8      0x118 ../../libDaisy//build\libdaisy.a(daisy_pod.o)
                0x080008f8                daisy::DaisyPod::Init(bool)
 .text._ZN5daisy9DaisySeed9ConfigureEv
                0x08000a10        0x4 ../../libDaisy//build\libdaisy.a(daisy_seed.o)
                0x08000a10                daisy::DaisySeed::Configure()
 .text._ZN5daisy9DaisySeed6GetPinEh
                0x08000a14       0x2c ../../libDaisy//build\libdaisy.a(daisy_seed.o)
                0x08000a14                daisy::DaisySeed::GetPin(unsigned char)
 .text._ZN5daisy9DaisySeed7DelayMsEj
                0x08000a40        0x8 ../../libDaisy//build\libdaisy.a(daisy_seed.o)
                0x08000a40                daisy::DaisySeed::DelayMs(unsigned int)
 .text._ZN5daisy9DaisySeed10StartAudioEPFvPKPKfPPfjE
                0x08000a48        0x8 ../../libDaisy//build\libdaisy.a(daisy_seed.o)
                0x08000a48                daisy::DaisySeed::StartAudio(void (*)(float const* const*, float**, unsigned int))
 .text._ZN5daisy9DaisySeed18SetAudioSampleRateENS_9SaiHandle6Config10SampleRateE
                0x08000a50       0x38 ../../libDaisy//build\libdaisy.a(daisy_seed.o)
                0x08000a50                daisy::DaisySeed::SetAudioSampleRate(daisy::SaiHandle::Config::SampleRate)
 .text._ZN5daisy9DaisySeed17SetAudioBlockSizeEj
                0x08000a88       0x38 ../../libDaisy//build\libdaisy.a(daisy_seed.o)
                0x08000a88                daisy::DaisySeed::SetAudioBlockSize(unsigned int)
 .text._ZNK5daisy9DaisySeed17AudioCallbackRateEv
                0x08000ac0        0x8 ../../libDaisy//build\libdaisy.a(daisy_seed.o)
                0x08000ac0                daisy::DaisySeed::AudioCallbackRate() const
 .text._ZN5daisy9DaisySeed6SetLedEb
                0x08000ac8        0x8 ../../libDaisy//build\libdaisy.a(daisy_seed.o)
                0x08000ac8                daisy::DaisySeed::SetLed(bool)
 .text._ZN5daisy9DaisySeed14ConfigureAudioEv
                0x08000ad0       0xd0 ../../libDaisy//build\libdaisy.a(daisy_seed.o)
                0x08000ad0                daisy::DaisySeed::ConfigureAudio()
 .text._ZN5daisy9DaisySeed4InitEb
                0x08000ba0       0xf0 ../../libDaisy//build\libdaisy.a(daisy_seed.o)
                0x08000ba0                daisy::DaisySeed::Init(bool)
 .text._ZN5daisy6Ak45564InitE12dsy_gpio_pin
                0x08000c90       0x44 ../../libDaisy//build\libdaisy.a(codec_ak4556.o)
                0x08000c90                daisy::Ak4556::Init(dsy_gpio_pin)
 .text._ZN5daisy6Wm873120WriteControlRegisterEht
                0x08000cd4       0x3c ../../libDaisy//build\libdaisy.a(codec_wm8731.o)
                0x08000cd4                daisy::Wm8731::WriteControlRegister(unsigned char, unsigned short)
 .text._ZN5daisy6Wm87314InitERKNS0_6ConfigENS_9I2CHandleE
                0x08000d10      0x1bc ../../libDaisy//build\libdaisy.a(codec_wm8731.o)
                0x08000d10                daisy::Wm8731::Init(daisy::Wm8731::Config const&, daisy::I2CHandle)
 .text._ZN11SdramHandle10DeviceInitEv
                0x08000ecc       0x98 ../../libDaisy//build\libdaisy.a(sdram.o)
                0x08000ecc                SdramHandle::DeviceInit()
 .text._ZN11SdramHandle4InitEv
                0x08000f64       0x7c ../../libDaisy//build\libdaisy.a(sdram.o)
                0x08000f64                SdramHandle::Init()
 .text.HAL_SDRAM_MspInit
                0x08000fe0      0x1a8 ../../libDaisy//build\libdaisy.a(sdram.o)
                0x08000fe0                HAL_SDRAM_MspInit
 .text._ZN5daisy11AudioHandle4Impl16InternalCallbackEPlS2_j
                0x08001188      0xbbc ../../libDaisy//build\libdaisy.a(audio.o)
                0x08001188                daisy::AudioHandle::Impl::InternalCallback(long*, long*, unsigned int)
 .text._ZN5daisy11AudioHandle4InitERKNS0_6ConfigENS_9SaiHandleE
                0x08001d44       0x70 ../../libDaisy//build\libdaisy.a(audio.o)
                0x08001d44                daisy::AudioHandle::Init(daisy::AudioHandle::Config const&, daisy::SaiHandle)
 .text._ZNK5daisy11AudioHandle9GetConfigEv
                0x08001db4        0x8 ../../libDaisy//build\libdaisy.a(audio.o)
                0x08001db4                daisy::AudioHandle::GetConfig() const
 .text._ZN5daisy11AudioHandle12SetBlockSizeEj
                0x08001dbc       0x1c ../../libDaisy//build\libdaisy.a(audio.o)
                0x08001dbc                daisy::AudioHandle::SetBlockSize(unsigned int)
 .text._ZN5daisy11AudioHandle13GetSampleRateEv
                0x08001dd8        0x8 ../../libDaisy//build\libdaisy.a(audio.o)
                0x08001dd8                daisy::AudioHandle::GetSampleRate()
 .text._ZN5daisy11AudioHandle13SetSampleRateENS_9SaiHandle6Config10SampleRateE
                0x08001de0       0x88 ../../libDaisy//build\libdaisy.a(audio.o)
                0x08001de0                daisy::AudioHandle::SetSampleRate(daisy::SaiHandle::Config::SampleRate)
 .text._ZN5daisy11AudioHandle5StartEPFvPKPKfPPfjE
                0x08001e68       0x44 ../../libDaisy//build\libdaisy.a(audio.o)
                0x08001e68                daisy::AudioHandle::Start(void (*)(float const* const*, float**, unsigned int))
 .text.startup._GLOBAL__sub_I__ZN5daisy11AudioHandle4Impl4InitENS0_6ConfigENS_9SaiHandleE
                0x08001eac       0x24 ../../libDaisy//build\libdaisy.a(audio.o)
 .text._ZN5daisy13AnalogControl4InitEPtfbbf
                0x08001ed0       0x64 ../../libDaisy//build\libdaisy.a(ctrl.o)
                0x08001ed0                daisy::AnalogControl::Init(unsigned short*, float, bool, bool, float)
 .text._ZN5daisy13AnalogControl7ProcessEv
                0x08001f34       0x48 ../../libDaisy//build\libdaisy.a(ctrl.o)
                0x08001f34                daisy::AnalogControl::Process()
 .text._ZN5daisy13AnalogControl13SetSampleRateEf
                0x08001f7c       0x58 ../../libDaisy//build\libdaisy.a(ctrl.o)
                0x08001f7c                daisy::AnalogControl::SetSampleRate(float)
 .text._ZN5daisy7Encoder4InitE12dsy_gpio_pinS1_S1_f
                0x08001fd4       0x60 ../../libDaisy//build\libdaisy.a(encoder.o)
                0x08001fd4                daisy::Encoder::Init(dsy_gpio_pin, dsy_gpio_pin, dsy_gpio_pin, float)
 .text._ZN5daisy7Encoder8DebounceEv
                0x08002034       0x7c ../../libDaisy//build\libdaisy.a(encoder.o)
                0x08002034                daisy::Encoder::Debounce()
 .text._ZN5daisy6RgbLed4InitE12dsy_gpio_pinS1_S1_b
                0x080020b0       0x50 ../../libDaisy//build\libdaisy.a(rgb_led.o)
                0x080020b0                daisy::RgbLed::Init(dsy_gpio_pin, dsy_gpio_pin, dsy_gpio_pin, bool)
 .text._ZN5daisy6RgbLed8SetColorENS_5ColorE
                0x08002100       0x2c ../../libDaisy//build\libdaisy.a(rgb_led.o)
                0x08002100                daisy::RgbLed::SetColor(daisy::Color)
 .text._ZN5daisy6RgbLed6UpdateEv
                0x0800212c       0x1c ../../libDaisy//build\libdaisy.a(rgb_led.o)
                0x0800212c                daisy::RgbLed::Update()
 .text._ZN5daisy6Switch4InitE12dsy_gpio_pinf
                0x08002148       0x34 ../../libDaisy//build\libdaisy.a(switch.o)
                0x08002148                daisy::Switch::Init(dsy_gpio_pin, float)
 .text._ZN5daisy6Switch8DebounceEv
                0x0800217c       0x5c ../../libDaisy//build\libdaisy.a(switch.o)
                0x0800217c                daisy::Switch::Debounce()
 .text._ZN5daisy16AdcChannelConfig10InitSingleE12dsy_gpio_pin
                0x080021d8       0x1c ../../libDaisy//build\libdaisy.a(adc.o)
                0x080021d8                daisy::AdcChannelConfig::InitSingle(dsy_gpio_pin)
 .text._ZN5daisy9AdcHandle4InitEPNS_16AdcChannelConfigEjNS0_12OverSamplingE
                0x080021f4      0x3c8 ../../libDaisy//build\libdaisy.a(adc.o)
                0x080021f4                daisy::AdcHandle::Init(daisy::AdcChannelConfig*, unsigned int, daisy::AdcHandle::OverSampling)
 .text._ZN5daisy9AdcHandle5StartEv
                0x080025bc       0x2c ../../libDaisy//build\libdaisy.a(adc.o)
                0x080025bc                daisy::AdcHandle::Start()
 .text._ZNK5daisy9AdcHandle6GetPtrEh
                0x080025e8       0x14 ../../libDaisy//build\libdaisy.a(adc.o)
                0x080025e8                daisy::AdcHandle::GetPtr(unsigned char) const
 .text.HAL_ADC_MspInit
                0x080025fc       0x98 ../../libDaisy//build\libdaisy.a(adc.o)
                0x080025fc                HAL_ADC_MspInit
 .text.DMA1_Stream2_IRQHandler
                0x08002694        0xc ../../libDaisy//build\libdaisy.a(adc.o)
                0x08002694                DMA1_Stream2_IRQHandler
 .text.HAL_ADC_ConvCpltCallback
                0x080026a0      0x148 ../../libDaisy//build\libdaisy.a(adc.o)
                0x080026a0                HAL_ADC_ConvCpltCallback
 .text.HAL_ADC_ErrorCallback
                0x080027e8        0x4 ../../libDaisy//build\libdaisy.a(adc.o)
                0x080027e8                HAL_ADC_ErrorCallback
 .text.dsy_gpio_init
                0x080027ec      0x1b8 ../../libDaisy//build\libdaisy.a(gpio.o)
                0x080027ec                dsy_gpio_init
 .text.dsy_gpio_read
                0x080029a4       0x1c ../../libDaisy//build\libdaisy.a(gpio.o)
                0x080029a4                dsy_gpio_read
 .text.dsy_gpio_write
                0x080029c0       0x24 ../../libDaisy//build\libdaisy.a(gpio.o)
                0x080029c0                dsy_gpio_write
 .text._ZN5daisy9I2CHandle4Impl8InitPinsEv
                0x080029e4       0x58 ../../libDaisy//build\libdaisy.a(i2c.o)
                0x080029e4                daisy::I2CHandle::Impl::InitPins()
 .text.HAL_I2C_MspInit
                0x08002a3c      0x1b4 ../../libDaisy//build\libdaisy.a(i2c.o)
                0x08002a3c                HAL_I2C_MspInit
 .text.dsy_i2c_global_init
                0x08002bf0       0x78 ../../libDaisy//build\libdaisy.a(i2c.o)
                0x08002bf0                dsy_i2c_global_init
 .text.DMA1_Stream6_IRQHandler
                0x08002c68       0x34 ../../libDaisy//build\libdaisy.a(i2c.o)
                0x08002c68                DMA1_Stream6_IRQHandler
 .text.I2C1_EV_IRQHandler
                0x08002c9c        0xc ../../libDaisy//build\libdaisy.a(i2c.o)
                0x08002c9c                I2C1_EV_IRQHandler
 .text.I2C2_EV_IRQHandler
                0x08002ca8        0xc ../../libDaisy//build\libdaisy.a(i2c.o)
                0x08002ca8                I2C2_EV_IRQHandler
 .text.I2C3_EV_IRQHandler
                0x08002cb4        0xc ../../libDaisy//build\libdaisy.a(i2c.o)
                0x08002cb4                I2C3_EV_IRQHandler
 .text._ZN5daisy9I2CHandle4InitERKNS0_6ConfigE
                0x08002cc0      0x12c ../../libDaisy//build\libdaisy.a(i2c.o)
                0x08002cc0                daisy::I2CHandle::Init(daisy::I2CHandle::Config const&)
 .text._ZN5daisy9I2CHandle16TransmitBlockingEtPhtm
                0x08002dec       0x50 ../../libDaisy//build\libdaisy.a(i2c.o)
                0x08002dec                daisy::I2CHandle::TransmitBlocking(unsigned short, unsigned char*, unsigned short, unsigned long)
 .text.startup._GLOBAL__sub_I__ZN5daisy9I2CHandle4Impl10GlobalInitEv
                0x08002e3c       0x18 ../../libDaisy//build\libdaisy.a(i2c.o)
 .text._ZN5daisy10QSPIHandle4Impl11WriteEnableEv
                0x08002e54       0x8c ../../libDaisy//build\libdaisy.a(qspi.o)
                0x08002e54                daisy::QSPIHandle::Impl::WriteEnable()
 .text._ZN5daisy10QSPIHandle4Impl17DummyCyclesConfigENS0_6Config6DeviceE
                0x08002ee0      0x118 ../../libDaisy//build\libdaisy.a(qspi.o)
                0x08002ee0                daisy::QSPIHandle::Impl::DummyCyclesConfig(daisy::QSPIHandle::Config::Device)
 .text._ZN5daisy10QSPIHandle4Impl10QuadEnableEv
                0x08002ff8      0x158 ../../libDaisy//build\libdaisy.a(qspi.o)
                0x08002ff8                daisy::QSPIHandle::Impl::QuadEnable()
 .text._ZN5daisy10QSPIHandle4InitERKNS0_6ConfigE
                0x08003150      0x198 ../../libDaisy//build\libdaisy.a(qspi.o)
                0x08003150                daisy::QSPIHandle::Init(daisy::QSPIHandle::Config const&)
 .text.HAL_QSPI_MspInit
                0x080032e8      0x11c ../../libDaisy//build\libdaisy.a(qspi.o)
                0x080032e8                HAL_QSPI_MspInit
 .text.HAL_QSPI_MspDeInit
                0x08003404       0x54 ../../libDaisy//build\libdaisy.a(qspi.o)
                0x08003404                HAL_QSPI_MspDeInit
 .text.QUADSPI_IRQHandler
                0x08003458        0xc ../../libDaisy//build\libdaisy.a(qspi.o)
                0x08003458                QUADSPI_IRQHandler
 .text.startup._GLOBAL__sub_I__ZN5daisy10QSPIHandle4Impl4InitERKNS0_6ConfigE
                0x08003464       0x28 ../../libDaisy//build\libdaisy.a(qspi.o)
 .text._ZN5daisy9SaiHandle4Impl7InitDmaENS1_15PeripheralBlockE
                0x0800348c       0xa0 ../../libDaisy//build\libdaisy.a(sai.o)
                0x0800348c                daisy::SaiHandle::Impl::InitDma(daisy::SaiHandle::Impl::PeripheralBlock)
 .text._ZN5daisy9SaiHandle4Impl8InitPinsEv
                0x0800352c       0xa8 ../../libDaisy//build\libdaisy.a(sai.o)
                0x0800352c                daisy::SaiHandle::Impl::InitPins()
 .text.HAL_SAI_MspInit
                0x080035d4      0x164 ../../libDaisy//build\libdaisy.a(sai.o)
                0x080035d4                HAL_SAI_MspInit
 .text.DMA1_Stream0_IRQHandler
                0x08003738        0xc ../../libDaisy//build\libdaisy.a(sai.o)
                0x08003738                DMA1_Stream0_IRQHandler
 .text.DMA1_Stream1_IRQHandler
                0x08003744        0xc ../../libDaisy//build\libdaisy.a(sai.o)
                0x08003744                DMA1_Stream1_IRQHandler
 .text.DMA1_Stream3_IRQHandler
                0x08003750        0xc ../../libDaisy//build\libdaisy.a(sai.o)
                0x08003750                DMA1_Stream3_IRQHandler
 .text.DMA1_Stream4_IRQHandler
                0x0800375c        0xc ../../libDaisy//build\libdaisy.a(sai.o)
                0x0800375c                DMA1_Stream4_IRQHandler
 .text.HAL_SAI_RxHalfCpltCallback
                0x08003768       0x78 ../../libDaisy//build\libdaisy.a(sai.o)
                0x08003768                HAL_SAI_RxHalfCpltCallback
 .text.HAL_SAI_RxCpltCallback
                0x080037e0       0x70 ../../libDaisy//build\libdaisy.a(sai.o)
                0x080037e0                HAL_SAI_RxCpltCallback
 .text._ZN5daisy9SaiHandle4InitERKNS0_6ConfigE
                0x08003850      0x1f0 ../../libDaisy//build\libdaisy.a(sai.o)
                0x08003850                daisy::SaiHandle::Init(daisy::SaiHandle::Config const&)
 .text._ZNK5daisy9SaiHandle9GetConfigEv
                0x08003a40        0x4 ../../libDaisy//build\libdaisy.a(sai.o)
                0x08003a40                daisy::SaiHandle::GetConfig() const
 .text._ZN5daisy9SaiHandle8StartDmaEPlS1_jPFvS1_S1_jE
                0x08003a44       0xbc ../../libDaisy//build\libdaisy.a(sai.o)
                0x08003a44                daisy::SaiHandle::StartDma(long*, long*, unsigned int, void (*)(long*, long*, unsigned int))
 .text._ZN5daisy9SaiHandle13GetSampleRateEv
                0x08003b00       0x24 ../../libDaisy//build\libdaisy.a(sai.o)
                0x08003b00                daisy::SaiHandle::GetSampleRate()
 .text._ZNK5daisy9SaiHandle9GetOffsetEv
                0x08003b24        0x8 ../../libDaisy//build\libdaisy.a(sai.o)
                0x08003b24                daisy::SaiHandle::GetOffset() const
 .text._ZN5daisy11UartHandler4Impl7InitDmaEbb
                0x08003b2c      0x164 ../../libDaisy//build\libdaisy.a(uart.o)
                0x08003b2c                daisy::UartHandler::Impl::InitDma(bool, bool)
 .text._ZN5daisy11UartHandler4Impl10HandleFifoEv
                0x08003c90       0xec ../../libDaisy//build\libdaisy.a(uart.o)
                0x08003c90                daisy::UartHandler::Impl::HandleFifo()
 .text._ZN5daisy11UartHandler4Impl10StartDmaTxEPhjPFvPvEPFvS3_NS0_6ResultEES3_
                0x08003d7c       0xcc ../../libDaisy//build\libdaisy.a(uart.o)
                0x08003d7c                daisy::UartHandler::Impl::StartDmaTx(unsigned char*, unsigned int, void (*)(void*), void (*)(void*, daisy::UartHandler::Result), void*)
 .text._ZN5daisy11UartHandler4Impl10StartDmaRxEPhjPFvPvEPFvS3_NS0_6ResultEES3_
                0x08003e48       0xcc ../../libDaisy//build\libdaisy.a(uart.o)
                0x08003e48                daisy::UartHandler::Impl::StartDmaRx(unsigned char*, unsigned int, void (*)(void*), void (*)(void*, daisy::UartHandler::Result), void*)
 .text._ZN5daisy11UartHandler4Impl19DmaTransferFinishedEP20__UART_HandleTypeDefNS0_6ResultE
                0x08003f14       0xc0 ../../libDaisy//build\libdaisy.a(uart.o)
                0x08003f14                daisy::UartHandler::Impl::DmaTransferFinished(__UART_HandleTypeDef*, daisy::UartHandler::Result)
 .text._ZN5daisy11UartHandler4Impl8InitPinsEv
                0x08003fd4      0x150 ../../libDaisy//build\libdaisy.a(uart.o)
                0x08003fd4                daisy::UartHandler::Impl::InitPins()
 .text.HAL_UART_MspInit
                0x08004124      0x210 ../../libDaisy//build\libdaisy.a(uart.o)
                0x08004124                HAL_UART_MspInit
 .text.dsy_uart_global_init
                0x08004334      0x110 ../../libDaisy//build\libdaisy.a(uart.o)
                0x08004334                dsy_uart_global_init
 .text.USART1_IRQHandler
                0x08004444       0x30 ../../libDaisy//build\libdaisy.a(uart.o)
                0x08004444                USART1_IRQHandler
 .text.USART2_IRQHandler
                0x08004474       0x34 ../../libDaisy//build\libdaisy.a(uart.o)
                0x08004474                USART2_IRQHandler
 .text.USART3_IRQHandler
                0x080044a8       0x34 ../../libDaisy//build\libdaisy.a(uart.o)
                0x080044a8                USART3_IRQHandler
 .text.UART4_IRQHandler
                0x080044dc       0x34 ../../libDaisy//build\libdaisy.a(uart.o)
                0x080044dc                UART4_IRQHandler
 .text.UART5_IRQHandler
                0x08004510       0x34 ../../libDaisy//build\libdaisy.a(uart.o)
                0x08004510                UART5_IRQHandler
 .text.USART6_IRQHandler
                0x08004544       0x34 ../../libDaisy//build\libdaisy.a(uart.o)
                0x08004544                USART6_IRQHandler
 .text.UART7_IRQHandler
                0x08004578       0x30 ../../libDaisy//build\libdaisy.a(uart.o)
                0x08004578                UART7_IRQHandler
 .text.UART8_IRQHandler
                0x080045a8       0x34 ../../libDaisy//build\libdaisy.a(uart.o)
                0x080045a8                UART8_IRQHandler
 .text.LPUART1_IRQHandler
                0x080045dc       0x34 ../../libDaisy//build\libdaisy.a(uart.o)
                0x080045dc                LPUART1_IRQHandler
 .text.DMA1_Stream5_IRQHandler
                0x08004610       0x34 ../../libDaisy//build\libdaisy.a(uart.o)
                0x08004610                DMA1_Stream5_IRQHandler
 .text.DMA2_Stream4_IRQHandler
                0x08004644       0x34 ../../libDaisy//build\libdaisy.a(uart.o)
                0x08004644                DMA2_Stream4_IRQHandler
 .text.HAL_UART_TxCpltCallback
                0x08004678        0x8 ../../libDaisy//build\libdaisy.a(uart.o)
                0x08004678                HAL_UART_TxCpltCallback
 .text.HAL_UART_RxCpltCallback
                0x08004680        0x8 ../../libDaisy//build\libdaisy.a(uart.o)
                0x08004680                HAL_UART_RxCpltCallback
 .text.HAL_UART_ErrorCallback
                0x08004688        0x8 ../../libDaisy//build\libdaisy.a(uart.o)
                0x08004688                HAL_UART_ErrorCallback
 .text._ZN5daisy11UartHandler4InitERKNS0_6ConfigE
                0x08004690       0xec ../../libDaisy//build\libdaisy.a(uart.o)
                0x08004690                daisy::UartHandler::Init(daisy::UartHandler::Config const&)
 .text.startup._GLOBAL__sub_I__Z19MapInstanceToHandleP13USART_TypeDef
                0x0800477c      0x190 ../../libDaisy//build\libdaisy.a(uart.o)
 .text._ZN5daisy11TimerHandleD2Ev
                0x0800490c        0x4 ../../libDaisy//build\libdaisy.a(system.o)
                0x0800490c                daisy::TimerHandle::~TimerHandle()
                0x0800490c                daisy::TimerHandle::~TimerHandle()
 .text.SysTick_Handler
                0x08004910       0x10 ../../libDaisy//build\libdaisy.a(system.o)
                0x08004910                SysTick_Handler
 .text.OTG_HS_EP1_OUT_IRQHandler
                0x08004920       0x24 ../../libDaisy//build\libdaisy.a(system.o)
                0x08004920                OTG_HS_EP1_OUT_IRQHandler
 .text.OTG_HS_EP1_IN_IRQHandler
                0x08004944       0x24 ../../libDaisy//build\libdaisy.a(system.o)
                0x08004944                OTG_HS_EP1_IN_IRQHandler
 .text.OTG_HS_IRQHandler
                0x08004968       0x24 ../../libDaisy//build\libdaisy.a(system.o)
                0x08004968                OTG_HS_IRQHandler
 .text.HardFault_Handler
                0x0800498c       0xe0 ../../libDaisy//build\libdaisy.a(system.o)
                0x0800498c                HardFault_Handler
 .text._ZN5daisy6System6GetNowEv
                0x08004a6c        0x4 ../../libDaisy//build\libdaisy.a(system.o)
                0x08004a6c                daisy::System::GetNow()
 .text._ZN5daisy6System5DelayEm
                0x08004a70        0x4 ../../libDaisy//build\libdaisy.a(system.o)
                0x08004a70                daisy::System::Delay(unsigned long)
 .text._ZN5daisy6System15ConfigureClocksEv
                0x08004a74      0x194 ../../libDaisy//build\libdaisy.a(system.o)
                0x08004a74                daisy::System::ConfigureClocks()
 .text._ZN5daisy6System4InitERKNS0_6ConfigE
                0x08004c08      0x140 ../../libDaisy//build\libdaisy.a(system.o)
                0x08004c08                daisy::System::Init(daisy::System::Config const&)
 .text._ZN5daisy6System12GetPClk1FreqEv
                0x08004d48        0x4 ../../libDaisy//build\libdaisy.a(system.o)
                0x08004d48                daisy::System::GetPClk1Freq()
 .text._ZN5daisy6System22GetProgramMemoryRegionEv
                0x08004d4c       0x78 ../../libDaisy//build\libdaisy.a(system.o)
                0x08004d4c                daisy::System::GetProgramMemoryRegion()
 .text.startup._GLOBAL__sub_I_SysTick_Handler
                0x08004dc4       0x1c ../../libDaisy//build\libdaisy.a(system.o)
 .text.SystemInit
                0x08004de0       0x9c ../../libDaisy//build\libdaisy.a(system_stm32h7xx.o)
                0x08004de0                SystemInit
 .text.HAL_PCD_SetupStageCallback
                0x08004e7c        0xc ../../libDaisy//build\libdaisy.a(usbd_conf.o)
                0x08004e7c                HAL_PCD_SetupStageCallback
 .text.HAL_PCD_DataOutStageCallback
                0x08004e88       0x14 ../../libDaisy//build\libdaisy.a(usbd_conf.o)
                0x08004e88                HAL_PCD_DataOutStageCallback
 .text.HAL_PCD_DataInStageCallback
                0x08004e9c       0x14 ../../libDaisy//build\libdaisy.a(usbd_conf.o)
                0x08004e9c                HAL_PCD_DataInStageCallback
 .text.HAL_PCD_SOFCallback
                0x08004eb0        0x8 ../../libDaisy//build\libdaisy.a(usbd_conf.o)
                0x08004eb0                HAL_PCD_SOFCallback
 .text.HAL_PCD_ResetCallback
                0x08004eb8       0x24 ../../libDaisy//build\libdaisy.a(usbd_conf.o)
                0x08004eb8                HAL_PCD_ResetCallback
 .text.HAL_PCD_SuspendCallback
                0x08004edc       0x30 ../../libDaisy//build\libdaisy.a(usbd_conf.o)
                0x08004edc                HAL_PCD_SuspendCallback
 .text.HAL_PCD_ResumeCallback
                0x08004f0c        0x8 ../../libDaisy//build\libdaisy.a(usbd_conf.o)
                0x08004f0c                HAL_PCD_ResumeCallback
 .text.HAL_PCD_ISOOUTIncompleteCallback
                0x08004f14        0x8 ../../libDaisy//build\libdaisy.a(usbd_conf.o)
                0x08004f14                HAL_PCD_ISOOUTIncompleteCallback
 .text.HAL_PCD_ISOINIncompleteCallback
                0x08004f1c        0x8 ../../libDaisy//build\libdaisy.a(usbd_conf.o)
                0x08004f1c                HAL_PCD_ISOINIncompleteCallback
 .text.HAL_PCD_ConnectCallback
                0x08004f24        0x8 ../../libDaisy//build\libdaisy.a(usbd_conf.o)
                0x08004f24                HAL_PCD_ConnectCallback
 .text.HAL_PCD_DisconnectCallback
                0x08004f2c        0x8 ../../libDaisy//build\libdaisy.a(usbd_conf.o)
                0x08004f2c                HAL_PCD_DisconnectCallback
 .text.USBD_LL_OpenEP
                0x08004f34       0x24 ../../libDaisy//build\libdaisy.a(usbd_conf.o)
                0x08004f34                USBD_LL_OpenEP
 .text.USBD_LL_StallEP
                0x08004f58       0x1c ../../libDaisy//build\libdaisy.a(usbd_conf.o)
                0x08004f58                USBD_LL_StallEP
 .text.USBD_LL_ClearStallEP
                0x08004f74       0x1c ../../libDaisy//build\libdaisy.a(usbd_conf.o)
                0x08004f74                USBD_LL_ClearStallEP
 .text.USBD_LL_IsStallEP
                0x08004f90       0x28 ../../libDaisy//build\libdaisy.a(usbd_conf.o)
                0x08004f90                USBD_LL_IsStallEP
 .text.USBD_LL_SetUSBAddress
                0x08004fb8       0x1c ../../libDaisy//build\libdaisy.a(usbd_conf.o)
                0x08004fb8                USBD_LL_SetUSBAddress
 .text.USBD_LL_Transmit
                0x08004fd4       0x1c ../../libDaisy//build\libdaisy.a(usbd_conf.o)
                0x08004fd4                USBD_LL_Transmit
 .text.USBD_LL_PrepareReceive
                0x08004ff0       0x1c ../../libDaisy//build\libdaisy.a(usbd_conf.o)
                0x08004ff0                USBD_LL_PrepareReceive
 .text.HAL_HCD_SOF_Callback
                0x0800500c        0x8 ../../libDaisy//build\libdaisy.a(usbh_conf.o)
                0x0800500c                HAL_HCD_SOF_Callback
 .text.HAL_HCD_Connect_Callback
                0x08005014        0x8 ../../libDaisy//build\libdaisy.a(usbh_conf.o)
                0x08005014                HAL_HCD_Connect_Callback
 .text.HAL_HCD_Disconnect_Callback
                0x0800501c        0x8 ../../libDaisy//build\libdaisy.a(usbh_conf.o)
                0x0800501c                HAL_HCD_Disconnect_Callback
 .text.HAL_HCD_HC_NotifyURBChange_Callback
                0x08005024        0x4 ../../libDaisy//build\libdaisy.a(usbh_conf.o)
                0x08005024                HAL_HCD_HC_NotifyURBChange_Callback
 .text.HAL_HCD_PortEnabled_Callback
                0x08005028        0x8 ../../libDaisy//build\libdaisy.a(usbh_conf.o)
                0x08005028                HAL_HCD_PortEnabled_Callback
 .text.HAL_HCD_PortDisabled_Callback
                0x08005030        0x8 ../../libDaisy//build\libdaisy.a(usbh_conf.o)
                0x08005030                HAL_HCD_PortDisabled_Callback
 .text.USBH_LL_Stop
                0x08005038       0x1c ../../libDaisy//build\libdaisy.a(usbh_conf.o)
                0x08005038                USBH_LL_Stop
 .text._ZN5daisy5Color4InitENS0_11PresetColorE
                0x08005054       0x20 ../../libDaisy//build\libdaisy.a(color.o)
                0x08005054                daisy::Color::Init(daisy::Color::PresetColor)
 .text.dsy_hal_map_get_port
                0x08005074       0x10 ../../libDaisy//build\libdaisy.a(hal_map.o)
                0x08005074                dsy_hal_map_get_port
 .text.dsy_hal_map_get_pin
                0x08005084       0x10 ../../libDaisy//build\libdaisy.a(hal_map.o)
                0x08005084                dsy_hal_map_get_pin
 .text.dsy_hal_map_gpio_clk_enable
                0x08005094      0x150 ../../libDaisy//build\libdaisy.a(hal_map.o)
                0x08005094                dsy_hal_map_gpio_clk_enable
 .text.HAL_MspInit
                0x080051e4        0x4 ../../libDaisy//build\libdaisy.a(stm32h7xx_hal.o)
                0x080051e4                HAL_MspInit
 .text.HAL_InitTick
                0x080051e8       0x4c ../../libDaisy//build\libdaisy.a(stm32h7xx_hal.o)
                0x080051e8                HAL_InitTick
 .text.HAL_Init
                0x08005234       0x60 ../../libDaisy//build\libdaisy.a(stm32h7xx_hal.o)
                0x08005234                HAL_Init
 .text.HAL_IncTick
                0x08005294       0x18 ../../libDaisy//build\libdaisy.a(stm32h7xx_hal.o)
                0x08005294                HAL_IncTick
 .text.HAL_GetTick
                0x080052ac        0xc ../../libDaisy//build\libdaisy.a(stm32h7xx_hal.o)
                0x080052ac                HAL_GetTick
 .text.HAL_Delay
                0x080052b8       0x24 ../../libDaisy//build\libdaisy.a(stm32h7xx_hal.o)
                0x080052b8                HAL_Delay
 .text.HAL_GetREVID
                0x080052dc        0xc ../../libDaisy//build\libdaisy.a(stm32h7xx_hal.o)
                0x080052dc                HAL_GetREVID
 .text.HAL_ADC_ConvHalfCpltCallback
                0x080052e8        0x4 ../../libDaisy//build\libdaisy.a(stm32h7xx_hal_adc.o)
                0x080052e8                HAL_ADC_ConvHalfCpltCallback
 .text.ADC_DMAHalfConvCplt
                0x080052ec        0xc ../../libDaisy//build\libdaisy.a(stm32h7xx_hal_adc.o)
                0x080052ec                ADC_DMAHalfConvCplt
 .text.ADC_DMAConvCplt
                0x080052f8       0x6c ../../libDaisy//build\libdaisy.a(stm32h7xx_hal_adc.o)
                0x080052f8                ADC_DMAConvCplt
 .text.ADC_DMAError
                0x08005364       0x1c ../../libDaisy//build\libdaisy.a(stm32h7xx_hal_adc.o)
                0x08005364                ADC_DMAError
 .text.HAL_ADC_ConfigChannel
                0x08005380      0x3fc ../../libDaisy//build\libdaisy.a(stm32h7xx_hal_adc.o)
                0x08005380                HAL_ADC_ConfigChannel
 .text.ADC_Enable
                0x0800577c       0xac ../../libDaisy//build\libdaisy.a(stm32h7xx_hal_adc.o)
                0x0800577c                ADC_Enable
 .text.HAL_ADC_Start_DMA
                0x08005828      0x114 ../../libDaisy//build\libdaisy.a(stm32h7xx_hal_adc.o)
                0x08005828                HAL_ADC_Start_DMA
 .text.ADC_Disable
                0x0800593c       0x68 ../../libDaisy//build\libdaisy.a(stm32h7xx_hal_adc.o)
                0x0800593c                ADC_Disable
 .text.ADC_ConfigureBoostMode
                0x080059a4      0x184 ../../libDaisy//build\libdaisy.a(stm32h7xx_hal_adc.o)
                0x080059a4                ADC_ConfigureBoostMode
 .text.HAL_ADC_Init
                0x08005b28      0x218 ../../libDaisy//build\libdaisy.a(stm32h7xx_hal_adc.o)
                0x08005b28                HAL_ADC_Init
 .text.HAL_ADCEx_Calibration_Start
                0x08005d40       0xa4 ../../libDaisy//build\libdaisy.a(stm32h7xx_hal_adc_ex.o)
                0x08005d40                HAL_ADCEx_Calibration_Start
 .text.HAL_ADCEx_MultiModeConfigChannel
                0x08005de4       0xc4 ../../libDaisy//build\libdaisy.a(stm32h7xx_hal_adc_ex.o)
                0x08005de4                HAL_ADCEx_MultiModeConfigChannel
 .text.HAL_NVIC_SetPriorityGrouping
                0x08005ea8       0x24 ../../libDaisy//build\libdaisy.a(stm32h7xx_hal_cortex.o)
                0x08005ea8                HAL_NVIC_SetPriorityGrouping
 .text.HAL_NVIC_SetPriority
                0x08005ecc       0x7c ../../libDaisy//build\libdaisy.a(stm32h7xx_hal_cortex.o)
                0x08005ecc                HAL_NVIC_SetPriority
 .text.HAL_NVIC_EnableIRQ
                0x08005f48       0x1c ../../libDaisy//build\libdaisy.a(stm32h7xx_hal_cortex.o)
                0x08005f48                HAL_NVIC_EnableIRQ
 .text.HAL_NVIC_DisableIRQ
                0x08005f64       0x28 ../../libDaisy//build\libdaisy.a(stm32h7xx_hal_cortex.o)
                0x08005f64                HAL_NVIC_DisableIRQ
 .text.HAL_SYSTICK_Config
                0x08005f8c       0x2c ../../libDaisy//build\libdaisy.a(stm32h7xx_hal_cortex.o)
                0x08005f8c                HAL_SYSTICK_Config
 .text.HAL_MPU_Disable
                0x08005fb8       0x1c ../../libDaisy//build\libdaisy.a(stm32h7xx_hal_cortex.o)
                0x08005fb8                HAL_MPU_Disable
 .text.HAL_MPU_Enable
                0x08005fd4       0x20 ../../libDaisy//build\libdaisy.a(stm32h7xx_hal_cortex.o)
                0x08005fd4                HAL_MPU_Enable
 .text.HAL_MPU_ConfigRegion
                0x08005ff4       0x64 ../../libDaisy//build\libdaisy.a(stm32h7xx_hal_cortex.o)
                0x08005ff4                HAL_MPU_ConfigRegion
 .text.HAL_SYSTICK_Callback
                0x08006058        0x4 ../../libDaisy//build\libdaisy.a(stm32h7xx_hal_cortex.o)
                0x08006058                HAL_SYSTICK_Callback
 .text.HAL_SYSTICK_IRQHandler
                0x0800605c        0x8 ../../libDaisy//build\libdaisy.a(stm32h7xx_hal_cortex.o)
                0x0800605c                HAL_SYSTICK_IRQHandler
 .text.DMA_CalcBaseAndBitshift
                0x08006064       0xf4 ../../libDaisy//build\libdaisy.a(stm32h7xx_hal_dma.o)
 .text.DMA_CalcDMAMUXChannelBaseAndMask
                0x08006158       0xd8 ../../libDaisy//build\libdaisy.a(stm32h7xx_hal_dma.o)
 .text.HAL_DMA_Init
                0x08006230      0x37c ../../libDaisy//build\libdaisy.a(stm32h7xx_hal_dma.o)
                0x08006230                HAL_DMA_Init
 .text.HAL_DMA_Start_IT
                0x080065ac      0x240 ../../libDaisy//build\libdaisy.a(stm32h7xx_hal_dma.o)
                0x080065ac                HAL_DMA_Start_IT
 .text.HAL_DMA_Abort_IT
                0x080067ec      0x134 ../../libDaisy//build\libdaisy.a(stm32h7xx_hal_dma.o)
                0x080067ec                HAL_DMA_Abort_IT
 .text.HAL_DMA_IRQHandler
                0x08006920      0x6a0 ../../libDaisy//build\libdaisy.a(stm32h7xx_hal_dma.o)
                0x08006920                HAL_DMA_IRQHandler
 .text.HAL_DMA_GetError
                0x08006fc0        0x4 ../../libDaisy//build\libdaisy.a(stm32h7xx_hal_dma.o)
                0x08006fc0                HAL_DMA_GetError
 .text.HAL_GPIO_Init
                0x08006fc4      0x280 ../../libDaisy//build\libdaisy.a(stm32h7xx_hal_gpio.o)
                0x08006fc4                HAL_GPIO_Init
 .text.HAL_GPIO_DeInit
                0x08007244      0x190 ../../libDaisy//build\libdaisy.a(stm32h7xx_hal_gpio.o)
                0x08007244                HAL_GPIO_DeInit
 .text.HAL_GPIO_ReadPin
                0x080073d4        0xc ../../libDaisy//build\libdaisy.a(stm32h7xx_hal_gpio.o)
                0x080073d4                HAL_GPIO_ReadPin
 .text.HAL_GPIO_WritePin
                0x080073e0        0x8 ../../libDaisy//build\libdaisy.a(stm32h7xx_hal_gpio.o)
                0x080073e0                HAL_GPIO_WritePin
 .text.HAL_HCD_IRQHandler
                0x080073e8      0x780 ../../libDaisy//build\libdaisy.a(stm32h7xx_hal_hcd.o)
                0x080073e8                HAL_HCD_IRQHandler
 .text.HAL_HCD_Stop
                0x08007b68       0x28 ../../libDaisy//build\libdaisy.a(stm32h7xx_hal_hcd.o)
                0x08007b68                HAL_HCD_Stop
 .text.I2C_WaitOnTXISFlagUntilTimeout
                0x08007b90       0xb8 ../../libDaisy//build\libdaisy.a(stm32h7xx_hal_i2c.o)
 .text.I2C_WaitOnSTOPFlagUntilTimeout
                0x08007c48       0xac ../../libDaisy//build\libdaisy.a(stm32h7xx_hal_i2c.o)
 .text.HAL_I2C_Init
                0x08007cf4       0xac ../../libDaisy//build\libdaisy.a(stm32h7xx_hal_i2c.o)
                0x08007cf4                HAL_I2C_Init
 .text.HAL_I2C_Master_Transmit
                0x08007da0      0x1a8 ../../libDaisy//build\libdaisy.a(stm32h7xx_hal_i2c.o)
                0x08007da0                HAL_I2C_Master_Transmit
 .text.HAL_I2C_Slave_Transmit
                0x08007f48      0x1c8 ../../libDaisy//build\libdaisy.a(stm32h7xx_hal_i2c.o)
                0x08007f48                HAL_I2C_Slave_Transmit
 .text.HAL_I2C_EV_IRQHandler
                0x08008110       0x10 ../../libDaisy//build\libdaisy.a(stm32h7xx_hal_i2c.o)
                0x08008110                HAL_I2C_EV_IRQHandler
 .text.HAL_I2C_GetState
                0x08008120        0x8 ../../libDaisy//build\libdaisy.a(stm32h7xx_hal_i2c.o)
                0x08008120                HAL_I2C_GetState
 .text.HAL_I2CEx_ConfigAnalogFilter
                0x08008128       0x54 ../../libDaisy//build\libdaisy.a(stm32h7xx_hal_i2c_ex.o)
                0x08008128                HAL_I2CEx_ConfigAnalogFilter
 .text.HAL_I2CEx_ConfigDigitalFilter
                0x0800817c       0x58 ../../libDaisy//build\libdaisy.a(stm32h7xx_hal_i2c_ex.o)
                0x0800817c                HAL_I2CEx_ConfigDigitalFilter
 .text.HAL_PCD_IRQHandler
                0x080081d4      0x69c ../../libDaisy//build\libdaisy.a(stm32h7xx_hal_pcd.o)
                0x080081d4                HAL_PCD_IRQHandler
 .text.HAL_PCD_SetAddress
                0x08008870       0x2c ../../libDaisy//build\libdaisy.a(stm32h7xx_hal_pcd.o)
                0x08008870                HAL_PCD_SetAddress
 .text.HAL_PCD_EP_Open
                0x0800889c       0x7c ../../libDaisy//build\libdaisy.a(stm32h7xx_hal_pcd.o)
                0x0800889c                HAL_PCD_EP_Open
 .text.HAL_PCD_EP_Receive
                0x08008918       0x50 ../../libDaisy//build\libdaisy.a(stm32h7xx_hal_pcd.o)
                0x08008918                HAL_PCD_EP_Receive
 .text.HAL_PCD_EP_Transmit
                0x08008968       0x50 ../../libDaisy//build\libdaisy.a(stm32h7xx_hal_pcd.o)
                0x08008968                HAL_PCD_EP_Transmit
 .text.HAL_PCD_EP_SetStall
                0x080089b8       0x88 ../../libDaisy//build\libdaisy.a(stm32h7xx_hal_pcd.o)
                0x080089b8                HAL_PCD_EP_SetStall
 .text.HAL_PCD_EP_ClrStall
                0x08008a40       0x78 ../../libDaisy//build\libdaisy.a(stm32h7xx_hal_pcd.o)
                0x08008a40                HAL_PCD_EP_ClrStall
 .text.HAL_PCDEx_LPM_Callback
                0x08008ab8        0x4 ../../libDaisy//build\libdaisy.a(stm32h7xx_hal_pcd_ex.o)
                0x08008ab8                HAL_PCDEx_LPM_Callback
 .text.HAL_PWREx_ConfigSupply
                0x08008abc       0x4c ../../libDaisy//build\libdaisy.a(stm32h7xx_hal_pwr_ex.o)
                0x08008abc                HAL_PWREx_ConfigSupply
 .text.HAL_PWREx_EnableUSBVoltageDetector
                0x08008b08       0x10 ../../libDaisy//build\libdaisy.a(stm32h7xx_hal_pwr_ex.o)
                0x08008b08                HAL_PWREx_EnableUSBVoltageDetector
 .text.QSPI_Config
                0x08008b18      0x174 ../../libDaisy//build\libdaisy.a(stm32h7xx_hal_qspi.o)
 .text.HAL_QSPI_Init
                0x08008c8c       0xd8 ../../libDaisy//build\libdaisy.a(stm32h7xx_hal_qspi.o)
                0x08008c8c                HAL_QSPI_Init
 .text.HAL_QSPI_DeInit
                0x08008d64       0x3c ../../libDaisy//build\libdaisy.a(stm32h7xx_hal_qspi.o)
                0x08008d64                HAL_QSPI_DeInit
 .text.HAL_QSPI_Command
                0x08008da0       0xd4 ../../libDaisy//build\libdaisy.a(stm32h7xx_hal_qspi.o)
                0x08008da0                HAL_QSPI_Command
 .text.HAL_QSPI_Transmit
                0x08008e74       0xfc ../../libDaisy//build\libdaisy.a(stm32h7xx_hal_qspi.o)
                0x08008e74                HAL_QSPI_Transmit
 .text.HAL_QSPI_Receive
                0x08008f70      0x108 ../../libDaisy//build\libdaisy.a(stm32h7xx_hal_qspi.o)
                0x08008f70                HAL_QSPI_Receive
 .text.HAL_QSPI_AutoPolling
                0x08009078       0xf0 ../../libDaisy//build\libdaisy.a(stm32h7xx_hal_qspi.o)
                0x08009078                HAL_QSPI_AutoPolling
 .text.HAL_QSPI_MemoryMapped
                0x08009168       0xc0 ../../libDaisy//build\libdaisy.a(stm32h7xx_hal_qspi.o)
                0x08009168                HAL_QSPI_MemoryMapped
 .text.HAL_QSPI_ErrorCallback
                0x08009228        0x4 ../../libDaisy//build\libdaisy.a(stm32h7xx_hal_qspi.o)
                0x08009228                HAL_QSPI_ErrorCallback
 .text.QSPI_DMAAbortCplt
                0x0800922c       0x38 ../../libDaisy//build\libdaisy.a(stm32h7xx_hal_qspi.o)
 .text.HAL_QSPI_AbortCpltCallback
                0x08009264        0x4 ../../libDaisy//build\libdaisy.a(stm32h7xx_hal_qspi.o)
                0x08009264                HAL_QSPI_AbortCpltCallback
 .text.HAL_QSPI_CmdCpltCallback
                0x08009268        0x4 ../../libDaisy//build\libdaisy.a(stm32h7xx_hal_qspi.o)
                0x08009268                HAL_QSPI_CmdCpltCallback
 .text.HAL_QSPI_RxCpltCallback
                0x0800926c        0x4 ../../libDaisy//build\libdaisy.a(stm32h7xx_hal_qspi.o)
                0x0800926c                HAL_QSPI_RxCpltCallback
 .text.HAL_QSPI_TxCpltCallback
                0x08009270        0x4 ../../libDaisy//build\libdaisy.a(stm32h7xx_hal_qspi.o)
                0x08009270                HAL_QSPI_TxCpltCallback
 .text.HAL_QSPI_FifoThresholdCallback
                0x08009274        0x4 ../../libDaisy//build\libdaisy.a(stm32h7xx_hal_qspi.o)
                0x08009274                HAL_QSPI_FifoThresholdCallback
 .text.HAL_QSPI_StatusMatchCallback
                0x08009278        0x4 ../../libDaisy//build\libdaisy.a(stm32h7xx_hal_qspi.o)
                0x08009278                HAL_QSPI_StatusMatchCallback
 .text.HAL_QSPI_TimeOutCallback
                0x0800927c        0x4 ../../libDaisy//build\libdaisy.a(stm32h7xx_hal_qspi.o)
                0x0800927c                HAL_QSPI_TimeOutCallback
 .text.HAL_QSPI_IRQHandler
                0x08009280      0x210 ../../libDaisy//build\libdaisy.a(stm32h7xx_hal_qspi.o)
                0x08009280                HAL_QSPI_IRQHandler
 .text.HAL_RCC_OscConfig
                0x08009490      0x51c ../../libDaisy//build\libdaisy.a(stm32h7xx_hal_rcc.o)
                0x08009490                HAL_RCC_OscConfig
 .text.HAL_RCC_GetSysClockFreq
                0x080099ac      0x140 ../../libDaisy//build\libdaisy.a(stm32h7xx_hal_rcc.o)
                0x080099ac                HAL_RCC_GetSysClockFreq
 .text.HAL_RCC_ClockConfig
                0x08009aec      0x234 ../../libDaisy//build\libdaisy.a(stm32h7xx_hal_rcc.o)
                0x08009aec                HAL_RCC_ClockConfig
 .text.HAL_RCC_GetHCLKFreq
                0x08009d20       0x2c ../../libDaisy//build\libdaisy.a(stm32h7xx_hal_rcc.o)
                0x08009d20                HAL_RCC_GetHCLKFreq
 .text.HAL_RCC_GetPCLK1Freq
                0x08009d4c       0x38 ../../libDaisy//build\libdaisy.a(stm32h7xx_hal_rcc.o)
                0x08009d4c                HAL_RCC_GetPCLK1Freq
 .text.HAL_RCC_GetPCLK2Freq
                0x08009d84       0x38 ../../libDaisy//build\libdaisy.a(stm32h7xx_hal_rcc.o)
                0x08009d84                HAL_RCC_GetPCLK2Freq
 .text.RCCEx_PLL2_Config
                0x08009dbc       0xf4 ../../libDaisy//build\libdaisy.a(stm32h7xx_hal_rcc_ex.o)
 .text.RCCEx_PLL3_Config
                0x08009eb0       0xf4 ../../libDaisy//build\libdaisy.a(stm32h7xx_hal_rcc_ex.o)
 .text.HAL_RCCEx_PeriphCLKConfig
                0x08009fa4      0xa7c ../../libDaisy//build\libdaisy.a(stm32h7xx_hal_rcc_ex.o)
                0x08009fa4                HAL_RCCEx_PeriphCLKConfig
 .text.HAL_RCCEx_GetD3PCLK1Freq
                0x0800aa20       0x24 ../../libDaisy//build\libdaisy.a(stm32h7xx_hal_rcc_ex.o)
                0x0800aa20                HAL_RCCEx_GetD3PCLK1Freq
 .text.HAL_RCCEx_GetPLL2ClockFreq
                0x0800aa44      0x17c ../../libDaisy//build\libdaisy.a(stm32h7xx_hal_rcc_ex.o)
                0x0800aa44                HAL_RCCEx_GetPLL2ClockFreq
 .text.HAL_RCCEx_GetPLL3ClockFreq
                0x0800abc0      0x17c ../../libDaisy//build\libdaisy.a(stm32h7xx_hal_rcc_ex.o)
                0x0800abc0                HAL_RCCEx_GetPLL3ClockFreq
 .text.HAL_RCCEx_GetPLL1ClockFreq
                0x0800ad3c      0x17c ../../libDaisy//build\libdaisy.a(stm32h7xx_hal_rcc_ex.o)
                0x0800ad3c                HAL_RCCEx_GetPLL1ClockFreq
 .text.HAL_RCCEx_GetPeriphCLKFreq
                0x0800aeb8      0x198 ../../libDaisy//build\libdaisy.a(stm32h7xx_hal_rcc_ex.o)
                0x0800aeb8                HAL_RCCEx_GetPeriphCLKFreq
 .text.HAL_RCCEx_GetD1SysClockFreq
                0x0800b050       0x2c ../../libDaisy//build\libdaisy.a(stm32h7xx_hal_rcc_ex.o)
                0x0800b050                HAL_RCCEx_GetD1SysClockFreq
 .text.HAL_SAI_Init.part.0
                0x0800b07c      0x348 ../../libDaisy//build\libdaisy.a(stm32h7xx_hal_sai.o)
 .text.HAL_SAI_InitProtocol
                0x0800b3c4      0x178 ../../libDaisy//build\libdaisy.a(stm32h7xx_hal_sai.o)
                0x0800b3c4                HAL_SAI_InitProtocol
 .text.HAL_SAI_Transmit_DMA
                0x0800b53c      0x124 ../../libDaisy//build\libdaisy.a(stm32h7xx_hal_sai.o)
                0x0800b53c                HAL_SAI_Transmit_DMA
 .text.HAL_SAI_Receive_DMA
                0x0800b660       0xd0 ../../libDaisy//build\libdaisy.a(stm32h7xx_hal_sai.o)
                0x0800b660                HAL_SAI_Receive_DMA
 .text.HAL_SAI_TxCpltCallback
                0x0800b730        0x4 ../../libDaisy//build\libdaisy.a(stm32h7xx_hal_sai.o)
                0x0800b730                HAL_SAI_TxCpltCallback
 .text.SAI_DMATxCplt
                0x0800b734       0x64 ../../libDaisy//build\libdaisy.a(stm32h7xx_hal_sai.o)
 .text.HAL_SAI_TxHalfCpltCallback
                0x0800b798        0x4 ../../libDaisy//build\libdaisy.a(stm32h7xx_hal_sai.o)
                0x0800b798                HAL_SAI_TxHalfCpltCallback
 .text.SAI_DMATxHalfCplt
                0x0800b79c        0xc ../../libDaisy//build\libdaisy.a(stm32h7xx_hal_sai.o)
 .text.SAI_DMARxCplt
                0x0800b7a8       0x64 ../../libDaisy//build\libdaisy.a(stm32h7xx_hal_sai.o)
 .text.SAI_DMARxHalfCplt
                0x0800b80c        0xc ../../libDaisy//build\libdaisy.a(stm32h7xx_hal_sai.o)
 .text.HAL_SAI_ErrorCallback
                0x0800b818        0x4 ../../libDaisy//build\libdaisy.a(stm32h7xx_hal_sai.o)
                0x0800b818                HAL_SAI_ErrorCallback
 .text.SAI_DMAError
                0x0800b81c       0x6c ../../libDaisy//build\libdaisy.a(stm32h7xx_hal_sai.o)
 .text.HAL_SDRAM_Init
                0x0800b888       0x54 ../../libDaisy//build\libdaisy.a(stm32h7xx_hal_sdram.o)
                0x0800b888                HAL_SDRAM_Init
 .text.HAL_SDRAM_SendCommand
                0x0800b8dc       0x40 ../../libDaisy//build\libdaisy.a(stm32h7xx_hal_sdram.o)
                0x0800b8dc                HAL_SDRAM_SendCommand
 .text.HAL_SDRAM_ProgramRefreshRate
                0x0800b91c       0x30 ../../libDaisy//build\libdaisy.a(stm32h7xx_hal_sdram.o)
                0x0800b91c                HAL_SDRAM_ProgramRefreshRate
 .text.HAL_UART_Transmit_DMA
                0x0800b94c       0xa4 ../../libDaisy//build\libdaisy.a(stm32h7xx_hal_uart.o)
                0x0800b94c                HAL_UART_Transmit_DMA
 .text.HAL_UART_Receive_DMA
                0x0800b9f0       0xac ../../libDaisy//build\libdaisy.a(stm32h7xx_hal_uart.o)
                0x0800b9f0                HAL_UART_Receive_DMA
 .text.UART_DMATransmitCplt
                0x0800ba9c       0x2c ../../libDaisy//build\libdaisy.a(stm32h7xx_hal_uart.o)
 .text.HAL_UART_TxHalfCpltCallback
                0x0800bac8        0x4 ../../libDaisy//build\libdaisy.a(stm32h7xx_hal_uart.o)
                0x0800bac8                HAL_UART_TxHalfCpltCallback
 .text.UART_DMATxHalfCplt
                0x0800bacc        0xc ../../libDaisy//build\libdaisy.a(stm32h7xx_hal_uart.o)
 .text.UART_DMAReceiveCplt
                0x0800bad8       0x38 ../../libDaisy//build\libdaisy.a(stm32h7xx_hal_uart.o)
 .text.HAL_UART_RxHalfCpltCallback
                0x0800bb10        0x4 ../../libDaisy//build\libdaisy.a(stm32h7xx_hal_uart.o)
                0x0800bb10                HAL_UART_RxHalfCpltCallback
 .text.UART_DMARxHalfCplt
                0x0800bb14        0xc ../../libDaisy//build\libdaisy.a(stm32h7xx_hal_uart.o)
 .text.UART_DMAError
                0x0800bb20       0x78 ../../libDaisy//build\libdaisy.a(stm32h7xx_hal_uart.o)
 .text.HAL_UART_IRQHandler
                0x0800bb98      0x1d0 ../../libDaisy//build\libdaisy.a(stm32h7xx_hal_uart.o)
                0x0800bb98                HAL_UART_IRQHandler
 .text.UART_DMAAbortOnError
                0x0800bd68       0x14 ../../libDaisy//build\libdaisy.a(stm32h7xx_hal_uart.o)
 .text.HAL_UART_GetState
                0x0800bd7c        0xc ../../libDaisy//build\libdaisy.a(stm32h7xx_hal_uart.o)
                0x0800bd7c                HAL_UART_GetState
 .text.UART_SetConfig
                0x0800bd88     0x14b8 ../../libDaisy//build\libdaisy.a(stm32h7xx_hal_uart.o)
                0x0800bd88                UART_SetConfig
 .text.UART_AdvFeatureConfig
                0x0800d240       0xb0 ../../libDaisy//build\libdaisy.a(stm32h7xx_hal_uart.o)
                0x0800d240                UART_AdvFeatureConfig
 .text.UART_CheckIdleState
                0x0800d2f0       0x84 ../../libDaisy//build\libdaisy.a(stm32h7xx_hal_uart.o)
                0x0800d2f0                UART_CheckIdleState
 .text.HAL_UART_Init
                0x0800d374       0x68 ../../libDaisy//build\libdaisy.a(stm32h7xx_hal_uart.o)
                0x0800d374                HAL_UART_Init
 .text.HAL_UARTEx_WakeupCallback
                0x0800d3dc        0x4 ../../libDaisy//build\libdaisy.a(stm32h7xx_hal_uart_ex.o)
                0x0800d3dc                HAL_UARTEx_WakeupCallback
 .text.HAL_UARTEx_RxFifoFullCallback
                0x0800d3e0        0x4 ../../libDaisy//build\libdaisy.a(stm32h7xx_hal_uart_ex.o)
                0x0800d3e0                HAL_UARTEx_RxFifoFullCallback
 .text.HAL_UARTEx_TxFifoEmptyCallback
                0x0800d3e4        0x4 ../../libDaisy//build\libdaisy.a(stm32h7xx_hal_uart_ex.o)
                0x0800d3e4                HAL_UARTEx_TxFifoEmptyCallback
 .text.HAL_UARTEx_DisableFifoMode
                0x0800d3e8       0x3c ../../libDaisy//build\libdaisy.a(stm32h7xx_hal_uart_ex.o)
                0x0800d3e8                HAL_UARTEx_DisableFifoMode
 .text.HAL_UARTEx_SetTxFifoThreshold
                0x0800d424       0x9c ../../libDaisy//build\libdaisy.a(stm32h7xx_hal_uart_ex.o)
                0x0800d424                HAL_UARTEx_SetTxFifoThreshold
 .text.HAL_UARTEx_SetRxFifoThreshold
                0x0800d4c0       0x9c ../../libDaisy//build\libdaisy.a(stm32h7xx_hal_uart_ex.o)
                0x0800d4c0                HAL_UARTEx_SetRxFifoThreshold
 .text.FMC_SDRAM_Init
                0x0800d55c       0x7c ../../libDaisy//build\libdaisy.a(stm32h7xx_ll_fmc.o)
                0x0800d55c                FMC_SDRAM_Init
 .text.FMC_SDRAM_Timing_Init
                0x0800d5d8       0x98 ../../libDaisy//build\libdaisy.a(stm32h7xx_ll_fmc.o)
                0x0800d5d8                FMC_SDRAM_Timing_Init
 .text.FMC_SDRAM_SendCommand
                0x0800d670       0x28 ../../libDaisy//build\libdaisy.a(stm32h7xx_ll_fmc.o)
                0x0800d670                FMC_SDRAM_SendCommand
 .text.FMC_SDRAM_ProgramRefreshRate
                0x0800d698       0x1c ../../libDaisy//build\libdaisy.a(stm32h7xx_ll_fmc.o)
                0x0800d698                FMC_SDRAM_ProgramRefreshRate
 .text.USB_SetTurnaroundTime
                0x0800d6b4      0x104 ../../libDaisy//build\libdaisy.a(stm32h7xx_ll_usb.o)
                0x0800d6b4                USB_SetTurnaroundTime
 .text.USB_FlushTxFifo
                0x0800d7b8       0x34 ../../libDaisy//build\libdaisy.a(stm32h7xx_ll_usb.o)
                0x0800d7b8                USB_FlushTxFifo
 .text.USB_GetDevSpeed
                0x0800d7ec       0x24 ../../libDaisy//build\libdaisy.a(stm32h7xx_ll_usb.o)
                0x0800d7ec                USB_GetDevSpeed
 .text.USB_ActivateEndpoint
                0x0800d810       0x90 ../../libDaisy//build\libdaisy.a(stm32h7xx_ll_usb.o)
                0x0800d810                USB_ActivateEndpoint
 .text.USB_EPStartXfer
                0x0800d8a0      0x230 ../../libDaisy//build\libdaisy.a(stm32h7xx_ll_usb.o)
                0x0800d8a0                USB_EPStartXfer
 .text.USB_EP0StartXfer
                0x0800dad0      0x174 ../../libDaisy//build\libdaisy.a(stm32h7xx_ll_usb.o)
                0x0800dad0                USB_EP0StartXfer
 .text.USB_WritePacket
                0x0800dc44       0x2c ../../libDaisy//build\libdaisy.a(stm32h7xx_ll_usb.o)
                0x0800dc44                USB_WritePacket
 .text.USB_ReadPacket
                0x0800dc70       0x20 ../../libDaisy//build\libdaisy.a(stm32h7xx_ll_usb.o)
                0x0800dc70                USB_ReadPacket
 .text.USB_EPSetStall
                0x0800dc90       0x68 ../../libDaisy//build\libdaisy.a(stm32h7xx_ll_usb.o)
                0x0800dc90                USB_EPSetStall
 .text.USB_EPClearStall
                0x0800dcf8       0x58 ../../libDaisy//build\libdaisy.a(stm32h7xx_ll_usb.o)
                0x0800dcf8                USB_EPClearStall
 .text.USB_SetDevAddress
                0x0800dd50       0x24 ../../libDaisy//build\libdaisy.a(stm32h7xx_ll_usb.o)
                0x0800dd50                USB_SetDevAddress
 .text.USB_ReadInterrupts
                0x0800dd74       0x14 ../../libDaisy//build\libdaisy.a(stm32h7xx_ll_usb.o)
                0x0800dd74                USB_ReadInterrupts
 .text.USB_ReadDevAllOutEpInterrupt
                0x0800dd88       0x1c ../../libDaisy//build\libdaisy.a(stm32h7xx_ll_usb.o)
                0x0800dd88                USB_ReadDevAllOutEpInterrupt
 .text.USB_ReadDevAllInEpInterrupt
                0x0800dda4       0x1c ../../libDaisy//build\libdaisy.a(stm32h7xx_ll_usb.o)
                0x0800dda4                USB_ReadDevAllInEpInterrupt
 .text.USB_ReadDevOutEPInterrupt
                0x0800ddc0       0x1c ../../libDaisy//build\libdaisy.a(stm32h7xx_ll_usb.o)
                0x0800ddc0                USB_ReadDevOutEPInterrupt
 .text.USB_ReadDevInEPInterrupt
                0x0800dddc       0x38 ../../libDaisy//build\libdaisy.a(stm32h7xx_ll_usb.o)
                0x0800dddc                USB_ReadDevInEPInterrupt
 .text.USB_GetMode
                0x0800de14        0x8 ../../libDaisy//build\libdaisy.a(stm32h7xx_ll_usb.o)
                0x0800de14                USB_GetMode
 .text.USB_ActivateSetup
                0x0800de1c       0x38 ../../libDaisy//build\libdaisy.a(stm32h7xx_ll_usb.o)
                0x0800de1c                USB_ActivateSetup
 .text.USB_EP0_OutStart
                0x0800de54       0x58 ../../libDaisy//build\libdaisy.a(stm32h7xx_ll_usb.o)
                0x0800de54                USB_EP0_OutStart
 .text.USB_InitFSLSPClkSel
                0x0800deac       0x44 ../../libDaisy//build\libdaisy.a(stm32h7xx_ll_usb.o)
                0x0800deac                USB_InitFSLSPClkSel
 .text.USB_HC_ReadInterrupt
                0x0800def0        0x8 ../../libDaisy//build\libdaisy.a(stm32h7xx_ll_usb.o)
                0x0800def0                USB_HC_ReadInterrupt
 .text.USB_HC_Halt
                0x0800def8       0xc0 ../../libDaisy//build\libdaisy.a(stm32h7xx_ll_usb.o)
                0x0800def8                USB_HC_Halt
 .text.USB_StopHost
                0x0800dfb8      0x2ec ../../libDaisy//build\libdaisy.a(stm32h7xx_ll_usb.o)
                0x0800dfb8                USB_StopHost
 .text.USBD_SetClassConfig
                0x0800e2a4       0x14 ../../libDaisy//build\libdaisy.a(usbd_core.o)
                0x0800e2a4                USBD_SetClassConfig
 .text.USBD_ClrClassConfig
                0x0800e2b8       0x10 ../../libDaisy//build\libdaisy.a(usbd_core.o)
                0x0800e2b8                USBD_ClrClassConfig
 .text.USBD_LL_SetupStage
                0x0800e2c8       0x5c ../../libDaisy//build\libdaisy.a(usbd_core.o)
                0x0800e2c8                USBD_LL_SetupStage
 .text.USBD_LL_DataOutStage
                0x0800e324       0x7c ../../libDaisy//build\libdaisy.a(usbd_core.o)
                0x0800e324                USBD_LL_DataOutStage
 .text.USBD_LL_DataInStage
                0x0800e3a0       0xcc ../../libDaisy//build\libdaisy.a(usbd_core.o)
                0x0800e3a0                USBD_LL_DataInStage
 .text.USBD_LL_Reset
                0x0800e46c       0x50 ../../libDaisy//build\libdaisy.a(usbd_core.o)
                0x0800e46c                USBD_LL_Reset
 .text.USBD_LL_SetSpeed
                0x0800e4bc        0x8 ../../libDaisy//build\libdaisy.a(usbd_core.o)
                0x0800e4bc                USBD_LL_SetSpeed
 .text.USBD_LL_Suspend
                0x0800e4c4       0x14 ../../libDaisy//build\libdaisy.a(usbd_core.o)
                0x0800e4c4                USBD_LL_Suspend
 .text.USBD_LL_Resume
                0x0800e4d8       0x10 ../../libDaisy//build\libdaisy.a(usbd_core.o)
                0x0800e4d8                USBD_LL_Resume
 .text.USBD_LL_SOF
                0x0800e4e8       0x1c ../../libDaisy//build\libdaisy.a(usbd_core.o)
                0x0800e4e8                USBD_LL_SOF
 .text.USBD_LL_IsoINIncomplete
                0x0800e504        0x4 ../../libDaisy//build\libdaisy.a(usbd_core.o)
                0x0800e504                USBD_LL_IsoINIncomplete
 .text.USBD_LL_IsoOUTIncomplete
                0x0800e508        0x4 ../../libDaisy//build\libdaisy.a(usbd_core.o)
                0x0800e508                USBD_LL_IsoOUTIncomplete
 .text.USBD_LL_DevConnected
                0x0800e50c        0x4 ../../libDaisy//build\libdaisy.a(usbd_core.o)
                0x0800e50c                USBD_LL_DevConnected
 .text.USBD_LL_DevDisconnected
                0x0800e510       0x18 ../../libDaisy//build\libdaisy.a(usbd_core.o)
                0x0800e510                USBD_LL_DevDisconnected
 .text.USBD_StdDevReq
                0x0800e528      0x304 ../../libDaisy//build\libdaisy.a(usbd_ctlreq.o)
                0x0800e528                USBD_StdDevReq
 .text.USBD_StdItfReq
                0x0800e82c       0x68 ../../libDaisy//build\libdaisy.a(usbd_ctlreq.o)
                0x0800e82c                USBD_StdItfReq
 .text.USBD_StdEPReq
                0x0800e894      0x13c ../../libDaisy//build\libdaisy.a(usbd_ctlreq.o)
                0x0800e894                USBD_StdEPReq
 .text.USBD_ParseSetupRequest
                0x0800e9d0       0x28 ../../libDaisy//build\libdaisy.a(usbd_ctlreq.o)
                0x0800e9d0                USBD_ParseSetupRequest
 .text.USBD_CtlSendData
                0x0800e9f8       0x1c ../../libDaisy//build\libdaisy.a(usbd_ioreq.o)
                0x0800e9f8                USBD_CtlSendData
 .text.USBD_CtlContinueSendData
                0x0800ea14       0x14 ../../libDaisy//build\libdaisy.a(usbd_ioreq.o)
                0x0800ea14                USBD_CtlContinueSendData
 .text.USBD_CtlContinueRx
                0x0800ea28       0x14 ../../libDaisy//build\libdaisy.a(usbd_ioreq.o)
                0x0800ea28                USBD_CtlContinueRx
 .text.USBD_CtlSendStatus
                0x0800ea3c       0x18 ../../libDaisy//build\libdaisy.a(usbd_ioreq.o)
                0x0800ea3c                USBD_CtlSendStatus
 .text.USBD_CtlReceiveStatus
                0x0800ea54       0x18 ../../libDaisy//build\libdaisy.a(usbd_ioreq.o)
                0x0800ea54                USBD_CtlReceiveStatus
 .text.USBH_LL_IncTimer
                0x0800ea6c       0x20 ../../libDaisy//build\libdaisy.a(usbh_core.o)
                0x0800ea6c                USBH_LL_IncTimer
 .text.USBH_LL_PortEnabled
                0x0800ea8c        0x8 ../../libDaisy//build\libdaisy.a(usbh_core.o)
                0x0800ea8c                USBH_LL_PortEnabled
 .text.USBH_LL_PortDisabled
                0x0800ea94        0x8 ../../libDaisy//build\libdaisy.a(usbh_core.o)
                0x0800ea94                USBH_LL_PortDisabled
 .text.USBH_LL_Connect
                0x0800ea9c       0x18 ../../libDaisy//build\libdaisy.a(usbh_core.o)
                0x0800ea9c                USBH_LL_Connect
 .text.USBH_LL_Disconnect
                0x0800eab4       0x2c ../../libDaisy//build\libdaisy.a(usbh_core.o)
                0x0800eab4                USBH_LL_Disconnect
 .text.USBH_FreePipe
                0x0800eae0       0x18 ../../libDaisy//build\libdaisy.a(usbh_pipes.o)
                0x0800eae0                USBH_FreePipe
 .text._ZN5daisy3Led4InitE12dsy_gpio_pinbf
                0x0800eaf8       0x48 ../../libDaisy//build\libdaisy.a(led.o)
                0x0800eaf8                daisy::Led::Init(dsy_gpio_pin, bool, float)
 .text._ZN5daisy3Led3SetEf
                0x0800eb40       0x24 ../../libDaisy//build\libdaisy.a(led.o)
                0x0800eb40                daisy::Led::Set(float)
 .text._ZN5daisy3Led6UpdateEv
                0x0800eb64       0x48 ../../libDaisy//build\libdaisy.a(led.o)
                0x0800eb64                daisy::Led::Update()
 .text._ZN5daisy6Random4InitEv
                0x0800ebac       0x3c ../../libDaisy//build\libdaisy.a(rng.o)
                0x0800ebac                daisy::Random::Init()
 .text._ZN5daisy9SpiHandle4Impl7InitDmaEv
                0x0800ebe8       0xec ../../libDaisy//build\libdaisy.a(spi.o)
                0x0800ebe8                daisy::SpiHandle::Impl::InitDma()
 .text._ZN5daisy9SpiHandle4Impl10StartDmaTxEPhjPFvPvEPFvS3_NS0_6ResultEES3_
                0x0800ecd4       0xc8 ../../libDaisy//build\libdaisy.a(spi.o)
                0x0800ecd4                daisy::SpiHandle::Impl::StartDmaTx(unsigned char*, unsigned int, void (*)(void*), void (*)(void*, daisy::SpiHandle::Result), void*)
 .text._ZN5daisy9SpiHandle4Impl10StartDmaRxEPhjPFvPvEPFvS3_NS0_6ResultEES3_
                0x0800ed9c       0xc8 ../../libDaisy//build\libdaisy.a(spi.o)
                0x0800ed9c                daisy::SpiHandle::Impl::StartDmaRx(unsigned char*, unsigned int, void (*)(void*), void (*)(void*, daisy::SpiHandle::Result), void*)
 .text._ZN5daisy9SpiHandle4Impl12StartDmaRxTxEPhS2_jPFvPvEPFvS3_NS0_6ResultEES3_
                0x0800ee64       0xcc ../../libDaisy//build\libdaisy.a(spi.o)
                0x0800ee64                daisy::SpiHandle::Impl::StartDmaRxTx(unsigned char*, unsigned char*, unsigned int, void (*)(void*), void (*)(void*, daisy::SpiHandle::Result), void*)
 .text._ZN5daisy9SpiHandle4Impl8InitPinsEv
                0x0800ef30      0x274 ../../libDaisy//build\libdaisy.a(spi.o)
                0x0800ef30                daisy::SpiHandle::Impl::InitPins()
 .text.HAL_SPI_MspInit
                0x0800f1a4      0x1a8 ../../libDaisy//build\libdaisy.a(spi.o)
                0x0800f1a4                HAL_SPI_MspInit
 .text.dsy_spi_global_init
                0x0800f34c       0x80 ../../libDaisy//build\libdaisy.a(spi.o)
                0x0800f34c                dsy_spi_global_init
 .text.SPI1_IRQHandler
                0x0800f3cc        0xc ../../libDaisy//build\libdaisy.a(spi.o)
                0x0800f3cc                SPI1_IRQHandler
 .text.SPI2_IRQHandler
                0x0800f3d8        0xc ../../libDaisy//build\libdaisy.a(spi.o)
                0x0800f3d8                SPI2_IRQHandler
 .text.SPI3_IRQHandler
                0x0800f3e4        0xc ../../libDaisy//build\libdaisy.a(spi.o)
                0x0800f3e4                SPI3_IRQHandler
 .text.SPI4_IRQHandler
                0x0800f3f0        0xc ../../libDaisy//build\libdaisy.a(spi.o)
                0x0800f3f0                SPI4_IRQHandler
 .text.SPI5_IRQHandler
                0x0800f3fc        0xc ../../libDaisy//build\libdaisy.a(spi.o)
                0x0800f3fc                SPI5_IRQHandler
 .text.DMA2_Stream2_IRQHandler
                0x0800f408       0x34 ../../libDaisy//build\libdaisy.a(spi.o)
                0x0800f408                DMA2_Stream2_IRQHandler
 .text.DMA2_Stream3_IRQHandler
                0x0800f43c       0x38 ../../libDaisy//build\libdaisy.a(spi.o)
                0x0800f43c                DMA2_Stream3_IRQHandler
 .text.HAL_SPI_TxCpltCallback
                0x0800f474       0xc4 ../../libDaisy//build\libdaisy.a(spi.o)
                0x0800f474                HAL_SPI_TxCpltCallback
 .text.HAL_SPI_RxCpltCallback
                0x0800f538       0xc4 ../../libDaisy//build\libdaisy.a(spi.o)
                0x0800f538                HAL_SPI_RxCpltCallback
 .text.HAL_SPI_TxRxCpltCallback
                0x0800f5fc       0xc4 ../../libDaisy//build\libdaisy.a(spi.o)
                0x0800f5fc                HAL_SPI_TxRxCpltCallback
 .text.HAL_SPI_ErrorCallback
                0x0800f6c0       0xc8 ../../libDaisy//build\libdaisy.a(spi.o)
                0x0800f6c0                HAL_SPI_ErrorCallback
 .text.startup._GLOBAL__sub_I__Z19MapInstanceToHandleP11SPI_TypeDef
                0x0800f788      0x1b0 ../../libDaisy//build\libdaisy.a(spi.o)
 .text.HAL_TIM_Base_MspInit
                0x0800f938      0x1e0 ../../libDaisy//build\libdaisy.a(tim.o)
                0x0800f938                HAL_TIM_Base_MspInit
 .text.HAL_TIM_PeriodElapsedCallback
                0x0800fb18       0x44 ../../libDaisy//build\libdaisy.a(tim.o)
                0x0800fb18                HAL_TIM_PeriodElapsedCallback
 .text.TIM2_IRQHandler
                0x0800fb5c        0xc ../../libDaisy//build\libdaisy.a(tim.o)
                0x0800fb5c                TIM2_IRQHandler
 .text.TIM3_IRQHandler
                0x0800fb68        0xc ../../libDaisy//build\libdaisy.a(tim.o)
                0x0800fb68                TIM3_IRQHandler
 .text.TIM4_IRQHandler
                0x0800fb74        0xc ../../libDaisy//build\libdaisy.a(tim.o)
                0x0800fb74                TIM4_IRQHandler
 .text.TIM5_IRQHandler
                0x0800fb80        0xc ../../libDaisy//build\libdaisy.a(tim.o)
                0x0800fb80                TIM5_IRQHandler
 .text._ZN5daisy11TimerHandle4InitERKNS0_6ConfigE
                0x0800fb8c       0xd0 ../../libDaisy//build\libdaisy.a(tim.o)
                0x0800fb8c                daisy::TimerHandle::Init(daisy::TimerHandle::Config const&)
 .text._ZN5daisy11TimerHandle5StartEv
                0x0800fc5c       0x24 ../../libDaisy//build\libdaisy.a(tim.o)
                0x0800fc5c                daisy::TimerHandle::Start()
 .text.startup._GLOBAL__sub_I__ZN5daisy11TimerHandle4Impl4InitERKNS0_6ConfigE
                0x0800fc80       0x38 ../../libDaisy//build\libdaisy.a(tim.o)
 .text.dsy_dma_init
                0x0800fcb8      0x100 ../../libDaisy//build\libdaisy.a(dma.o)
                0x0800fcb8                dsy_dma_init
 .text.HAL_MDMA_Abort_IT
                0x0800fdb8       0x2c ../../libDaisy//build\libdaisy.a(stm32h7xx_hal_mdma.o)
                0x0800fdb8                HAL_MDMA_Abort_IT
 .text.SPI_CloseTransfer
                0x0800fde4       0xb8 ../../libDaisy//build\libdaisy.a(stm32h7xx_hal_spi.o)
 .text.HAL_SPI_Init
                0x0800fe9c      0x15c ../../libDaisy//build\libdaisy.a(stm32h7xx_hal_spi.o)
                0x0800fe9c                HAL_SPI_Init
 .text.HAL_SPI_Transmit_DMA
                0x0800fff8      0x170 ../../libDaisy//build\libdaisy.a(stm32h7xx_hal_spi.o)
                0x0800fff8                HAL_SPI_Transmit_DMA
 .text.HAL_SPI_TransmitReceive_DMA
                0x08010168      0x218 ../../libDaisy//build\libdaisy.a(stm32h7xx_hal_spi.o)
                0x08010168                HAL_SPI_TransmitReceive_DMA
 .text.HAL_SPI_Receive_DMA
                0x08010380      0x1b4 ../../libDaisy//build\libdaisy.a(stm32h7xx_hal_spi.o)
                0x08010380                HAL_SPI_Receive_DMA
 .text.SPI_DMATransmitCplt
                0x08010534       0x28 ../../libDaisy//build\libdaisy.a(stm32h7xx_hal_spi.o)
 .text.SPI_DMAReceiveCplt
                0x0801055c       0x28 ../../libDaisy//build\libdaisy.a(stm32h7xx_hal_spi.o)
 .text.SPI_DMATransmitReceiveCplt
                0x08010584       0x28 ../../libDaisy//build\libdaisy.a(stm32h7xx_hal_spi.o)
 .text.HAL_SPI_TxHalfCpltCallback
                0x080105ac        0x4 ../../libDaisy//build\libdaisy.a(stm32h7xx_hal_spi.o)
                0x080105ac                HAL_SPI_TxHalfCpltCallback
 .text.SPI_DMAHalfTransmitCplt
                0x080105b0        0xc ../../libDaisy//build\libdaisy.a(stm32h7xx_hal_spi.o)
 .text.HAL_SPI_RxHalfCpltCallback
                0x080105bc        0x4 ../../libDaisy//build\libdaisy.a(stm32h7xx_hal_spi.o)
                0x080105bc                HAL_SPI_RxHalfCpltCallback
 .text.SPI_DMAHalfReceiveCplt
                0x080105c0        0xc ../../libDaisy//build\libdaisy.a(stm32h7xx_hal_spi.o)
 .text.HAL_SPI_TxRxHalfCpltCallback
                0x080105cc        0x4 ../../libDaisy//build\libdaisy.a(stm32h7xx_hal_spi.o)
                0x080105cc                HAL_SPI_TxRxHalfCpltCallback
 .text.SPI_DMAHalfTransmitReceiveCplt
                0x080105d0        0xc ../../libDaisy//build\libdaisy.a(stm32h7xx_hal_spi.o)
 .text.SPI_DMAError
                0x080105dc       0xd8 ../../libDaisy//build\libdaisy.a(stm32h7xx_hal_spi.o)
 .text.HAL_SPI_IRQHandler
                0x080106b4      0x23c ../../libDaisy//build\libdaisy.a(stm32h7xx_hal_spi.o)
                0x080106b4                HAL_SPI_IRQHandler
 .text.SPI_DMAAbortOnError
                0x080108f0       0x1c ../../libDaisy//build\libdaisy.a(stm32h7xx_hal_spi.o)
 .text.HAL_SPI_GetState
                0x0801090c        0x8 ../../libDaisy//build\libdaisy.a(stm32h7xx_hal_spi.o)
                0x0801090c                HAL_SPI_GetState
 .text.HAL_TIM_Base_Init
                0x08010914      0x140 ../../libDaisy//build\libdaisy.a(stm32h7xx_hal_tim.o)
                0x08010914                HAL_TIM_Base_Init
 .text.HAL_TIM_Base_Start
                0x08010a54       0x34 ../../libDaisy//build\libdaisy.a(stm32h7xx_hal_tim.o)
                0x08010a54                HAL_TIM_Base_Start
 .text.HAL_TIM_Base_Start_IT
                0x08010a88       0x2c ../../libDaisy//build\libdaisy.a(stm32h7xx_hal_tim.o)
                0x08010a88                HAL_TIM_Base_Start_IT
 .text.HAL_TIM_ConfigClockSource
                0x08010ab4      0x17c ../../libDaisy//build\libdaisy.a(stm32h7xx_hal_tim.o)
                0x08010ab4                HAL_TIM_ConfigClockSource
 .text.HAL_TIM_OC_DelayElapsedCallback
                0x08010c30        0x4 ../../libDaisy//build\libdaisy.a(stm32h7xx_hal_tim.o)
                0x08010c30                HAL_TIM_OC_DelayElapsedCallback
 .text.HAL_TIM_IC_CaptureCallback
                0x08010c34        0x4 ../../libDaisy//build\libdaisy.a(stm32h7xx_hal_tim.o)
                0x08010c34                HAL_TIM_IC_CaptureCallback
 .text.HAL_TIM_PWM_PulseFinishedCallback
                0x08010c38        0x4 ../../libDaisy//build\libdaisy.a(stm32h7xx_hal_tim.o)
                0x08010c38                HAL_TIM_PWM_PulseFinishedCallback
 .text.HAL_TIM_TriggerCallback
                0x08010c3c        0x4 ../../libDaisy//build\libdaisy.a(stm32h7xx_hal_tim.o)
                0x08010c3c                HAL_TIM_TriggerCallback
 .text.HAL_TIM_IRQHandler
                0x08010c40      0x170 ../../libDaisy//build\libdaisy.a(stm32h7xx_hal_tim.o)
                0x08010c40                HAL_TIM_IRQHandler
 .text.HAL_TIMEx_MasterConfigSynchronization
                0x08010db0       0x64 ../../libDaisy//build\libdaisy.a(stm32h7xx_hal_tim_ex.o)
                0x08010db0                HAL_TIMEx_MasterConfigSynchronization
 .text.HAL_TIMEx_CommutCallback
                0x08010e14        0x4 ../../libDaisy//build\libdaisy.a(stm32h7xx_hal_tim_ex.o)
                0x08010e14                HAL_TIMEx_CommutCallback
 .text.HAL_TIMEx_BreakCallback
                0x08010e18        0x4 ../../libDaisy//build\libdaisy.a(stm32h7xx_hal_tim_ex.o)
                0x08010e18                HAL_TIMEx_BreakCallback
 .text.HAL_TIMEx_Break2Callback
                0x08010e1c        0x4 ../../libDaisy//build\libdaisy.a(stm32h7xx_hal_tim_ex.o)
                0x08010e1c                HAL_TIMEx_Break2Callback
 .text.__aeabi_atexit
                0x08010e20        0xa c:/program files/daisytoolchain/bin/../lib/gcc/arm-none-eabi/10.2.1/../../../../arm-none-eabi/lib/thumb/v7e-m+dp/hard\libstdc++_nano.a(atexit_arm.o)
                0x08010e20                __aeabi_atexit
 *fill*         0x08010e2a        0x2 
 .text.__cxa_atexit
                0x08010e2c       0x1c c:/program files/daisytoolchain/bin/../lib/gcc/arm-none-eabi/10.2.1/../../../../arm-none-eabi/lib/thumb/v7e-m+dp/hard\libc_nano.a(lib_a-cxa_atexit.o)
                0x08010e2c                __cxa_atexit
 .text.__libc_init_array
                0x08010e48       0x48 c:/program files/daisytoolchain/bin/../lib/gcc/arm-none-eabi/10.2.1/../../../../arm-none-eabi/lib/thumb/v7e-m+dp/hard\libc_nano.a(lib_a-init.o)
                0x08010e48                __libc_init_array
 .text.memcpy   0x08010e90       0x1c c:/program files/daisytoolchain/bin/../lib/gcc/arm-none-eabi/10.2.1/../../../../arm-none-eabi/lib/thumb/v7e-m+dp/hard\libc_nano.a(lib_a-memcpy-stub.o)
                0x08010e90                memcpy
 .text.memset   0x08010eac       0x10 c:/program files/daisytoolchain/bin/../lib/gcc/arm-none-eabi/10.2.1/../../../../arm-none-eabi/lib/thumb/v7e-m+dp/hard\libc_nano.a(lib_a-memset.o)
                0x08010eac                memset
 *(.rodata)
 .rodata        0x08010ebc        0x6 build/ExampleProject.o
 *fill*         0x08010ec2        0x2 
 .rodata        0x08010ec4       0x10 ../../libDaisy//build\libdaisy.a(i2c.o)
 .rodata        0x08010ed4       0x12 ../../libDaisy//build\libdaisy.a(uart.o)
 *fill*         0x08010ee6        0x2 
 .rodata        0x08010ee8        0x8 ../../libDaisy//build\libdaisy.a(stm32h7xx_hal_uart_ex.o)
 .rodata        0x08010ef0       0x10 ../../libDaisy//build\libdaisy.a(tim.o)
 *(.rodata*)
 .rodata._ZL8seedgpio
                0x08010f00       0x42 ../../libDaisy//build\libdaisy.a(daisy_seed.o)
 *fill*         0x08010f42        0x2 
 .rodata._ZL16dsy_adc_rank_map
                0x08010f44       0x40 ../../libDaisy//build\libdaisy.a(adc.o)
 .rodata.CSWTCH.35
                0x08010f84        0x3 ../../libDaisy//build\libdaisy.a(sai.o)
 *fill*         0x08010f87        0x1 
 .rodata.CSWTCH.36
                0x08010f88        0xc ../../libDaisy//build\libdaisy.a(sai.o)
 .rodata.CSWTCH.44
                0x08010f94       0x14 ../../libDaisy//build\libdaisy.a(sai.o)
 .rodata.CSWTCH.144
                0x08010fa8       0x24 ../../libDaisy//build\libdaisy.a(uart.o)
 .rodata.CSWTCH.145
                0x08010fcc        0xc ../../libDaisy//build\libdaisy.a(uart.o)
 .rodata.CSWTCH.146
                0x08010fd8       0x10 ../../libDaisy//build\libdaisy.a(uart.o)
 .rodata.CSWTCH.147
                0x08010fe8        0xc ../../libDaisy//build\libdaisy.a(uart.o)
 .rodata.D1CorePrescTable
                0x08010ff4       0x10 ../../libDaisy//build\libdaisy.a(system_stm32h7xx.o)
                0x08010ff4                D1CorePrescTable
 .rodata.CSWTCH.24
                0x08011004        0x4 ../../libDaisy//build\libdaisy.a(usbd_conf.o)
 .rodata.CSWTCH.19
                0x08011008        0x4 ../../libDaisy//build\libdaisy.a(usbh_conf.o)
 .rodata._ZN5daisy5Color15standard_colorsE
                0x0801100c       0x60 ../../libDaisy//build\libdaisy.a(color.o)
                0x0801100c                daisy::Color::standard_colors
 .rodata.gpio_hal_pin_map
                0x0801106c       0x20 ../../libDaisy//build\libdaisy.a(hal_map.o)
 .rodata.gpio_hal_port_map
                0x0801108c       0x30 ../../libDaisy//build\libdaisy.a(hal_map.o)
 .rodata.flagBitshiftOffset.0
                0x080110bc        0x8 ../../libDaisy//build\libdaisy.a(stm32h7xx_hal_dma.o)
 .rodata.CSWTCH.418
                0x080110c4       0x29 ../../libDaisy//build\libdaisy.a(stm32h7xx_hal_uart.o)
 *fill*         0x080110ed        0x3 
 .rodata.CSWTCH.419
                0x080110f0        0x6 ../../libDaisy//build\libdaisy.a(stm32h7xx_hal_uart.o)
 *fill*         0x080110f6        0x2 
 .rodata.CSWTCH.426
                0x080110f8        0x6 ../../libDaisy//build\libdaisy.a(stm32h7xx_hal_uart.o)
 *fill*         0x080110fe        0x2 
 .rodata.HAL_UARTEx_EnableFifoMode.str1.4
                0x08011100        0x9 ../../libDaisy//build\libdaisy.a(stm32h7xx_hal_uart_ex.o)
 *fill*         0x08011109        0x3 
 .rodata._ZL13pins_none_spi
                0x0801110c        0x3 ../../libDaisy//build\libdaisy.a(spi.o)
 *fill*         0x0801110f        0x1 
 .rodata._ZL16pins_periphs_spi
                0x08011110       0x60 ../../libDaisy//build\libdaisy.a(spi.o)
 *(.glue_7)
 .glue_7        0x08011170        0x0 linker stubs
 *(.glue_7t)
 .glue_7t       0x08011170        0x0 linker stubs
 *(.init)
 .init          0x08011170        0x4 c:/program files/daisytoolchain/bin/../lib/gcc/arm-none-eabi/10.2.1/thumb/v7e-m+dp/hard/crti.o
                0x08011170                _init
 .init          0x08011174        0x8 c:/program files/daisytoolchain/bin/../lib/gcc/arm-none-eabi/10.2.1/thumb/v7e-m+dp/hard/crtn.o
 *(.fini)
 .fini          0x0801117c        0x4 c:/program files/daisytoolchain/bin/../lib/gcc/arm-none-eabi/10.2.1/thumb/v7e-m+dp/hard/crti.o
                0x0801117c                _fini
 .fini          0x08011180        0x8 c:/program files/daisytoolchain/bin/../lib/gcc/arm-none-eabi/10.2.1/thumb/v7e-m+dp/hard/crtn.o
                0x08011188                . = ALIGN (0x4)
                0x08011188                _etext = .

.eh_frame       0x08011188        0x0
 .eh_frame      0x08011188        0x0 c:/program files/daisytoolchain/bin/../lib/gcc/arm-none-eabi/10.2.1/thumb/v7e-m+dp/hard/crtbegin.o

.vfp11_veneer   0x08011188        0x0
 .vfp11_veneer  0x08011188        0x0 linker stubs

.v4_bx          0x08011188        0x0
 .v4_bx         0x08011188        0x0 linker stubs

.iplt           0x08011188        0x0
 .iplt          0x08011188        0x0 c:/program files/daisytoolchain/bin/../lib/gcc/arm-none-eabi/10.2.1/thumb/v7e-m+dp/hard/crtbegin.o

.ARM.extab      0x08011188        0x0
                0x08011188                . = ALIGN (0x4)
 *(.ARM.extab)
 *(.gnu.linkonce.armextab.*)
                0x08011188                . = ALIGN (0x4)

.exidx          0x08011188        0x8
                0x08011188                . = ALIGN (0x4)
                [!provide]                PROVIDE (__exidx_start = .)
 *(.ARM.exidx*)
 .ARM.exidx     0x08011188        0x8 c:/program files/daisytoolchain/bin/../lib/gcc/arm-none-eabi/10.2.1/thumb/v7e-m+dp/hard\libgcc.a(_udivmoddi4.o)
                0x08011190                . = ALIGN (0x4)
                [!provide]                PROVIDE (__exidx_end = .)

.rel.dyn        0x08011190        0x0
 .rel.iplt      0x08011190        0x0 c:/program files/daisytoolchain/bin/../lib/gcc/arm-none-eabi/10.2.1/thumb/v7e-m+dp/hard/crtbegin.o

.ARM.attributes
                0x08011190       0x2e
 *(.ARM.attributes)
 .ARM.attributes
                0x08011190       0x1e c:/program files/daisytoolchain/bin/../lib/gcc/arm-none-eabi/10.2.1/thumb/v7e-m+dp/hard/crti.o
 .ARM.attributes
                0x080111ae       0x32 c:/program files/daisytoolchain/bin/../lib/gcc/arm-none-eabi/10.2.1/thumb/v7e-m+dp/hard/crtbegin.o
 .ARM.attributes
                0x080111e0       0x32 build/startup_stm32h750xx.o
 .ARM.attributes
                0x08011212       0x32 build/ExampleProject.o
 .ARM.attributes
                0x08011244       0x32 ../../libDaisy//build\libdaisy.a(daisy_pod.o)
 .ARM.attributes
                0x08011276       0x32 ../../libDaisy//build\libdaisy.a(daisy_seed.o)
 .ARM.attributes
                0x080112a8       0x32 ../../libDaisy//build\libdaisy.a(codec_ak4556.o)
 .ARM.attributes
                0x080112da       0x32 ../../libDaisy//build\libdaisy.a(codec_wm8731.o)
 .ARM.attributes
                0x0801130c       0x32 ../../libDaisy//build\libdaisy.a(sdram.o)
 .ARM.attributes
                0x0801133e       0x32 ../../libDaisy//build\libdaisy.a(audio.o)
 .ARM.attributes
                0x08011370       0x32 ../../libDaisy//build\libdaisy.a(ctrl.o)
 .ARM.attributes
                0x080113a2       0x32 ../../libDaisy//build\libdaisy.a(encoder.o)
 .ARM.attributes
                0x080113d4       0x32 ../../libDaisy//build\libdaisy.a(rgb_led.o)
 .ARM.attributes
                0x08011406       0x32 ../../libDaisy//build\libdaisy.a(switch.o)
 .ARM.attributes
                0x08011438       0x32 ../../libDaisy//build\libdaisy.a(adc.o)