Archive member included to satisfy reference by file (symbol)

../../libDaisy//build\libdaisy.a(daisy_pod.o)
                              build/ExampleProject.o (daisy::DaisyPod::StartAudio(void (*)(float const* const*, float**, unsigned int)))
../../libDaisy//build\libdaisy.a(daisy_seed.o)
                              ../../libDaisy//build\libdaisy.a(daisy_pod.o) (daisy::DaisySeed::Configure())
../../libDaisy//build\libdaisy.a(codec_ak4556.o)
                              ../../libDaisy//build\libdaisy.a(daisy_seed.o) (daisy::Ak4556::Init(dsy_gpio_pin))
../../libDaisy//build\libdaisy.a(codec_wm8731.o)
                              ../../libDaisy//build\libdaisy.a(daisy_seed.o) (daisy::Wm8731::Init(daisy::Wm8731::Config const&, daisy::I2CHandle))
../../libDaisy//build\libdaisy.a(sdram.o)
                              ../../libDaisy//build\libdaisy.a(daisy_seed.o) (SdramHandle::Init())
../../libDaisy//build\libdaisy.a(audio.o)
                              ../../libDaisy//build\libdaisy.a(daisy_seed.o) (daisy::AudioHandle::Init(daisy::AudioHandle::Config const&, daisy::SaiHandle))
../../libDaisy//build\libdaisy.a(ctrl.o)
                              ../../libDaisy//build\libdaisy.a(daisy_pod.o) (daisy::AnalogControl::Init(unsigned short*, float, bool, bool, float))
../../libDaisy//build\libdaisy.a(encoder.o)
                              ../../libDaisy//build\libdaisy.a(daisy_pod.o) (daisy::Encoder::Init(dsy_gpio_pin, dsy_gpio_pin, dsy_gpio_pin, float))
../../libDaisy//build\libdaisy.a(parameter.o)
                              build/ExampleProject.o (daisy::Parameter::Init(daisy::AnalogControl, float, float, daisy::Parameter::Curve))
../../libDaisy//build\libdaisy.a(rgb_led.o)
                              ../../libDaisy//build\libdaisy.a(daisy_pod.o) (daisy::RgbLed::Init(dsy_gpio_pin, dsy_gpio_pin, dsy_gpio_pin, bool))
../../libDaisy//build\libdaisy.a(switch.o)
                              ../../libDaisy//build\libdaisy.a(daisy_pod.o) (daisy::Switch::Init(dsy_gpio_pin, float))
../../libDaisy//build\libdaisy.a(adc.o)
                              ../../libDaisy//build\libdaisy.a(daisy_pod.o) (daisy::AdcChannelConfig::InitSingle(dsy_gpio_pin))
../../libDaisy//build\libdaisy.a(gpio.o)
                              ../../libDaisy//build\libdaisy.a(daisy_seed.o) (dsy_gpio_init)
../../libDaisy//build\libdaisy.a(i2c.o)
                              ../../libDaisy//build\libdaisy.a(daisy_seed.o) (daisy::I2CHandle::Init(daisy::I2CHandle::Config const&))
../../libDaisy//build\libdaisy.a(qspi.o)
                              ../../libDaisy//build\libdaisy.a(daisy_seed.o) (daisy::QSPIHandle::Init(daisy::QSPIHandle::Config const&))
../../libDaisy//build\libdaisy.a(sai.o)
                              ../../libDaisy//build\libdaisy.a(daisy_seed.o) (daisy::SaiHandle::Init(daisy::SaiHandle::Config const&))
../../libDaisy//build\libdaisy.a(uart.o)
                              ../../libDaisy//build\libdaisy.a(daisy_pod.o) (daisy::UartHandler::Init(daisy::UartHandler::Config const&))
../../libDaisy//build\libdaisy.a(system.o)
                              ../../libDaisy//build\libdaisy.a(daisy_seed.o) (daisy::System::DeInit())
../../libDaisy//build\libdaisy.a(system_stm32h7xx.o)
                              build/startup_stm32h750xx.o (SystemInit)
../../libDaisy//build\libdaisy.a(usbd_conf.o)
                              ../../libDaisy//build\libdaisy.a(system.o) (hpcd_USB_OTG_HS)
../../libDaisy//build\libdaisy.a(usbh_conf.o)
                              ../../libDaisy//build\libdaisy.a(system.o) (hhcd_USB_OTG_HS)
../../libDaisy//build\libdaisy.a(color.o)
                              ../../libDaisy//build\libdaisy.a(daisy_pod.o) (daisy::Color::Init(daisy::Color::PresetColor))
../../libDaisy//build\libdaisy.a(hal_map.o)
                              ../../libDaisy//build\libdaisy.a(gpio.o) (dsy_hal_map_get_port)
../../libDaisy//build\libdaisy.a(stm32h7xx_hal.o)
                              ../../libDaisy//build\libdaisy.a(system.o) (HAL_Init)
../../libDaisy//build\libdaisy.a(stm32h7xx_hal_adc.o)
                              ../../libDaisy//build\libdaisy.a(adc.o) (HAL_ADC_ConfigChannel)
../../libDaisy//build\libdaisy.a(stm32h7xx_hal_adc_ex.o)
                              ../../libDaisy//build\libdaisy.a(adc.o) (HAL_ADCEx_Calibration_Start)
../../libDaisy//build\libdaisy.a(stm32h7xx_hal_cortex.o)
                              ../../libDaisy//build\libdaisy.a(stm32h7xx_hal.o) (HAL_NVIC_SetPriorityGrouping)
../../libDaisy//build\libdaisy.a(stm32h7xx_hal_dma.o)
                              ../../libDaisy//build\libdaisy.a(adc.o) (HAL_DMA_Init)
../../libDaisy//build\libdaisy.a(stm32h7xx_hal_gpio.o)
                              ../../libDaisy//build\libdaisy.a(sdram.o) (HAL_GPIO_Init)
../../libDaisy//build\libdaisy.a(stm32h7xx_hal_hcd.o)
                              ../../libDaisy//build\libdaisy.a(usbh_conf.o) (HAL_HCD_HC_Init)
../../libDaisy//build\libdaisy.a(stm32h7xx_hal_i2c.o)
[...]
Memory Configuration

Name             Origin             Length             Attributes
FLASH            0x08000000         0x00020000         xr
DTCMRAM          0x20000000         0x00020000         xrw
SRAM             0x24000000         0x00080000         xrw
RAM_D2           0x30000000         0x00048000         xrw
RAM_D3           0x38000000         0x00010000         xrw
ITCMRAM          0x00000000         0x00010000         xrw
SDRAM            0xc0000000         0x04000000         xrw
QSPIFLASH        0x90000000         0x00800000         xr
*default*        0x00000000         0xffffffff

Linker script and memory map

LOAD c:/program files/daisytoolchain/bin/../lib/gcc/arm-none-eabi/10.2.1/thumb/v7e-m+dp/hard/crti.o
LOAD c:/program files/daisytoolchain/bin/../lib/gcc/arm-none-eabi/10.2.1/thumb/v7e-m+dp/hard/crtbegin.o
LOAD c:/program files/daisytoolchain/bin/../lib/gcc/arm-none-eabi/10.2.1/../../../../arm-none-eabi/lib/thumb/v7e-m+dp/hard/crt0.o
LOAD build/startup_stm32h750xx.o
LOAD build/ExampleProject.o
LOAD ../../libDaisy//build\libdaisy.a
LOAD c:/program files/daisytoolchain/bin/../lib/gcc/arm-none-eabi/10.2.1/../../../../arm-none-eabi/lib/thumb/v7e-m+dp/hard\libnosys.a
LOAD ../../DaisySP//build\libdaisysp.a
LOAD c:/program files/daisytoolchain/bin/../lib/gcc/arm-none-eabi/10.2.1/../../../../arm-none-eabi/lib/thumb/v7e-m+dp/hard\libstdc++_nano.a
LOAD c:/program files/daisytoolchain/bin/../lib/gcc/arm-none-eabi/10.2.1/../../../../arm-none-eabi/lib/thumb/v7e-m+dp/hard\libm.a
LOAD c:/program files/daisytoolchain/bin/../lib/gcc/arm-none-eabi/10.2.1/../../../../arm-none-eabi/lib/thumb/v7e-m+dp/hard\libc_nano.a
START GROUP
LOAD c:/program files/daisytoolchain/bin/../lib/gcc/arm-none-eabi/10.2.1/thumb/v7e-m+dp/hard\libgcc.a
LOAD c:/program files/daisytoolchain/bin/../lib/gcc/arm-none-eabi/10.2.1/../../../../arm-none-eabi/lib/thumb/v7e-m+dp/hard\libc_nano.a
END GROUP
START GROUP
LOAD c:/program files/daisytoolchain/bin/../lib/gcc/arm-none-eabi/10.2.1/thumb/v7e-m+dp/hard\libgcc.a
LOAD c:/program files/daisytoolchain/bin/../lib/gcc/arm-none-eabi/10.2.1/../../../../arm-none-eabi/lib/thumb/v7e-m+dp/hard\libc_nano.a
LOAD c:/program files/daisytoolchain/bin/../lib/gcc/arm-none-eabi/10.2.1/../../../../arm-none-eabi/lib/thumb/v7e-m+dp/hard\libnosys.a
END GROUP
START GROUP
LOAD c:/program files/daisytoolchain/bin/../lib/gcc/arm-none-eabi/10.2.1/thumb/v7e-m+dp/hard\libgcc.a
LOAD c:/program files/daisytoolchain/bin/../lib/gcc/arm-none-eabi/10.2.1/../../../../arm-none-eabi/lib/thumb/v7e-m+dp/hard\libc_nano.a
LOAD c:/program files/daisytoolchain/bin/../lib/gcc/arm-none-eabi/10.2.1/../../../../arm-none-eabi/lib/thumb/v7e-m+dp/hard\libnosys.a
END GROUP
LOAD c:/program files/daisytoolchain/bin/../lib/gcc/arm-none-eabi/10.2.1/thumb/v7e-m+dp/hard/crtend.o
LOAD c:/program files/daisytoolchain/bin/../lib/gcc/arm-none-eabi/10.2.1/thumb/v7e-m+dp/hard/crtn.o
                0x20020000                _estack = 0x20020000

.isr_vector     0x08000000      0x298
                0x08000000                . = ALIGN (0x4)
 *(.isr_vector)
 .isr_vector    0x08000000      0x298 build/startup_stm32h750xx.o
                0x08000000                g_pfnVectors
                0x08000298                . = ALIGN (0x4)

.text           0x08000298    0x14b3c
                0x08000298                . = ALIGN (0x4)
                0x08000298                _stext = .
 *(.text)
 .text          0x08000298       0x40 c:/program files/daisytoolchain/bin/../lib/gcc/arm-none-eabi/10.2.1/thumb/v7e-m+dp/hard/crtbegin.o
 .text          0x080002d8       0x10 c:/program files/daisytoolchain/bin/../lib/gcc/arm-none-eabi/10.2.1/../../../../arm-none-eabi/lib/thumb/v7e-m+dp/hard\libc_nano.a(lib_a-strlen.o)
                0x080002d8                strlen
 .text          0x080002e8      0x378 c:/program files/daisytoolchain/bin/../lib/gcc/arm-none-eabi/10.2.1/thumb/v7e-m+dp/hard\libgcc.a(_arm_addsubdf3.o)
                0x080002e8                __aeabi_drsub
                0x080002f0                __aeabi_dsub
                0x080002f0                __subdf3
                0x080002f4                __aeabi_dadd
                0x080002f4                __adddf3
                0x0800056c                __floatunsidf
                0x0800056c                __aeabi_ui2d
                0x0800058c                __floatsidf
                0x0800058c                __aeabi_i2d
                0x080005b0                __aeabi_f2d
                0x080005b0                __extendsfdf2
                0x080005f4                __floatundidf
                0x080005f4                __aeabi_ul2d
                0x08000604                __floatdidf
                0x08000604                __aeabi_l2d
 .text          0x08000660       0x30 c:/program files/daisytoolchain/bin/../lib/gcc/arm-none-eabi/10.2.1/thumb/v7e-m+dp/hard\libgcc.a(_aeabi_uldivmod.o)
                0x08000660                __aeabi_uldivmod
 .text          0x08000690      0x2d0 c:/program files/daisytoolchain/bin/../lib/gcc/arm-none-eabi/10.2.1/thumb/v7e-m+dp/hard\libgcc.a(_udivmoddi4.o)
                0x08000690                __udivmoddi4
 .text          0x08000960        0x4 c:/program files/daisytoolchain/bin/../lib/gcc/arm-none-eabi/10.2.1/thumb/v7e-m+dp/hard\libgcc.a(_dvmd_tls.o)
                0x08000960                __aeabi_idiv0
                0x08000960                __aeabi_ldiv0
 *(.text*)
 .text.Default_Handler
                0x08000964        0x4 build/startup_stm32h750xx.o
                0x08000964                RTC_Alarm_IRQHandler
                0x08000964                HASH_RNG_IRQHandler
                0x08000964                EXTI2_IRQHandler
                0x08000964                TIM8_CC_IRQHandler
                0x08000964                HRTIM1_Master_IRQHandler
                0x08000964                DebugMon_Handler
                0x08000964                TIM1_CC_IRQHandler
                0x08000964                BDMA_Channel6_IRQHandler
                0x08000964                DMA2_Stream5_IRQHandler
                0x08000964                HRTIM1_FLT_IRQHandler
                0x08000964                JPEG_IRQHandler
                0x08000964                BDMA_Channel1_IRQHandler
                0x08000964                HRTIM1_TIMD_IRQHandler
                0x08000964                TAMP_STAMP_IRQHandler
                0x08000964                PendSV_Handler
                0x08000964                NMI_Handler
                0x08000964                EXTI3_IRQHandler
                0x08000964                LPTIM4_IRQHandler
                0x08000964                TIM8_TRG_COM_TIM14_IRQHandler
                0x08000964                LPTIM2_IRQHandler
                0x08000964                DFSDM1_FLT1_IRQHandler
                0x08000964                DMAMUX2_OVR_IRQHandler
                0x08000964                TIM8_UP_TIM13_IRQHandler
                0x08000964                I2C3_ER_IRQHandler
                0x08000964                DFSDM1_FLT2_IRQHandler
                0x08000964                MDMA_IRQHandler
                0x08000964                LPTIM3_IRQHandler
                0x08000964                HSEM1_IRQHandler
                0x08000964                EXTI0_IRQHandler
                0x08000964                FPU_IRQHandler
                0x08000964                OTG_HS_WKUP_IRQHandler
                0x08000964                FDCAN1_IT1_IRQHandler
                0x08000964                UsageFault_Handler
                0x08000964                LTDC_ER_IRQHandler
                0x08000964                HRTIM1_TIME_IRQHandler
                0x08000964                TIM6_DAC_IRQHandler
                0x08000964                DCMI_IRQHandler
                0x08000964                HRTIM1_TIMC_IRQHandler
                0x08000964                SAI2_IRQHandler
                0x08000964                DFSDM1_FLT3_IRQHandler
                0x08000964                TIM17_IRQHandler
                0x08000964                CRYP_IRQHandler
                0x08000964                BDMA_Channel7_IRQHandler
                0x08000964                LPTIM5_IRQHandler
                0x08000964                ADC3_IRQHandler
                0x08000964                DMA2_Stream0_IRQHandler
                0x08000964                BDMA_Channel2_IRQHandler
                0x08000964                DMAMUX1_OVR_IRQHandler
                0x08000964                TIM16_IRQHandler
                0x08000964                BDMA_Channel5_IRQHandler
                0x08000964                RCC_IRQHandler
                0x08000964                TIM8_BRK_TIM12_IRQHandler
                0x08000964                TIM1_TRG_COM_IRQHandler
                0x08000964                Default_Handler
                0x08000964                ECC_IRQHandler
                0x08000964                CEC_IRQHandler
                0x08000964                EXTI15_10_IRQHandler
                0x08000964                BDMA_Channel0_IRQHandler
                0x08000964                ADC_IRQHandler
                0x08000964                DMA1_Stream7_IRQHandler
                0x08000964                HRTIM1_TIMA_IRQHandler
                0x08000964                TIM7_IRQHandler
                0x08000964                SDMMC1_IRQHandler
                0x08000964                DMA2_Stream7_IRQHandler
                0x08000964                TIM15_IRQHandler
                0x08000964                PVD_AVD_IRQHandler
                0x08000964                EXTI9_5_IRQHandler
                0x08000964                RTC_WKUP_IRQHandler
                0x08000964                LTDC_IRQHandler
                0x08000964                SAI3_IRQHandler
                0x08000964                ETH_WKUP_IRQHandler
                0x08000964                SPDIF_RX_IRQHandler
                0x08000964                MemManage_Handler
                0x08000964                SVC_Handler
                0x08000964                CRS_IRQHandler
                0x08000964                EXTI4_IRQHandler
                0x08000964                HRTIM1_TIMB_IRQHandler
                0x08000964                FDCAN2_IT1_IRQHandler
                0x08000964                ETH_IRQHandler
                0x08000964                TIM1_UP_IRQHandler
                0x08000964                BDMA_Channel4_IRQHandler
                0x08000964                WWDG_IRQHandler
                0x08000964                SPI6_IRQHandler
                0x08000964                I2C4_EV_IRQHandler
                0x08000964                MDIOS_IRQHandler
                0x08000964                FDCAN2_IT0_IRQHandler
                0x08000964                FDCAN1_IT0_IRQHandler
                0x08000964                OTG_FS_WKUP_IRQHandler
                0x08000964                DMA2D_IRQHandler
                0x08000964                TIM1_BRK_IRQHandler
                0x08000964                EXTI1_IRQHandler
                0x08000964                SDMMC2_IRQHandler
                0x08000964                OTG_FS_EP1_OUT_IRQHandler
                0x08000964                BDMA_Channel3_IRQHandler
                0x08000964                MDIOS_WKUP_IRQHandler
                0x08000964                DFSDM1_FLT0_IRQHandler
                0x08000964                SAI4_IRQHandler
                0x08000964                I2C2_ER_IRQHandler
                0x08000964                DMA2_Stream1_IRQHandler
                0x08000964                FLASH_IRQHandler
                0x08000964                BusFault_Handler
                0x08000964                OTG_FS_IRQHandler
                0x08000964                WAKEUP_PIN_IRQHandler
                0x08000964                OTG_FS_EP1_IN_IRQHandler
                0x08000964                I2C1_ER_IRQHandler
                0x08000964                FMC_IRQHandler
                0x08000964                FDCAN_CAL_IRQHandler
                0x08000964                SWPMI1_IRQHandler
                0x08000964                COMP1_IRQHandler
                0x08000964                LPTIM1_IRQHandler
                0x08000964                I2C4_ER_IRQHandler
                0x08000964                DMA2_Stream6_IRQHandler
                0x08000964                SAI1_IRQHandler
 .text.Reset_Handler
                0x08000968       0x44 build/startup_stm32h750xx.o
                0x08000968                Reset_Handler
 .text._ZN5daisy9ParameterD2Ev
                0x080009ac        0x4 build/ExampleProject.o
                0x080009ac                daisy::Parameter::~Parameter()
                0x080009ac                daisy::Parameter::~Parameter()
 .text._ZN5daisy8DaisyPodD2Ev
                0x080009b0        0x4 build/ExampleProject.o
                0x080009b0                daisy::DaisyPod::~DaisyPod()
                0x080009b0                daisy::DaisyPod::~DaisyPod()
 .text._ZN7daisysp10OscillatorD2Ev
                0x080009b4        0x4 build/ExampleProject.o
                0x080009b4                daisysp::Oscillator::~Oscillator()
                0x080009b4                daisysp::Oscillator::~Oscillator()
 .text.__tcf_0  0x080009b8        0x4 build/ExampleProject.o
 .text.__tcf_1  0x080009bc        0x4 build/ExampleProject.o
 .text._ZNSt13random_deviceC2Ev
                0x080009c0       0x48 build/ExampleProject.o
                0x080009c0                std::random_device::random_device()
                0x080009c0                std::random_device::random_device()
 .text._Z7InitOscv
                0x08000a08       0x98 build/ExampleProject.o
                0x08000a08                InitOsc()
 .text._Z7InitLEDv
                0x08000aa0       0xe0 build/ExampleProject.o
                0x08000aa0                InitLED()
 .text.startup.main
                0x08000b80       0x3c build/ExampleProject.o
                0x08000b80                main
 .text._Z13UpdateEncoderv
                0x08000bbc       0x3c build/ExampleProject.o
                0x08000bbc                UpdateEncoder()
 .text._Z10UpdateLedsv
                0x08000bf8       0x68 build/ExampleProject.o
                0x08000bf8                UpdateLeds()
 .text._ZNSt23mersenne_twister_engineIjLj32ELj624ELj397ELj31ELj2567483615ELj11ELj4294967295ELj7ELj2636928640ELj15ELj4022730752ELj18ELj1812433253EE11_M_gen_randEv
                0x08000c60       0xa4 build/ExampleProject.o
                0x08000c60                std::mersenne_twister_engine<unsigned int, 32u, 624u, 397u, 31u, 2567483615u, 11u, 4294967295u, 7u, 2636928640u, 15u, 4022730752u, 18u, 1812433253u>::_M_gen_rand()
 .text._ZNSt24uniform_int_distributionIiEclISt23mersenne_twister_engineIjLj32ELj624ELj397ELj31ELj2567483615ELj11ELj4294967295ELj7ELj2636928640ELj15ELj4022730752ELj18ELj1812433253EEEEiRT_RKNS0_10param_typeE.isra.0
                0x08000d04       0xac build/ExampleProject.o
 .text._Z6SetOscv
                0x08000db0      0x108 build/ExampleProject.o
                0x08000db0                SetOsc()
 .text._Z13AudioCallbackPKPKfPPfj
                0x08000eb8       0x80 build/ExampleProject.o
                0x08000eb8                AudioCallback(float const* const*, float**, unsigned int)
 .text.startup._GLOBAL__sub_I_rd
                0x08000f38       0xf4 build/ExampleProject.o
 .text._ZN5daisy8DaisyPod10StartAudioEPFvPKPKfPPfjE
                0x0800102c        0x4 ../../libDaisy//build\libdaisy.a(daisy_pod.o)
                0x0800102c                daisy::DaisyPod::StartAudio(void (*)(float const* const*, float**, unsigned int))
 .text._ZN5daisy8DaisyPod17SetAudioBlockSizeEj
                0x08001030       0x2c ../../libDaisy//build\libdaisy.a(daisy_pod.o)
                0x08001030                daisy::DaisyPod::SetAudioBlockSize(unsigned int)
 .text._ZN5daisy8DaisyPod18SetAudioSampleRateENS_9SaiHandle6Config10SampleRateE
                0x0800105c       0x2c ../../libDaisy//build\libdaisy.a(daisy_pod.o)
                0x0800105c                daisy::DaisyPod::SetAudioSampleRate(daisy::SaiHandle::Config::SampleRate)
 .text._ZN5daisy8DaisyPod15AudioSampleRateEv
                0x08001088        0x4 ../../libDaisy//build\libdaisy.a(daisy_pod.o)
                0x08001088                daisy::DaisyPod::AudioSampleRate()
 .text._ZN5daisy8DaisyPod8StartAdcEv
                0x0800108c        0x8 ../../libDaisy//build\libdaisy.a(daisy_pod.o)
                0x0800108c                daisy::DaisyPod::StartAdc()
 .text._ZN5daisy8DaisyPod21ProcessAnalogControlsEv
                0x08001094       0x18 ../../libDaisy//build\libdaisy.a(daisy_pod.o)
                0x08001094                daisy::DaisyPod::ProcessAnalogControls()
 .text._ZN5daisy8DaisyPod22ProcessDigitalControlsEv
                0x080010ac       0x20 ../../libDaisy//build\libdaisy.a(daisy_pod.o)
                0x080010ac                daisy::DaisyPod::ProcessDigitalControls()
 .text._ZN5daisy8DaisyPod10UpdateLedsEv
                0x080010cc       0x18 ../../libDaisy//build\libdaisy.a(daisy_pod.o)
                0x080010cc                daisy::DaisyPod::UpdateLeds()
 .text._ZN5daisy8DaisyPod8InitLedsEv
                0x080010e4       0xac ../../libDaisy//build\libdaisy.a(daisy_pod.o)
                0x080010e4                daisy::DaisyPod::InitLeds()
 .text._ZN5daisy8DaisyPod9InitKnobsEv
                0x08001190       0x98 ../../libDaisy//build\libdaisy.a(daisy_pod.o)
                0x08001190                daisy::DaisyPod::InitKnobs()
 .text._ZN5daisy8DaisyPod4InitEb
                0x08001228      0x118 ../../libDaisy//build\libdaisy.a(daisy_pod.o)
                0x08001228                daisy::DaisyPod::Init(bool)
 .text._ZN5daisy9DaisySeed9ConfigureEv
                0x08001340        0x4 ../../libDaisy//build\libdaisy.a(daisy_seed.o)
                0x08001340                daisy::DaisySeed::Configure()
 .text._ZN5daisy9DaisySeed6GetPinEh
                0x08001344       0x2c ../../libDaisy//build\libdaisy.a(daisy_seed.o)
                0x08001344                daisy::DaisySeed::GetPin(unsigned char)
 .text._ZN5daisy9DaisySeed10StartAudioEPFvPKPKfPPfjE
                0x08001370        0x8 ../../libDaisy//build\libdaisy.a(daisy_seed.o)
                0x08001370                daisy::DaisySeed::StartAudio(void (*)(float const* const*, float**, unsigned int))
 .text._ZN5daisy9DaisySeed18SetAudioSampleRateENS_9SaiHandle6Config10SampleRateE
                0x08001378       0x38 ../../libDaisy//build\libdaisy.a(daisy_seed.o)
                0x08001378                daisy::DaisySeed::SetAudioSampleRate(daisy::SaiHandle::Config::SampleRate)
 .text._ZN5daisy9DaisySeed15AudioSampleRateEv
                0x080013b0        0x8 ../../libDaisy//build\libdaisy.a(daisy_seed.o)
                0x080013b0                daisy::DaisySeed::AudioSampleRate()
 .text._ZN5daisy9DaisySeed17SetAudioBlockSizeEj
                0x080013b8       0x38 ../../libDaisy//build\libdaisy.a(daisy_seed.o)
                0x080013b8                daisy::DaisySeed::SetAudioBlockSize(unsigned int)
 .text._ZNK5daisy9DaisySeed17AudioCallbackRateEv
                0x080013f0        0x8 ../../libDaisy//build\libdaisy.a(daisy_seed.o)
                0x080013f0                daisy::DaisySeed::AudioCallbackRate() const
 .text._ZN5daisy9DaisySeed14ConfigureAudioEv
                0x080013f8       0xd0 ../../libDaisy//build\libdaisy.a(daisy_seed.o)
                0x080013f8                daisy::DaisySeed::ConfigureAudio()
 .text._ZN5daisy9DaisySeed4InitEb
                0x080014c8       0xf0 ../../libDaisy//build\libdaisy.a(daisy_seed.o)
                0x080014c8                daisy::DaisySeed::Init(bool)
 .text._ZN5daisy6Ak45564InitE12dsy_gpio_pin
                0x080015b8       0x44 ../../libDaisy//build\libdaisy.a(codec_ak4556.o)
                0x080015b8                daisy::Ak4556::Init(dsy_gpio_pin)
 .text._ZN5daisy6Wm873120WriteControlRegisterEht
                0x080015fc       0x3c ../../libDaisy//build\libdaisy.a(codec_wm8731.o)
                0x080015fc                daisy::Wm8731::WriteControlRegister(unsigned char, unsigned short)
 .text._ZN5daisy6Wm87314InitERKNS0_6ConfigENS_9I2CHandleE
                0x08001638      0x1bc ../../libDaisy//build\libdaisy.a(codec_wm8731.o)
                0x08001638                daisy::Wm8731::Init(daisy::Wm8731::Config const&, daisy::I2CHandle)
 .text._ZN11SdramHandle10DeviceInitEv
                0x080017f4       0x98 ../../libDaisy//build\libdaisy.a(sdram.o)
                0x080017f4                SdramHandle::DeviceInit()
 .text._ZN11SdramHandle4InitEv
                0x0800188c       0x7c ../../libDaisy//build\libdaisy.a(sdram.o)
                0x0800188c                SdramHandle::Init()
 .text.HAL_SDRAM_MspInit
                0x08001908      0x1a8 ../../libDaisy//build\libdaisy.a(sdram.o)
                0x08001908                HAL_SDRAM_MspInit
 .text._ZN5daisy11AudioHandle4Impl16InternalCallbackEPlS2_j
                0x08001ab0      0xbbc ../../libDaisy//build\libdaisy.a(audio.o)
                0x08001ab0                daisy::AudioHandle::Impl::InternalCallback(long*, long*, unsigned int)
 .text._ZN5daisy11AudioHandle4InitERKNS0_6ConfigENS_9SaiHandleE
                0x0800266c       0x70 ../../libDaisy//build\libdaisy.a(audio.o)
                0x0800266c                daisy::AudioHandle::Init(daisy::AudioHandle::Config const&, daisy::SaiHandle)
 .text._ZNK5daisy11AudioHandle9GetConfigEv
                0x080026dc        0x8 ../../libDaisy//build\libdaisy.a(audio.o)
                0x080026dc                daisy::AudioHandle::GetConfig() const
 .text._ZN5daisy11AudioHandle12SetBlockSizeEj
                0x080026e4       0x1c ../../libDaisy//build\libdaisy.a(audio.o)
                0x080026e4                daisy::AudioHandle::SetBlockSize(unsigned int)
 .text._ZN5daisy11AudioHandle13GetSampleRateEv
                0x08002700        0x8 ../../libDaisy//build\libdaisy.a(audio.o)
                0x08002700                daisy::AudioHandle::GetSampleRate()
 .text._ZN5daisy11AudioHandle13SetSampleRateENS_9SaiHandle6Config10SampleRateE
                0x08002708       0x88 ../../libDaisy//build\libdaisy.a(audio.o)
                0x08002708                daisy::AudioHandle::SetSampleRate(daisy::SaiHandle::Config::SampleRate)
 .text._ZN5daisy11AudioHandle5StartEPFvPKPKfPPfjE
                0x08002790       0x44 ../../libDaisy//build\libdaisy.a(audio.o)
                0x08002790                daisy::AudioHandle::Start(void (*)(float const* const*, float**, unsigned int))
 .text.startup._GLOBAL__sub_I__ZN5daisy11AudioHandle4Impl4InitENS0_6ConfigENS_9SaiHandleE
                0x080027d4       0x24 ../../libDaisy//build\libdaisy.a(audio.o)
 .text._ZN5daisy13AnalogControl4InitEPtfbbf
                0x080027f8       0x64 ../../libDaisy//build\libdaisy.a(ctrl.o)
                0x080027f8                daisy::AnalogControl::Init(unsigned short*, float, bool, bool, float)
 .text._ZN5daisy13AnalogControl7ProcessEv
                0x0800285c       0x48 ../../libDaisy//build\libdaisy.a(ctrl.o)
                0x0800285c                daisy::AnalogControl::Process()
 .text._ZN5daisy13AnalogControl13SetSampleRateEf
                0x080028a4       0x58 ../../libDaisy//build\libdaisy.a(ctrl.o)
                0x080028a4                daisy::AnalogControl::SetSampleRate(float)
 .text._ZN5daisy7Encoder4InitE12dsy_gpio_pinS1_S1_f
                0x080028fc       0x60 ../../libDaisy//build\libdaisy.a(encoder.o)
                0x080028fc                daisy::Encoder::Init(dsy_gpio_pin, dsy_gpio_pin, dsy_gpio_pin, float)
 .text._ZN5daisy7Encoder8DebounceEv
                0x0800295c       0x7c ../../libDaisy//build\libdaisy.a(encoder.o)
                0x0800295c                daisy::Encoder::Debounce()
 .text._ZN5daisy9Parameter4InitENS_13AnalogControlEffNS0_5CurveE
                0x080029d8       0x60 ../../libDaisy//build\libdaisy.a(parameter.o)
                0x080029d8                daisy::Parameter::Init(daisy::AnalogControl, float, float, daisy::Parameter::Curve)
 .text._ZN5daisy9Parameter7ProcessEv
                0x08002a38       0xac ../../libDaisy//build\libdaisy.a(parameter.o)
                0x08002a38                daisy::Parameter::Process()
 .text._ZN5daisy6RgbLed4InitE12dsy_gpio_pinS1_S1_b
                0x08002ae4       0x50 ../../libDaisy//build\libdaisy.a(rgb_led.o)
                0x08002ae4                daisy::RgbLed::Init(dsy_gpio_pin, dsy_gpio_pin, dsy_gpio_pin, bool)
 .text._ZN5daisy6RgbLed8SetColorENS_5ColorE
                0x08002b34       0x2c ../../libDaisy//build\libdaisy.a(rgb_led.o)
                0x08002b34                daisy::RgbLed::SetColor(daisy::Color)
 .text._ZN5daisy6RgbLed6UpdateEv
                0x08002b60       0x1c ../../libDaisy//build\libdaisy.a(rgb_led.o)
                0x08002b60                daisy::RgbLed::Update()
 .text._ZN5daisy6Switch4InitE12dsy_gpio_pinf
                0x08002b7c       0x34 ../../libDaisy//build\libdaisy.a(switch.o)
                0x08002b7c                daisy::Switch::Init(dsy_gpio_pin, float)
 .text._ZN5daisy6Switch8DebounceEv
                0x08002bb0       0x5c ../../libDaisy//build\libdaisy.a(switch.o)
                0x08002bb0                daisy::Switch::Debounce()
 .text._ZN5daisy16AdcChannelConfig10InitSingleE12dsy_gpio_pin
                0x08002c0c       0x1c ../../libDaisy//build\libdaisy.a(adc.o)
                0x08002c0c                daisy::AdcChannelConfig::InitSingle(dsy_gpio_pin)
 .text._ZN5daisy9AdcHandle4InitEPNS_16AdcChannelConfigEjNS0_12OverSamplingE
                0x08002c28      0x3c8 ../../libDaisy//build\libdaisy.a(adc.o)
                0x08002c28                daisy::AdcHandle::Init(daisy::AdcChannelConfig*, unsigned int, daisy::AdcHandle::OverSampling)
 .text._ZN5daisy9AdcHandle5StartEv
                0x08002ff0       0x2c ../../libDaisy//build\libdaisy.a(adc.o)
                0x08002ff0                daisy::AdcHandle::Start()
 .text._ZNK5daisy9AdcHandle6GetPtrEh
                0x0800301c       0x14 ../../libDaisy//build\libdaisy.a(adc.o)
                0x0800301c                daisy::AdcHandle::GetPtr(unsigned char) const
 .text.HAL_ADC_MspInit
                0x08003030       0x98 ../../libDaisy//build\libdaisy.a(adc.o)
                0x08003030                HAL_ADC_MspInit
 .text.DMA1_Stream2_IRQHandler
                0x080030c8        0xc ../../libDaisy//build\libdaisy.a(adc.o)
                0x080030c8                DMA1_Stream2_IRQHandler
 .text.HAL_ADC_ConvCpltCallback
                0x080030d4      0x148 ../../libDaisy//build\libdaisy.a(adc.o)
                0x080030d4                HAL_ADC_ConvCpltCallback
 .text.HAL_ADC_ErrorCallback
                0x0800321c        0x4 ../../libDaisy//build\libdaisy.a(adc.o)
                0x0800321c                HAL_ADC_ErrorCallback
 .text.dsy_gpio_init
                0x08003220      0x1b8 ../../libDaisy//build\libdaisy.a(gpio.o)
                0x08003220                dsy_gpio_init
 .text.dsy_gpio_read
                0x080033d8       0x1c ../../libDaisy//build\libdaisy.a(gpio.o)
                0x080033d8                dsy_gpio_read
 .text.dsy_gpio_write
                0x080033f4       0x24 ../../libDaisy//build\libdaisy.a(gpio.o)
                0x080033f4                dsy_gpio_write
 .text._ZN5daisy9I2CHandle4Impl8InitPinsEv
                0x08003418       0x58 ../../libDaisy//build\libdaisy.a(i2c.o)
                0x08003418                daisy::I2CHandle::Impl::InitPins()
 .text.HAL_I2C_MspInit
                0x08003470      0x1b4 ../../libDaisy//build\libdaisy.a(i2c.o)
                0x08003470                HAL_I2C_MspInit
 .text.dsy_i2c_global_init
                0x08003624       0x78 ../../libDaisy//build\libdaisy.a(i2c.o)
                0x08003624                dsy_i2c_global_init
 .text.DMA1_Stream6_IRQHandler
                0x0800369c       0x34 ../../libDaisy//build\libdaisy.a(i2c.o)
                0x0800369c                DMA1_Stream6_IRQHandler
 .text.I2C1_EV_IRQHandler
                0x080036d0        0xc ../../libDaisy//build\libdaisy.a(i2c.o)
                0x080036d0                I2C1_EV_IRQHandler
 .text.I2C2_EV_IRQHandler
                0x080036dc        0xc ../../libDaisy//build\libdaisy.a(i2c.o)
                0x080036dc                I2C2_EV_IRQHandler
 .text.I2C3_EV_IRQHandler
                0x080036e8        0xc ../../libDaisy//build\libdaisy.a(i2c.o)
                0x080036e8                I2C3_EV_IRQHandler
 .text._ZN5daisy9I2CHandle4InitERKNS0_6ConfigE
                0x080036f4      0x12c ../../libDaisy//build\libdaisy.a(i2c.o)
                0x080036f4                daisy::I2CHandle::Init(daisy::I2CHandle::Config const&)
 .text._ZN5daisy9I2CHandle16TransmitBlockingEtPhtm
                0x08003820       0x50 ../../libDaisy//build\libdaisy.a(i2c.o)
                0x08003820                daisy::I2CHandle::TransmitBlocking(unsigned short, unsigned char*, unsigned short, unsigned long)
 .text.startup._GLOBAL__sub_I__ZN5daisy9I2CHandle4Impl10GlobalInitEv
                0x08003870       0x18 ../../libDaisy//build\libdaisy.a(i2c.o)
 .text._ZN5daisy10QSPIHandle4Impl11WriteEnableEv
                0x08003888       0x8c ../../libDaisy//build\libdaisy.a(qspi.o)
                0x08003888                daisy::QSPIHandle::Impl::WriteEnable()
 *fill*         0x08003914        0x4 
 .text._ZN5daisy10QSPIHandle4Impl17DummyCyclesConfigENS0_6Config6DeviceE
                0x08003918      0x118 ../../libDaisy//build\libdaisy.a(qspi.o)
                0x08003918                daisy::QSPIHandle::Impl::DummyCyclesConfig(daisy::QSPIHandle::Config::Device)
 .text._ZN5daisy10QSPIHandle4Impl10QuadEnableEv
                0x08003a30      0x158 ../../libDaisy//build\libdaisy.a(qspi.o)
                0x08003a30                daisy::QSPIHandle::Impl::QuadEnable()
 .text._ZN5daisy10QSPIHandle4InitERKNS0_6ConfigE
                0x08003b88      0x198 ../../libDaisy//build\libdaisy.a(qspi.o)
                0x08003b88                daisy::QSPIHandle::Init(daisy::QSPIHandle::Config const&)
 .text.HAL_QSPI_MspInit
                0x08003d20      0x11c ../../libDaisy//build\libdaisy.a(qspi.o)
                0x08003d20                HAL_QSPI_MspInit
 .text.HAL_QSPI_MspDeInit
                0x08003e3c       0x54 ../../libDaisy//build\libdaisy.a(qspi.o)
                0x08003e3c                HAL_QSPI_MspDeInit
 .text.QUADSPI_IRQHandler
                0x08003e90        0xc ../../libDaisy//build\libdaisy.a(qspi.o)
                0x08003e90                QUADSPI_IRQHandler
 .text.startup._GLOBAL__sub_I__ZN5daisy10QSPIHandle4Impl4InitERKNS0_6ConfigE
                0x08003e9c       0x28 ../../libDaisy//build\libdaisy.a(qspi.o)
 .text._ZN5daisy9SaiHandle4Impl7InitDmaENS1_15PeripheralBlockE
                0x08003ec4       0xa0 ../../libDaisy//build\libdaisy.a(sai.o)
                0x08003ec4                daisy::SaiHandle::Impl::InitDma(daisy::SaiHandle::Impl::PeripheralBlock)
 .text._ZN5daisy9SaiHandle4Impl8InitPinsEv
                0x08003f64       0xa8 ../../libDaisy//build\libdaisy.a(sai.o)
                0x08003f64                daisy::SaiHandle::Impl::InitPins()
 .text.HAL_SAI_MspInit
                0x0800400c      0x164 ../../libDaisy//build\libdaisy.a(sai.o)
                0x0800400c                HAL_SAI_MspInit
 .text.DMA1_Stream0_IRQHandler
                0x08004170        0xc ../../libDaisy//build\libdaisy.a(sai.o)
                0x08004170                DMA1_Stream0_IRQHandler
 .text.DMA1_Stream1_IRQHandler
                0x0800417c        0xc ../../libDaisy//build\libdaisy.a(sai.o)
                0x0800417c                DMA1_Stream1_IRQHandler
 .text.DMA1_Stream3_IRQHandler
                0x08004188        0xc ../../libDaisy//build\libdaisy.a(sai.o)
                0x08004188                DMA1_Stream3_IRQHandler
 .text.DMA1_Stream4_IRQHandler
                0x08004194        0xc ../../libDaisy//build\libdaisy.a(sai.o)
                0x08004194                DMA1_Stream4_IRQHandler
 .text.HAL_SAI_RxHalfCpltCallback
                0x080041a0       0x78 ../../libDaisy//build\libdaisy.a(sai.o)
                0x080041a0                HAL_SAI_RxHalfCpltCallback
 .text.HAL_SAI_RxCpltCallback
                0x08004218       0x70 ../../libDaisy//build\libdaisy.a(sai.o)
                0x08004218                HAL_SAI_RxCpltCallback
 .text._ZN5daisy9SaiHandle4InitERKNS0_6ConfigE
                0x08004288      0x1f0 ../../libDaisy//build\libdaisy.a(sai.o)
                0x08004288                daisy::SaiHandle::Init(daisy::SaiHandle::Config const&)
 .text._ZNK5daisy9SaiHandle9GetConfigEv
                0x08004478        0x4 ../../libDaisy//build\libdaisy.a(sai.o)
                0x08004478                daisy::SaiHandle::GetConfig() const
 .text._ZN5daisy9SaiHandle8StartDmaEPlS1_jPFvS1_S1_jE
                0x0800447c       0xbc ../../libDaisy//build\libdaisy.a(sai.o)
                0x0800447c                daisy::SaiHandle::StartDma(long*, long*, unsigned int, void (*)(long*, long*, unsigned int))
 .text._ZN5daisy9SaiHandle13GetSampleRateEv
                0x08004538       0x24 ../../libDaisy//build\libdaisy.a(sai.o)
                0x08004538                daisy::SaiHandle::GetSampleRate()
 .text._ZNK5daisy9SaiHandle9GetOffsetEv
                0x0800455c        0x8 ../../libDaisy//build\libdaisy.a(sai.o)
                0x0800455c                daisy::SaiHandle::GetOffset() const
 .text._ZN5daisy11UartHandler4Impl7InitDmaEbb
                0x08004564      0x164 ../../libDaisy//build\libdaisy.a(uart.o)
                0x08004564                daisy::UartHandler::Impl::InitDma(bool, bool)
 .text._ZN5daisy11UartHandler4Impl10HandleFifoEv
                0x080046c8       0xec ../../libDaisy//build\libdaisy.a(uart.o)
                0x080046c8                daisy::UartHandler::Impl::HandleFifo()
 .text._ZN5daisy11UartHandler4Impl10StartDmaTxEPhjPFvPvEPFvS3_NS0_6ResultEES3_
                0x080047b4       0xcc ../../libDaisy//build\libdaisy.a(uart.o)
                0x080047b4                daisy::UartHandler::Impl::StartDmaTx(unsigned char*, unsigned int, void (*)(void*), void (*)(void*, daisy::UartHandler::Result), void*)
 .text._ZN5daisy11UartHandler4Impl10StartDmaRxEPhjPFvPvEPFvS3_NS0_6ResultEES3_
                0x08004880       0xcc ../../libDaisy//build\libdaisy.a(uart.o)
                0x08004880                daisy::UartHandler::Impl::StartDmaRx(unsigned char*, unsigned int, void (*)(void*), void (*)(void*, daisy::UartHandler::Result), void*)
 .text._ZN5daisy11UartHandler4Impl19DmaTransferFinishedEP20__UART_HandleTypeDefNS0_6ResultE
                0x0800494c       0xc0 ../../libDaisy//build\libdaisy.a(uart.o)
                0x0800494c                daisy::UartHandler::Impl::DmaTransferFinished(__UART_HandleTypeDef*, daisy::UartHandler::Result)
 .text._ZN5daisy11UartHandler4Impl8InitPinsEv
                0x08004a0c      0x150 ../../libDaisy//build\libdaisy.a(uart.o)
                0x08004a0c                daisy::UartHandler::Impl::InitPins()
 .text.HAL_UART_MspInit
                0x08004b5c      0x210 ../../libDaisy//build\libdaisy.a(uart.o)
                0x08004b5c                HAL_UART_MspInit
 .text.dsy_uart_global_init
                0x08004d6c      0x110 ../../libDaisy//build\libdaisy.a(uart.o)
                0x08004d6c                dsy_uart_global_init
 .text.USART1_IRQHandler
                0x08004e7c       0x30 ../../libDaisy//build\libdaisy.a(uart.o)
                0x08004e7c                USART1_IRQHandler
 .text.USART2_IRQHandler
                0x08004eac       0x34 ../../libDaisy//build\libdaisy.a(uart.o)
                0x08004eac                USART2_IRQHandler
 .text.USART3_IRQHandler
                0x08004ee0       0x34 ../../libDaisy//build\libdaisy.a(uart.o)
                0x08004ee0                USART3_IRQHandler
 .text.UART4_IRQHandler
                0x08004f14       0x34 ../../libDaisy//build\libdaisy.a(uart.o)
                0x08004f14                UART4_IRQHandler
 .text.UART5_IRQHandler
                0x08004f48       0x34 ../../libDaisy//build\libdaisy.a(uart.o)
                0x08004f48                UART5_IRQHandler
 .text.USART6_IRQHandler
                0x08004f7c       0x34 ../../libDaisy//build\libdaisy.a(uart.o)
                0x08004f7c                USART6_IRQHandler
 .text.UART7_IRQHandler
                0x08004fb0       0x30 ../../libDaisy//build\libdaisy.a(uart.o)
                0x08004fb0                UART7_IRQHandler
 .text.UART8_IRQHandler
                0x08004fe0       0x34 ../../libDaisy//build\libdaisy.a(uart.o)
                0x08004fe0                UART8_IRQHandler
 .text.LPUART1_IRQHandler
                0x08005014       0x34 ../../libDaisy//build\libdaisy.a(uart.o)
                0x08005014                LPUART1_IRQHandler
 .text.DMA1_Stream5_IRQHandler
                0x08005048       0x34 ../../libDaisy//build\libdaisy.a(uart.o)
                0x08005048                DMA1_Stream5_IRQHandler
 .text.DMA2_Stream4_IRQHandler
                0x0800507c       0x34 ../../libDaisy//build\libdaisy.a(uart.o)
                0x0800507c                DMA2_Stream4_IRQHandler
 .text.HAL_UART_TxCpltCallback
                0x080050b0        0x8 ../../libDaisy//build\libdaisy.a(uart.o)
                0x080050b0                HAL_UART_TxCpltCallback
 .text.HAL_UART_RxCpltCallback
                0x080050b8        0x8 ../../libDaisy//build\libdaisy.a(uart.o)
                0x080050b8                HAL_UART_RxCpltCallback
 .text.HAL_UART_ErrorCallback
                0x080050c0        0x8 ../../libDaisy//build\libdaisy.a(uart.o)
                0x080050c0                HAL_UART_ErrorCallback
 .text._ZN5daisy11UartHandler4InitERKNS0_6ConfigE
                0x080050c8       0xec ../../libDaisy//build\libdaisy.a(uart.o)
                0x080050c8                daisy::UartHandler::Init(daisy::UartHandler::Config const&)
 .text.startup._GLOBAL__sub_I__Z19MapInstanceToHandleP13USART_TypeDef
                0x080051b4      0x190 ../../libDaisy//build\libdaisy.a(uart.o)
 .text._ZN5daisy11TimerHandleD2Ev
                0x08005344        0x4 ../../libDaisy//build\libdaisy.a(system.o)
                0x08005344                daisy::TimerHandle::~TimerHandle()
                0x08005344                daisy::TimerHandle::~TimerHandle()
 .text.SysTick_Handler
                0x08005348       0x10 ../../libDaisy//build\libdaisy.a(system.o)
                0x08005348                SysTick_Handler
 .text.OTG_HS_EP1_OUT_IRQHandler
                0x08005358       0x24 ../../libDaisy//build\libdaisy.a(system.o)
                0x08005358                OTG_HS_EP1_OUT_IRQHandler
 .text.OTG_HS_EP1_IN_IRQHandler
                0x0800537c       0x24 ../../libDaisy//build\libdaisy.a(system.o)
                0x0800537c                OTG_HS_EP1_IN_IRQHandler
 .text.OTG_HS_IRQHandler
                0x080053a0       0x24 ../../libDaisy//build\libdaisy.a(system.o)
                0x080053a0                OTG_HS_IRQHandler
 .text.HardFault_Handler
                0x080053c4       0xe0 ../../libDaisy//build\libdaisy.a(system.o)
                0x080053c4                HardFault_Handler
 .text._ZN5daisy6System6GetNowEv
                0x080054a4        0x4 ../../libDaisy//build\libdaisy.a(system.o)
                0x080054a4                daisy::System::GetNow()
 .text._ZN5daisy6System5DelayEm
                0x080054a8        0x4 ../../libDaisy//build\libdaisy.a(system.o)
                0x080054a8                daisy::System::Delay(unsigned long)
 .text._ZN5daisy6System15ConfigureClocksEv
                0x080054ac      0x194 ../../libDaisy//build\libdaisy.a(system.o)
                0x080054ac                daisy::System::ConfigureClocks()
 .text._ZN5daisy6System4InitERKNS0_6ConfigE
                0x08005640      0x140 ../../libDaisy//build\libdaisy.a(system.o)
                0x08005640                daisy::System::Init(daisy::System::Config const&)
 .text._ZN5daisy6System12GetPClk1FreqEv
                0x08005780        0x4 ../../libDaisy//build\libdaisy.a(system.o)
                0x08005780                daisy::System::GetPClk1Freq()
 .text._ZN5daisy6System22GetProgramMemoryRegionEv
                0x08005784       0x78 ../../libDaisy//build\libdaisy.a(system.o)
                0x08005784                daisy::System::GetProgramMemoryRegion()
 .text.startup._GLOBAL__sub_I_SysTick_Handler
                0x080057fc       0x1c ../../libDaisy//build\libdaisy.a(system.o)
 .text.SystemInit
                0x08005818       0x9c ../../libDaisy//build\libdaisy.a(system_stm32h7xx.o)
                0x08005818                SystemInit
 .text.HAL_PCD_SetupStageCallback
                0x080058b4        0xc ../../libDaisy//build\libdaisy.a(usbd_conf.o)
                0x080058b4                HAL_PCD_SetupStageCallback
 .text.HAL_PCD_DataOutStageCallback
                0x080058c0       0x14 ../../libDaisy//build\libdaisy.a(usbd_conf.o)
                0x080058c0                HAL_PCD_DataOutStageCallback
 .text.HAL_PCD_DataInStageCallback
                0x080058d4       0x14 ../../libDaisy//build\libdaisy.a(usbd_conf.o)
                0x080058d4                HAL_PCD_DataInStageCallback
 .text.HAL_PCD_SOFCallback
                0x080058e8        0x8 ../../libDaisy//build\libdaisy.a(usbd_conf.o)
                0x080058e8                HAL_PCD_SOFCallback
 .text.HAL_PCD_ResetCallback
                0x080058f0       0x24 ../../libDaisy//build\libdaisy.a(usbd_conf.o)
                0x080058f0                HAL_PCD_ResetCallback
 .text.HAL_PCD_SuspendCallback
                0x08005914       0x30 ../../libDaisy//build\libdaisy.a(usbd_conf.o)
                0x08005914                HAL_PCD_SuspendCallback
 .text.HAL_PCD_ResumeCallback
                0x08005944        0x8 ../../libDaisy//build\libdaisy.a(usbd_conf.o)
                0x08005944                HAL_PCD_ResumeCallback
 .text.HAL_PCD_ISOOUTIncompleteCallback
                0x0800594c        0x8 ../../libDaisy//build\libdaisy.a(usbd_conf.o)
                0x0800594c                HAL_PCD_ISOOUTIncompleteCallback
 .text.HAL_PCD_ISOINIncompleteCallback
                0x08005954        0x8 ../../libDaisy//build\libdaisy.a(usbd_conf.o)
                0x08005954                HAL_PCD_ISOINIncompleteCallback
 .text.HAL_PCD_ConnectCallback
                0x0800595c        0x8 ../../libDaisy//build\libdaisy.a(usbd_conf.o)
                0x0800595c                HAL_PCD_ConnectCallback
 .text.HAL_PCD_DisconnectCallback
                0x08005964        0x8 ../../libDaisy//build\libdaisy.a(usbd_conf.o)
                0x08005964                HAL_PCD_DisconnectCallback
 .text.USBD_LL_OpenEP
                0x0800596c       0x24 ../../libDaisy//build\libdaisy.a(usbd_conf.o)
                0x0800596c                USBD_LL_OpenEP
 .text.USBD_LL_StallEP
                0x08005990       0x1c ../../libDaisy//build\libdaisy.a(usbd_conf.o)
                0x08005990                USBD_LL_StallEP
 .text.USBD_LL_ClearStallEP
                0x080059ac       0x1c ../../libDaisy//build\libdaisy.a(usbd_conf.o)
                0x080059ac                USBD_LL_ClearStallEP
 .text.USBD_LL_IsStallEP
                0x080059c8       0x28 ../../libDaisy//build\libdaisy.a(usbd_conf.o)
                0x080059c8                USBD_LL_IsStallEP
 .text.USBD_LL_SetUSBAddress
                0x080059f0       0x1c ../../libDaisy//build\libdaisy.a(usbd_conf.o)
                0x080059f0                USBD_LL_SetUSBAddress
 .text.USBD_LL_Transmit
                0x08005a0c       0x1c ../../libDaisy//build\libdaisy.a(usbd_conf.o)
                0x08005a0c                USBD_LL_Transmit
 .text.USBD_LL_PrepareReceive
                0x08005a28       0x1c ../../libDaisy//build\libdaisy.a(usbd_conf.o)
                0x08005a28                USBD_LL_PrepareReceive
 .text.HAL_HCD_SOF_Callback
                0x08005a44        0x8 ../../libDaisy//build\libdaisy.a(usbh_conf.o)
                0x08005a44                HAL_HCD_SOF_Callback
 .text.HAL_HCD_Connect_Callback
                0x08005a4c        0x8 ../../libDaisy//build\libdaisy.a(usbh_conf.o)
                0x08005a4c                HAL_HCD_Connect_Callback
 .text.HAL_HCD_Disconnect_Callback
                0x08005a54        0x8 ../../libDaisy//build\libdaisy.a(usbh_conf.o)
                0x08005a54                HAL_HCD_Disconnect_Callback
 .text.HAL_HCD_HC_NotifyURBChange_Callback
                0x08005a5c        0x4 ../../libDaisy//build\libdaisy.a(usbh_conf.o)
                0x08005a5c                HAL_HCD_HC_NotifyURBChange_Callback
 .text.HAL_HCD_PortEnabled_Callback
                0x08005a60        0x8 ../../libDaisy//build\libdaisy.a(usbh_conf.o)
                0x08005a60                HAL_HCD_PortEnabled_Callback
 .text.HAL_HCD_PortDisabled_Callback
                0x08005a68        0x8 ../../libDaisy//build\libdaisy.a(usbh_conf.o)
                0x08005a68                HAL_HCD_PortDisabled_Callback
 .text.USBH_LL_Stop
                0x08005a70       0x1c ../../libDaisy//build\libdaisy.a(usbh_conf.o)
                0x08005a70                USBH_LL_Stop
 .text._ZN5daisy5Color4InitENS0_11PresetColorE
                0x08005a8c       0x20 ../../libDaisy//build\libdaisy.a(color.o)
                0x08005a8c                daisy::Color::Init(daisy::Color::PresetColor)
 .text._ZN5daisy5Color4InitEfff
                0x08005aac       0x10 ../../libDaisy//build\libdaisy.a(color.o)
                0x08005aac                daisy::Color::Init(float, float, float)
 .text.dsy_hal_map_get_port
                0x08005abc       0x10 ../../libDaisy//build\libdaisy.a(hal_map.o)
                0x08005abc                dsy_hal_map_get_port
 .text.dsy_hal_map_get_pin
                0x08005acc       0x10 ../../libDaisy//build\libdaisy.a(hal_map.o)
                0x08005acc                dsy_hal_map_get_pin
 .text.dsy_hal_map_gpio_clk_enable
                0x08005adc      0x150 ../../libDaisy//build\libdaisy.a(hal_map.o)
                0x08005adc                dsy_hal_map_gpio_clk_enable
 .text.HAL_MspInit
                0x08005c2c        0x4 ../../libDaisy//build\libdaisy.a(stm32h7xx_hal.o)
                0x08005c2c                HAL_MspInit
 .text.HAL_InitTick
                0x08005c30       0x4c ../../libDaisy//build\libdaisy.a(stm32h7xx_hal.o)
                0x08005c30                HAL_InitTick
 .text.HAL_Init
                0x08005c7c       0x60 ../../libDaisy//build\libdaisy.a(stm32h7xx_hal.o)
                0x08005c7c                HAL_Init
 .text.HAL_IncTick
                0x08005cdc       0x18 ../../libDaisy//build\libdaisy.a(stm32h7xx_hal.o)
                0x08005cdc                HAL_IncTick
 .text.HAL_GetTick
                0x08005cf4        0xc ../../libDaisy//build\libdaisy.a(stm32h7xx_hal.o)
                0x08005cf4                HAL_GetTick
 .text.HAL_Delay
                0x08005d00       0x24 ../../libDaisy//build\libdaisy.a(stm32h7xx_hal.o)
                0x08005d00                HAL_Delay
 .text.HAL_GetREVID
                0x08005d24        0xc ../../libDaisy//build\libdaisy.a(stm32h7xx_hal.o)
                0x08005d24                HAL_GetREVID
 .text.HAL_ADC_ConvHalfCpltCallback
                0x08005d30        0x4 ../../libDaisy//build\libdaisy.a(stm32h7xx_hal_adc.o)
                0x08005d30                HAL_ADC_ConvHalfCpltCallback
 .text.ADC_DMAHalfConvCplt
                0x08005d34        0xc ../../libDaisy//build\libdaisy.a(stm32h7xx_hal_adc.o)
                0x08005d34                ADC_DMAHalfConvCplt
 .text.ADC_DMAConvCplt
                0x08005d40       0x6c ../../libDaisy//build\libdaisy.a(stm32h7xx_hal_adc.o)
                0x08005d40                ADC_DMAConvCplt
 .text.ADC_DMAError
                0x08005dac       0x1c ../../libDaisy//build\libdaisy.a(stm32h7xx_hal_adc.o)
                0x08005dac                ADC_DMAError
 .text.HAL_ADC_ConfigChannel
                0x08005dc8      0x3fc ../../libDaisy//build\libdaisy.a(stm32h7xx_hal_adc.o)
                0x08005dc8                HAL_ADC_ConfigChannel
 .text.ADC_Enable
                0x080061c4       0xac ../../libDaisy//build\libdaisy.a(stm32h7xx_hal_adc.o)
                0x080061c4                ADC_Enable
 .text.HAL_ADC_Start_DMA
                0x08006270      0x114 ../../libDaisy//build\libdaisy.a(stm32h7xx_hal_adc.o)
                0x08006270                HAL_ADC_Start_DMA
 .text.ADC_Disable
                0x08006384       0x68 ../../libDaisy//build\libdaisy.a(stm32h7xx_hal_adc.o)
                0x08006384                ADC_Disable
 .text.ADC_ConfigureBoostMode
                0x080063ec      0x184 ../../libDaisy//build\libdaisy.a(stm32h7xx_hal_adc.o)
                0x080063ec                ADC_ConfigureBoostMode
 .text.HAL_ADC_Init
                0x08006570      0x218 ../../libDaisy//build\libdaisy.a(stm32h7xx_hal_adc.o)
                0x08006570                HAL_ADC_Init
 .text.HAL_ADCEx_Calibration_Start
                0x08006788       0xa4 ../../libDaisy//build\libdaisy.a(stm32h7xx_hal_adc_ex.o)
                0x08006788                HAL_ADCEx_Calibration_Start
 .text.HAL_ADCEx_MultiModeConfigChannel
                0x0800682c       0xc4 ../../libDaisy//build\libdaisy.a(stm32h7xx_hal_adc_ex.o)
                0x0800682c                HAL_ADCEx_MultiModeConfigChannel
 .text.HAL_NVIC_SetPriorityGrouping
                0x080068f0       0x24 ../../libDaisy//build\libdaisy.a(stm32h7xx_hal_cortex.o)
                0x080068f0                HAL_NVIC_SetPriorityGrouping
 .text.HAL_NVIC_SetPriority
                0x08006914       0x7c ../../libDaisy//build\libdaisy.a(stm32h7xx_hal_cortex.o)
                0x08006914                HAL_NVIC_SetPriority
 .text.HAL_NVIC_EnableIRQ
                0x08006990       0x1c ../../libDaisy//build\libdaisy.a(stm32h7xx_hal_cortex.o)
                0x08006990                HAL_NVIC_EnableIRQ
 .text.HAL_NVIC_DisableIRQ
                0x080069ac       0x28 ../../libDaisy//build\libdaisy.a(stm32h7xx_hal_cortex.o)
                0x080069ac                HAL_NVIC_DisableIRQ
 .text.HAL_SYSTICK_Config
                0x080069d4       0x2c ../../libDaisy//build\libdaisy.a(stm32h7xx_hal_cortex.o)
                0x080069d4                HAL_SYSTICK_Config
 .text.HAL_MPU_Disable
                0x08006a00       0x1c ../../libDaisy//build\libdaisy.a(stm32h7xx_hal_cortex.o)
                0x08006a00                HAL_MPU_Disable
 .text.HAL_MPU_Enable
                0x08006a1c       0x20 ../../libDaisy//build\libdaisy.a(stm32h7xx_hal_cortex.o)
                0x08006a1c                HAL_MPU_Enable
 .text.HAL_MPU_ConfigRegion
                0x08006a3c       0x64 ../../libDaisy//build\libdaisy.a(stm32h7xx_hal_cortex.o)
                0x08006a3c                HAL_MPU_ConfigRegion
 .text.HAL_SYSTICK_Callback
                0x08006aa0        0x4 ../../libDaisy//build\libdaisy.a(stm32h7xx_hal_cortex.o)
                0x08006aa0                HAL_SYSTICK_Callback
 .text.HAL_SYSTICK_IRQHandler
                0x08006aa4        0x8 ../../libDaisy//build\libdaisy.a(stm32h7xx_hal_cortex.o)
                0x08006aa4                HAL_SYSTICK_IRQHandler
 .text.DMA_CalcBaseAndBitshift
                0x08006aac       0xf4 ../../libDaisy//build\libdaisy.a(stm32h7xx_hal_dma.o)
 .text.DMA_CalcDMAMUXChannelBaseAndMask
                0x08006ba0       0xd8 ../../libDaisy//build\libdaisy.a(stm32h7xx_hal_dma.o)
 .text.HAL_DMA_Init
                0x08006c78      0x37c ../../libDaisy//build\libdaisy.a(stm32h7xx_hal_dma.o)
                0x08006c78                HAL_DMA_Init
 .text.HAL_DMA_Start_IT
                0x08006ff4      0x240 ../../libDaisy//build\libdaisy.a(stm32h7xx_hal_dma.o)
                0x08006ff4                HAL_DMA_Start_IT
 .text.HAL_DMA_Abort_IT
                0x08007234      0x134 ../../libDaisy//build\libdaisy.a(stm32h7xx_hal_dma.o)
                0x08007234                HAL_DMA_Abort_IT
 .text.HAL_DMA_IRQHandler
                0x08007368      0x6a0 ../../libDaisy//build\libdaisy.a(stm32h7xx_hal_dma.o)
                0x08007368                HAL_DMA_IRQHandler
 .text.HAL_DMA_GetError
                0x08007a08        0x4 ../../libDaisy//build\libdaisy.a(stm32h7xx_hal_dma.o)
                0x08007a08                HAL_DMA_GetError
 .text.HAL_GPIO_Init
                0x08007a0c      0x280 ../../libDaisy//build\libdaisy.a(stm32h7xx_hal_gpio.o)
                0x08007a0c                HAL_GPIO_Init
 .text.HAL_GPIO_DeInit
                0x08007c8c      0x190 ../../libDaisy//build\libdaisy.a(stm32h7xx_hal_gpio.o)
                0x08007c8c                HAL_GPIO_DeInit
 .text.HAL_GPIO_ReadPin
                0x08007e1c        0xc ../../libDaisy//build\libdaisy.a(stm32h7xx_hal_gpio.o)
                0x08007e1c                HAL_GPIO_ReadPin
 .text.HAL_GPIO_WritePin
                0x08007e28        0x8 ../../libDaisy//build\libdaisy.a(stm32h7xx_hal_gpio.o)
                0x08007e28                HAL_GPIO_WritePin
 .text.HAL_HCD_IRQHandler
                0x08007e30      0x780 ../../libDaisy//build\libdaisy.a(stm32h7xx_hal_hcd.o)
                0x08007e30                HAL_HCD_IRQHandler
 .text.HAL_HCD_Stop
                0x080085b0       0x28 ../../libDaisy//build\libdaisy.a(stm32h7xx_hal_hcd.o)
                0x080085b0                HAL_HCD_Stop
 .text.I2C_WaitOnTXISFlagUntilTimeout
                0x080085d8       0xb8 ../../libDaisy//build\libdaisy.a(stm32h7xx_hal_i2c.o)
 .text.I2C_WaitOnSTOPFlagUntilTimeout
                0x08008690       0xac ../../libDaisy//build\libdaisy.a(stm32h7xx_hal_i2c.o)
 .text.HAL_I2C_Init
                0x0800873c       0xac ../../libDaisy//build\libdaisy.a(stm32h7xx_hal_i2c.o)
                0x0800873c                HAL_I2C_Init
 .text.HAL_I2C_Master_Transmit
                0x080087e8      0x1a8 ../../libDaisy//build\libdaisy.a(stm32h7xx_hal_i2c.o)
                0x080087e8                HAL_I2C_Master_Transmit
 .text.HAL_I2C_Slave_Transmit
                0x08008990      0x1c8 ../../libDaisy//build\libdaisy.a(stm32h7xx_hal_i2c.o)
                0x08008990                HAL_I2C_Slave_Transmit
 .text.HAL_I2C_EV_IRQHandler
                0x08008b58       0x10 ../../libDaisy//build\libdaisy.a(stm32h7xx_hal_i2c.o)
                0x08008b58                HAL_I2C_EV_IRQHandler
 .text.HAL_I2C_GetState
                0x08008b68        0x8 ../../libDaisy//build\libdaisy.a(stm32h7xx_hal_i2c.o)
                0x08008b68                HAL_I2C_GetState
 .text.HAL_I2CEx_ConfigAnalogFilter
                0x08008b70       0x54 ../../libDaisy//build\libdaisy.a(stm32h7xx_hal_i2c_ex.o)
                0x08008b70                HAL_I2CEx_ConfigAnalogFilter
 .text.HAL_I2CEx_ConfigDigitalFilter
                0x08008bc4       0x58 ../../libDaisy//build\libdaisy.a(stm32h7xx_hal_i2c_ex.o)
                0x08008bc4                HAL_I2CEx_ConfigDigitalFilter
 .text.HAL_PCD_IRQHandler
                0x08008c1c      0x69c ../../libDaisy//build\libdaisy.a(stm32h7xx_hal_pcd.o)
                0x08008c1c                HAL_PCD_IRQHandler
 .text.HAL_PCD_SetAddress
                0x080092b8       0x2c ../../libDaisy//build\libdaisy.a(stm32h7xx_hal_pcd.o)
                0x080092b8                HAL_PCD_SetAddress
 .text.HAL_PCD_EP_Open
                0x080092e4       0x7c ../../libDaisy//build\libdaisy.a(stm32h7xx_hal_pcd.o)
                0x080092e4                HAL_PCD_EP_Open
 .text.HAL_PCD_EP_Receive
                0x08009360       0x50 ../../libDaisy//build\libdaisy.a(stm32h7xx_hal_pcd.o)
                0x08009360                HAL_PCD_EP_Receive
 .text.HAL_PCD_EP_Transmit
                0x080093b0       0x50 ../../libDaisy//build\libdaisy.a(stm32h7xx_hal_pcd.o)
                0x080093b0                HAL_PCD_EP_Transmit
 .text.HAL_PCD_EP_SetStall
                0x08009400       0x88 ../../libDaisy//build\libdaisy.a(stm32h7xx_hal_pcd.o)
                0x08009400                HAL_PCD_EP_SetStall
 .text.HAL_PCD_EP_ClrStall
                0x08009488       0x78 ../../libDaisy//build\libdaisy.a(stm32h7xx_hal_pcd.o)
                0x08009488                HAL_PCD_EP_ClrStall
 .text.HAL_PCDEx_LPM_Callback
                0x08009500        0x4 ../../libDaisy//build\libdaisy.a(stm32h7xx_hal_pcd_ex.o)
                0x08009500                HAL_PCDEx_LPM_Callback
 .text.HAL_PWREx_ConfigSupply
                0x08009504       0x4c ../../libDaisy//build\libdaisy.a(stm32h7xx_hal_pwr_ex.o)
                0x08009504                HAL_PWREx_ConfigSupply
 .text.HAL_PWREx_EnableUSBVoltageDetector
                0x08009550       0x10 ../../libDaisy//build\libdaisy.a(stm32h7xx_hal_pwr_ex.o)
                0x08009550                HAL_PWREx_EnableUSBVoltageDetector
 .text.QSPI_Config
                0x08009560      0x174 ../../libDaisy//build\libdaisy.a(stm32h7xx_hal_qspi.o)
 .text.HAL_QSPI_Init
                0x080096d4       0xd8 ../../libDaisy//build\libdaisy.a(stm32h7xx_hal_qspi.o)
                0x080096d4                HAL_QSPI_Init
 .text.HAL_QSPI_DeInit
                0x080097ac       0x3c ../../libDaisy//build\libdaisy.a(stm32h7xx_hal_qspi.o)
                0x080097ac                HAL_QSPI_DeInit
 .text.HAL_QSPI_Command
                0x080097e8       0xd4 ../../libDaisy//build\libdaisy.a(stm32h7xx_hal_qspi.o)
                0x080097e8                HAL_QSPI_Command
 .text.HAL_QSPI_Transmit
                0x080098bc       0xfc ../../libDaisy//build\libdaisy.a(stm32h7xx_hal_qspi.o)
                0x080098bc                HAL_QSPI_Transmit
 .text.HAL_QSPI_Receive
                0x080099b8      0x108 ../../libDaisy//build\libdaisy.a(stm32h7xx_hal_qspi.o)
                0x080099b8                HAL_QSPI_Receive
 .text.HAL_QSPI_AutoPolling
                0x08009ac0       0xf0 ../../libDaisy//build\libdaisy.a(stm32h7xx_hal_qspi.o)
                0x08009ac0                HAL_QSPI_AutoPolling
 .text.HAL_QSPI_MemoryMapped
                0x08009bb0       0xc0 ../../libDaisy//build\libdaisy.a(stm32h7xx_hal_qspi.o)
                0x08009bb0                HAL_QSPI_MemoryMapped
 .text.HAL_QSPI_ErrorCallback
                0x08009c70        0x4 ../../libDaisy//build\libdaisy.a(stm32h7xx_hal_qspi.o)
                0x08009c70                HAL_QSPI_ErrorCallback
 .text.QSPI_DMAAbortCplt
                0x08009c74       0x38 ../../libDaisy//build\libdaisy.a(stm32h7xx_hal_qspi.o)
 .text.HAL_QSPI_AbortCpltCallback
                0x08009cac        0x4 ../../libDaisy//build\libdaisy.a(stm32h7xx_hal_qspi.o)
                0x08009cac                HAL_QSPI_AbortCpltCallback
 .text.HAL_QSPI_CmdCpltCallback
                0x08009cb0        0x4 ../../libDaisy//build\libdaisy.a(stm32h7xx_hal_qspi.o)
                0x08009cb0                HAL_QSPI_CmdCpltCallback
 .text.HAL_QSPI_RxCpltCallback
                0x08009cb4        0x4 ../../libDaisy//build\libdaisy.a(stm32h7xx_hal_qspi.o)
                0x08009cb4                HAL_QSPI_RxCpltCallback
 .text.HAL_QSPI_TxCpltCallback
                0x08009cb8        0x4 ../../libDaisy//build\libdaisy.a(stm32h7xx_hal_qspi.o)
                0x08009cb8                HAL_QSPI_TxCpltCallback
 .text.HAL_QSPI_FifoThresholdCallback
                0x08009cbc        0x4 ../../libDaisy//build\libdaisy.a(stm32h7xx_hal_qspi.o)
                0x08009cbc                HAL_QSPI_FifoThresholdCallback
 .text.HAL_QSPI_StatusMatchCallback
                0x08009cc0        0x4 ../../libDaisy//build\libdaisy.a(stm32h7xx_hal_qspi.o)
                0x08009cc0                HAL_QSPI_StatusMatchCallback
 .text.HAL_QSPI_TimeOutCallback
                0x08009cc4        0x4 ../../libDaisy//build\libdaisy.a(stm32h7xx_hal_qspi.o)
                0x08009cc4                HAL_QSPI_TimeOutCallback
 .text.HAL_QSPI_IRQHandler
                0x08009cc8      0x210 ../../libDaisy//build\libdaisy.a(stm32h7xx_hal_qspi.o)
                0x08009cc8                HAL_QSPI_IRQHandler
 .text.HAL_RCC_OscConfig
                0x08009ed8      0x51c ../../libDaisy//build\libdaisy.a(stm32h7xx_hal_rcc.o)
                0x08009ed8                HAL_RCC_OscConfig
 .text.HAL_RCC_GetSysClockFreq
                0x0800a3f4      0x140 ../../libDaisy//build\libdaisy.a(stm32h7xx_hal_rcc.o)
                0x0800a3f4                HAL_RCC_GetSysClockFreq
 .text.HAL_RCC_ClockConfig
                0x0800a534      0x234 ../../libDaisy//build\libdaisy.a(stm32h7xx_hal_rcc.o)
                0x0800a534                HAL_RCC_ClockConfig
 .text.HAL_RCC_GetHCLKFreq
                0x0800a768       0x2c ../../libDaisy//build\libdaisy.a(stm32h7xx_hal_rcc.o)
                0x0800a768                HAL_RCC_GetHCLKFreq
 .text.HAL_RCC_GetPCLK1Freq
                0x0800a794       0x38 ../../libDaisy//build\libdaisy.a(stm32h7xx_hal_rcc.o)
                0x0800a794                HAL_RCC_GetPCLK1Freq
 .text.HAL_RCC_GetPCLK2Freq
                0x0800a7cc       0x38 ../../libDaisy//build\libdaisy.a(stm32h7xx_hal_rcc.o)
                0x0800a7cc                HAL_RCC_GetPCLK2Freq
 .text.RCCEx_PLL2_Config
                0x0800a804       0xf4 ../../libDaisy//build\libdaisy.a(stm32h7xx_hal_rcc_ex.o)
 .text.RCCEx_PLL3_Config
                0x0800a8f8       0xf4 ../../libDaisy//build\libdaisy.a(stm32h7xx_hal_rcc_ex.o)
 .text.HAL_RCCEx_PeriphCLKConfig
                0x0800a9ec      0xa7c ../../libDaisy//build\libdaisy.a(stm32h7xx_hal_rcc_ex.o)
                0x0800a9ec                HAL_RCCEx_PeriphCLKConfig
 .text.HAL_RCCEx_GetD3PCLK1Freq
                0x0800b468       0x24 ../../libDaisy//build\libdaisy.a(stm32h7xx_hal_rcc_ex.o)
                0x0800b468                HAL_RCCEx_GetD3PCLK1Freq
 .text.HAL_RCCEx_GetPLL2ClockFreq
                0x0800b48c      0x17c ../../libDaisy//build\libdaisy.a(stm32h7xx_hal_rcc_ex.o)
                0x0800b48c                HAL_RCCEx_GetPLL2ClockFreq
 .text.HAL_RCCEx_GetPLL3ClockFreq
                0x0800b608      0x17c ../../libDaisy//build\libdaisy.a(stm32h7xx_hal_rcc_ex.o)
                0x0800b608                HAL_RCCEx_GetPLL3ClockFreq
 .text.HAL_RCCEx_GetPLL1ClockFreq
                0x0800b784      0x17c ../../libDaisy//build\libdaisy.a(stm32h7xx_hal_rcc_ex.o)
                0x0800b784                HAL_RCCEx_GetPLL1ClockFreq
 .text.HAL_RCCEx_GetPeriphCLKFreq
                0x0800b900      0x198 ../../libDaisy//build\libdaisy.a(stm32h7xx_hal_rcc_ex.o)
                0x0800b900                HAL_RCCEx_GetPeriphCLKFreq
 .text.HAL_RCCEx_GetD1SysClockFreq
                0x0800ba98       0x2c ../../libDaisy//build\libdaisy.a(stm32h7xx_hal_rcc_ex.o)
                0x0800ba98                HAL_RCCEx_GetD1SysClockFreq
 .text.HAL_SAI_Init.part.0
                0x0800bac4      0x348 ../../libDaisy//build\libdaisy.a(stm32h7xx_hal_sai.o)
 .text.HAL_SAI_InitProtocol
                0x0800be0c      0x178 ../../libDaisy//build\libdaisy.a(stm32h7xx_hal_sai.o)
                0x0800be0c                HAL_SAI_InitProtocol
 .text.HAL_SAI_Transmit_DMA
                0x0800bf84      0x124 ../../libDaisy//build\libdaisy.a(stm32h7xx_hal_sai.o)
                0x0800bf84                HAL_SAI_Transmit_DMA
 .text.HAL_SAI_Receive_DMA
                0x0800c0a8       0xd0 ../../libDaisy//build\libdaisy.a(stm32h7xx_hal_sai.o)
                0x0800c0a8                HAL_SAI_Receive_DMA
 .text.HAL_SAI_TxCpltCallback
                0x0800c178        0x4 ../../libDaisy//build\libdaisy.a(stm32h7xx_hal_sai.o)
                0x0800c178                HAL_SAI_TxCpltCallback
 .text.SAI_DMATxCplt
                0x0800c17c       0x64 ../../libDaisy//build\libdaisy.a(stm32h7xx_hal_sai.o)
 .text.HAL_SAI_TxHalfCpltCallback
                0x0800c1e0        0x4 ../../libDaisy//build\libdaisy.a(stm32h7xx_hal_sai.o)
                0x0800c1e0                HAL_SAI_TxHalfCpltCallback
 .text.SAI_DMATxHalfCplt
                0x0800c1e4        0xc ../../libDaisy//build\libdaisy.a(stm32h7xx_hal_sai.o)
 .text.SAI_DMARxCplt
                0x0800c1f0       0x64 ../../libDaisy//build\libdaisy.a(stm32h7xx_hal_sai.o)
 .text.SAI_DMARxHalfCplt
                0x0800c254        0xc ../../libDaisy//build\libdaisy.a(stm32h7xx_hal_sai.o)
 .text.HAL_SAI_ErrorCallback
                0x0800c260        0x4 ../../libDaisy//build\libdaisy.a(stm32h7xx_hal_sai.o)
                0x0800c260                HAL_SAI_ErrorCallback
 .text.SAI_DMAError
                0x0800c264       0x6c ../../libDaisy//build\libdaisy.a(stm32h7xx_hal_sai.o)
 .text.HAL_SDRAM_Init
                0x0800c2d0       0x54 ../../libDaisy//build\libdaisy.a(stm32h7xx_hal_sdram.o)
                0x0800c2d0                HAL_SDRAM_Init
 .text.HAL_SDRAM_SendCommand
                0x0800c324       0x40 ../../libDaisy//build\libdaisy.a(stm32h7xx_hal_sdram.o)
                0x0800c324                HAL_SDRAM_SendCommand
 .text.HAL_SDRAM_ProgramRefreshRate
                0x0800c364       0x30 ../../libDaisy//build\libdaisy.a(stm32h7xx_hal_sdram.o)
                0x0800c364                HAL_SDRAM_ProgramRefreshRate
 .text.HAL_UART_Transmit_DMA
                0x0800c394       0xa4 ../../libDaisy//build\libdaisy.a(stm32h7xx_hal_uart.o)
                0x0800c394                HAL_UART_Transmit_DMA
 .text.HAL_UART_Receive_DMA
                0x0800c438       0xac ../../libDaisy//build\libdaisy.a(stm32h7xx_hal_uart.o)
                0x0800c438                HAL_UART_Receive_DMA
 .text.UART_DMATransmitCplt
                0x0800c4e4       0x2c ../../libDaisy//build\libdaisy.a(stm32h7xx_hal_uart.o)
 .text.HAL_UART_TxHalfCpltCallback
                0x0800c510        0x4 ../../libDaisy//build\libdaisy.a(stm32h7xx_hal_uart.o)
                0x0800c510                HAL_UART_TxHalfCpltCallback
 .text.UART_DMATxHalfCplt
                0x0800c514        0xc ../../libDaisy//build\libdaisy.a(stm32h7xx_hal_uart.o)
 .text.UART_DMAReceiveCplt
                0x0800c520       0x38 ../../libDaisy//build\libdaisy.a(stm32h7xx_hal_uart.o)
 .text.HAL_UART_RxHalfCpltCallback
                0x0800c558        0x4 ../../libDaisy//build\libdaisy.a(stm32h7xx_hal_uart.o)
                0x0800c558                HAL_UART_RxHalfCpltCallback
 .text.UART_DMARxHalfCplt
                0x0800c55c        0xc ../../libDaisy//build\libdaisy.a(stm32h7xx_hal_uart.o)
 .text.UART_DMAError
                0x0800c568       0x78 ../../libDaisy//build\libdaisy.a(stm32h7xx_hal_uart.o)
 .text.HAL_UART_IRQHandler
                0x0800c5e0      0x1d0 ../../libDaisy//build\libdaisy.a(stm32h7xx_hal_uart.o)
                0x0800c5e0                HAL_UART_IRQHandler
 .text.UART_DMAAbortOnError
                0x0800c7b0       0x14 ../../libDaisy//build\libdaisy.a(stm32h7xx_hal_uart.o)
 .text.HAL_UART_GetState
                0x0800c7c4        0xc ../../libDaisy//build\libdaisy.a(stm32h7xx_hal_uart.o)
                0x0800c7c4                HAL_UART_GetState
 .text.UART_SetConfig
                0x0800c7d0     0x14b8 ../../libDaisy//build\libdaisy.a(stm32h7xx_hal_uart.o)
                0x0800c7d0                UART_SetConfig
 .text.UART_AdvFeatureConfig
                0x0800dc88       0xb0 ../../libDaisy//build\libdaisy.a(stm32h7xx_hal_uart.o)
                0x0800dc88                UART_AdvFeatureConfig
 .text.UART_CheckIdleState
                0x0800dd38       0x84 ../../libDaisy//build\libdaisy.a(stm32h7xx_hal_uart.o)
                0x0800dd38                UART_CheckIdleState
 .text.HAL_UART_Init
                0x0800ddbc       0x68 ../../libDaisy//build\libdaisy.a(stm32h7xx_hal_uart.o)
                0x0800ddbc                HAL_UART_Init
 .text.HAL_UARTEx_WakeupCallback
                0x0800de24        0x4 ../../libDaisy//build\libdaisy.a(stm32h7xx_hal_uart_ex.o)
                0x0800de24                HAL_UARTEx_WakeupCallback
 .text.HAL_UARTEx_RxFifoFullCallback
                0x0800de28        0x4 ../../libDaisy//build\libdaisy.a(stm32h7xx_hal_uart_ex.o)
                0x0800de28                HAL_UARTEx_RxFifoFullCallback
 .text.HAL_UARTEx_TxFifoEmptyCallback
                0x0800de2c        0x4 ../../libDaisy//build\libdaisy.a(stm32h7xx_hal_uart_ex.o)
                0x0800de2c                HAL_UARTEx_TxFifoEmptyCallback
 .text.HAL_UARTEx_DisableFifoMode
                0x0800de30       0x3c ../../libDaisy//build\libdaisy.a(stm32h7xx_hal_uart_ex.o)
                0x0800de30                HAL_UARTEx_DisableFifoMode
 .text.HAL_UARTEx_SetTxFifoThreshold
                0x0800de6c       0x9c ../../libDaisy//build\libdaisy.a(stm32h7xx_hal_uart_ex.o)
                0x0800de6c                HAL_UARTEx_SetTxFifoThreshold
 .text.HAL_UARTEx_SetRxFifoThreshold
                0x0800df08       0x9c ../../libDaisy//build\libdaisy.a(stm32h7xx_hal_uart_ex.o)
                0x0800df08                HAL_UARTEx_SetRxFifoThreshold
 .text.FMC_SDRAM_Init
                0x0800dfa4       0x7c ../../libDaisy//build\libdaisy.a(stm32h7xx_ll_fmc.o)
                0x0800dfa4                FMC_SDRAM_Init
 .text.FMC_SDRAM_Timing_Init
                0x0800e020       0x98 ../../libDaisy//build\libdaisy.a(stm32h7xx_ll_fmc.o)
                0x0800e020                FMC_SDRAM_Timing_Init
 .text.FMC_SDRAM_SendCommand
                0x0800e0b8       0x28 ../../libDaisy//build\libdaisy.a(stm32h7xx_ll_fmc.o)
                0x0800e0b8                FMC_SDRAM_SendCommand
 .text.FMC_SDRAM_ProgramRefreshRate
                0x0800e0e0       0x1c ../../libDaisy//build\libdaisy.a(stm32h7xx_ll_fmc.o)
                0x0800e0e0                FMC_SDRAM_ProgramRefreshRate
 .text.USB_SetTurnaroundTime
                0x0800e0fc      0x104 ../../libDaisy//build\libdaisy.a(stm32h7xx_ll_usb.o)
                0x0800e0fc                USB_SetTurnaroundTime
 .text.USB_FlushTxFifo
                0x0800e200       0x34 ../../libDaisy//build\libdaisy.a(stm32h7xx_ll_usb.o)
                0x0800e200                USB_FlushTxFifo
 .text.USB_GetDevSpeed
                0x0800e234       0x24 ../../libDaisy//build\libdaisy.a(stm32h7xx_ll_usb.o)
                0x0800e234                USB_GetDevSpeed
 .text.USB_ActivateEndpoint
                0x0800e258       0x90 ../../libDaisy//build\libdaisy.a(stm32h7xx_ll_usb.o)
                0x0800e258                USB_ActivateEndpoint
 .text.USB_EPStartXfer
                0x0800e2e8      0x230 ../../libDaisy//build\libdaisy.a(stm32h7xx_ll_usb.o)
                0x0800e2e8                USB_EPStartXfer
 .text.USB_EP0StartXfer
                0x0800e518      0x174 ../../libDaisy//build\libdaisy.a(stm32h7xx_ll_usb.o)
                0x0800e518                USB_EP0StartXfer
 .text.USB_WritePacket
                0x0800e68c       0x2c ../../libDaisy//build\libdaisy.a(stm32h7xx_ll_usb.o)
                0x0800e68c                USB_WritePacket
 .text.USB_ReadPacket
                0x0800e6b8       0x20 ../../libDaisy//build\libdaisy.a(stm32h7xx_ll_usb.o)
                0x0800e6b8                USB_ReadPacket
 .text.USB_EPSetStall
                0x0800e6d8       0x68 ../../libDaisy//build\libdaisy.a(stm32h7xx_ll_usb.o)
                0x0800e6d8                USB_EPSetStall
 .text.USB_EPClearStall
                0x0800e740       0x58 ../../libDaisy//build\libdaisy.a(stm32h7xx_ll_usb.o)
                0x0800e740                USB_EPClearStall
 .text.USB_SetDevAddress
                0x0800e798       0x24 ../../libDaisy//build\libdaisy.a(stm32h7xx_ll_usb.o)
                0x0800e798                USB_SetDevAddress
 .text.USB_ReadInterrupts
                0x0800e7bc       0x14 ../../libDaisy//build\libdaisy.a(stm32h7xx_ll_usb.o)
                0x0800e7bc                USB_ReadInterrupts
 .text.USB_ReadDevAllOutEpInterrupt
                0x0800e7d0       0x1c ../../libDaisy//build\libdaisy.a(stm32h7xx_ll_usb.o)
                0x0800e7d0                USB_ReadDevAllOutEpInterrupt
 .text.USB_ReadDevAllInEpInterrupt
                0x0800e7ec       0x1c ../../libDaisy//build\libdaisy.a(stm32h7xx_ll_usb.o)
                0x0800e7ec                USB_ReadDevAllInEpInterrupt
 .text.USB_ReadDevOutEPInterrupt
                0x0800e808       0x1c ../../libDaisy//build\libdaisy.a(stm32h7xx_ll_usb.o)
                0x0800e808                USB_ReadDevOutEPInterrupt
 .text.USB_ReadDevInEPInterrupt
                0x0800e824       0x38 ../../libDaisy//build\libdaisy.a(stm32h7xx_ll_usb.o)
                0x0800e824                USB_ReadDevInEPInterrupt
 .text.USB_GetMode
                0x0800e85c        0x8 ../../libDaisy//build\libdaisy.a(stm32h7xx_ll_usb.o)
                0x0800e85c                USB_GetMode
 .text.USB_ActivateSetup
                0x0800e864       0x38 ../../libDaisy//build\libdaisy.a(stm32h7xx_ll_usb.o)
                0x0800e864                USB_ActivateSetup
 .text.USB_EP0_OutStart
                0x0800e89c       0x58 ../../libDaisy//build\libdaisy.a(stm32h7xx_ll_usb.o)
                0x0800e89c                USB_EP0_OutStart
 .text.USB_InitFSLSPClkSel
                0x0800e8f4       0x44 ../../libDaisy//build\libdaisy.a(stm32h7xx_ll_usb.o)
                0x0800e8f4                USB_InitFSLSPClkSel
 .text.USB_HC_ReadInterrupt
                0x0800e938        0x8 ../../libDaisy//build\libdaisy.a(stm32h7xx_ll_usb.o)
                0x0800e938                USB_HC_ReadInterrupt
 .text.USB_HC_Halt
                0x0800e940       0xc0 ../../libDaisy//build\libdaisy.a(stm32h7xx_ll_usb.o)
                0x0800e940                USB_HC_Halt
 .text.USB_StopHost
                0x0800ea00      0x2ec ../../libDaisy//build\libdaisy.a(stm32h7xx_ll_usb.o)
                0x0800ea00                USB_StopHost
 .text.USBD_SetClassConfig
                0x0800ecec       0x14 ../../libDaisy//build\libdaisy.a(usbd_core.o)
                0x0800ecec                USBD_SetClassConfig
 .text.USBD_ClrClassConfig
                0x0800ed00       0x10 ../../libDaisy//build\libdaisy.a(usbd_core.o)
                0x0800ed00                USBD_ClrClassConfig
 .text.USBD_LL_SetupStage
                0x0800ed10       0x5c ../../libDaisy//build\libdaisy.a(usbd_core.o)
                0x0800ed10                USBD_LL_SetupStage
 .text.USBD_LL_DataOutStage
                0x0800ed6c       0x7c ../../libDaisy//build\libdaisy.a(usbd_core.o)
                0x0800ed6c                USBD_LL_DataOutStage
 .text.USBD_LL_DataInStage
                0x0800ede8       0xcc ../../libDaisy//build\libdaisy.a(usbd_core.o)
                0x0800ede8                USBD_LL_DataInStage
 .text.USBD_LL_Reset
                0x0800eeb4       0x50 ../../libDaisy//build\libdaisy.a(usbd_core.o)
                0x0800eeb4                USBD_LL_Reset
 .text.USBD_LL_SetSpeed
                0x0800ef04        0x8 ../../libDaisy//build\libdaisy.a(usbd_core.o)
                0x0800ef04                USBD_LL_SetSpeed
 .text.USBD_LL_Suspend
                0x0800ef0c       0x14 ../../libDaisy//build\libdaisy.a(usbd_core.o)
                0x0800ef0c                USBD_LL_Suspend
 .text.USBD_LL_Resume
                0x0800ef20       0x10 ../../libDaisy//build\libdaisy.a(usbd_core.o)
                0x0800ef20                USBD_LL_Resume
 .text.USBD_LL_SOF
                0x0800ef30       0x1c ../../libDaisy//build\libdaisy.a(usbd_core.o)
                0x0800ef30                USBD_LL_SOF
 .text.USBD_LL_IsoINIncomplete
                0x0800ef4c        0x4 ../../libDaisy//build\libdaisy.a(usbd_core.o)
                0x0800ef4c                USBD_LL_IsoINIncomplete
 .text.USBD_LL_IsoOUTIncomplete
                0x0800ef50        0x4 ../../libDaisy//build\libdaisy.a(usbd_core.o)
                0x0800ef50                USBD_LL_IsoOUTIncomplete
 .text.USBD_LL_DevConnected
                0x0800ef54        0x4 ../../libDaisy//build\libdaisy.a(usbd_core.o)
                0x0800ef54                USBD_LL_DevConnected
 .text.USBD_LL_DevDisconnected
                0x0800ef58       0x18 ../../libDaisy//build\libdaisy.a(usbd_core.o)
                0x0800ef58                USBD_LL_DevDisconnected
 .text.USBD_StdDevReq
                0x0800ef70      0x304 ../../libDaisy//build\libdaisy.a(usbd_ctlreq.o)
                0x0800ef70                USBD_StdDevReq
 .text.USBD_StdItfReq
                0x0800f274       0x68 ../../libDaisy//build\libdaisy.a(usbd_ctlreq.o)
                0x0800f274                USBD_StdItfReq
 .text.USBD_StdEPReq
                0x0800f2dc      0x13c ../../libDaisy//build\libdaisy.a(usbd_ctlreq.o)
                0x0800f2dc                USBD_StdEPReq
 .text.USBD_ParseSetupRequest
                0x0800f418       0x28 ../../libDaisy//build\libdaisy.a(usbd_ctlreq.o)
                0x0800f418                USBD_ParseSetupRequest
 .text.USBD_CtlSendData
                0x0800f440       0x1c ../../libDaisy//build\libdaisy.a(usbd_ioreq.o)
                0x0800f440                USBD_CtlSendData
 .text.USBD_CtlContinueSendData
                0x0800f45c       0x14 ../../libDaisy//build\libdaisy.a(usbd_ioreq.o)
                0x0800f45c                USBD_CtlContinueSendData
 .text.USBD_CtlContinueRx
                0x0800f470       0x14 ../../libDaisy//build\libdaisy.a(usbd_ioreq.o)
                0x0800f470                USBD_CtlContinueRx
 .text.USBD_CtlSendStatus
                0x0800f484       0x18 ../../libDaisy//build\libdaisy.a(usbd_ioreq.o)
                0x0800f484                USBD_CtlSendStatus
 .text.USBD_CtlReceiveStatus
                0x0800f49c       0x18 ../../libDaisy//build\libdaisy.a(usbd_ioreq.o)
                0x0800f49c                USBD_CtlReceiveStatus
 .text.USBH_LL_IncTimer
                0x0800f4b4       0x20 ../../libDaisy//build\libdaisy.a(usbh_core.o)
                0x0800f4b4                USBH_LL_IncTimer
 .text.USBH_LL_PortEnabled
                0x0800f4d4        0x8 ../../libDaisy//build\libdaisy.a(usbh_core.o)
                0x0800f4d4                USBH_LL_PortEnabled
 .text.USBH_LL_PortDisabled
                0x0800f4dc        0x8 ../../libDaisy//build\libdaisy.a(usbh_core.o)
                0x0800f4dc                USBH_LL_PortDisabled
 .text.USBH_LL_Connect
                0x0800f4e4       0x18 ../../libDaisy//build\libdaisy.a(usbh_core.o)
                0x0800f4e4                USBH_LL_Connect
 .text.USBH_LL_Disconnect
                0x0800f4fc       0x2c ../../libDaisy//build\libdaisy.a(usbh_core.o)
                0x0800f4fc                USBH_LL_Disconnect
 .text.USBH_FreePipe
                0x0800f528       0x18 ../../libDaisy//build\libdaisy.a(usbh_pipes.o)
                0x0800f528                USBH_FreePipe
 .text._ZN5daisy3Led4InitE12dsy_gpio_pinbf
                0x0800f540       0x48 ../../libDaisy//build\libdaisy.a(led.o)
                0x0800f540                daisy::Led::Init(dsy_gpio_pin, bool, float)
 .text._ZN5daisy3Led3SetEf
                0x0800f588       0x24 ../../libDaisy//build\libdaisy.a(led.o)
                0x0800f588                daisy::Led::Set(float)
 .text._ZN5daisy3Led6UpdateEv
                0x0800f5ac       0x48 ../../libDaisy//build\libdaisy.a(led.o)
                0x0800f5ac                daisy::Led::Update()
 .text._ZN5daisy6Random4InitEv
                0x0800f5f4       0x3c ../../libDaisy//build\libdaisy.a(rng.o)
                0x0800f5f4                daisy::Random::Init()
 .text._ZN5daisy9SpiHandle4Impl7InitDmaEv
                0x0800f630       0xec ../../libDaisy//build\libdaisy.a(spi.o)
                0x0800f630                daisy::SpiHandle::Impl::InitDma()
 .text._ZN5daisy9SpiHandle4Impl10StartDmaTxEPhjPFvPvEPFvS3_NS0_6ResultEES3_
                0x0800f71c       0xc8 ../../libDaisy//build\libdaisy.a(spi.o)
                0x0800f71c                daisy::SpiHandle::Impl::StartDmaTx(unsigned char*, unsigned int, void (*)(void*), void (*)(void*, daisy::SpiHandle::Result), void*)
 .text._ZN5daisy9SpiHandle4Impl10StartDmaRxEPhjPFvPvEPFvS3_NS0_6ResultEES3_
                0x0800f7e4       0xc8 ../../libDaisy//build\libdaisy.a(spi.o)
                0x0800f7e4                daisy::SpiHandle::Impl::StartDmaRx(unsigned char*, unsigned int, void (*)(void*), void (*)(void*, daisy::SpiHandle::Result), void*)
 .text._ZN5daisy9SpiHandle4Impl12StartDmaRxTxEPhS2_jPFvPvEPFvS3_NS0_6ResultEES3_
                0x0800f8ac       0xcc ../../libDaisy//build\libdaisy.a(spi.o)
                0x0800f8ac                daisy::SpiHandle::Impl::StartDmaRxTx(unsigned char*, unsigned char*, unsigned int, void (*)(void*), void (*)(void*, daisy::SpiHandle::Result), void*)
 .text._ZN5daisy9SpiHandle4Impl8InitPinsEv
                0x0800f978      0x274 ../../libDaisy//build\libdaisy.a(spi.o)
                0x0800f978                daisy::SpiHandle::Impl::InitPins()
 .text.HAL_SPI_MspInit
                0x0800fbec      0x1a8 ../../libDaisy//build\libdaisy.a(spi.o)
                0x0800fbec                HAL_SPI_MspInit
 .text.dsy_spi_global_init
                0x0800fd94       0x80 ../../libDaisy//build\libdaisy.a(spi.o)
                0x0800fd94                dsy_spi_global_init
 .text.SPI1_IRQHandler
                0x0800fe14        0xc ../../libDaisy//build\libdaisy.a(spi.o)
                0x0800fe14                SPI1_IRQHandler
 .text.SPI2_IRQHandler
                0x0800fe20        0xc ../../libDaisy//build\libdaisy.a(spi.o)
                0x0800fe20                SPI2_IRQHandler
 .text.SPI3_IRQHandler
                0x0800fe2c        0xc ../../libDaisy//build\libdaisy.a(spi.o)
                0x0800fe2c                SPI3_IRQHandler
 .text.SPI4_IRQHandler
                0x0800fe38        0xc ../../libDaisy//build\libdaisy.a(spi.o)
                0x0800fe38                SPI4_IRQHandler
 .text.SPI5_IRQHandler
                0x0800fe44        0xc ../../libDaisy//build\libdaisy.a(spi.o)
                0x0800fe44                SPI5_IRQHandler
 .text.DMA2_Stream2_IRQHandler
                0x0800fe50       0x34 ../../libDaisy//build\libdaisy.a(spi.o)
                0x0800fe50                DMA2_Stream2_IRQHandler
 .text.DMA2_Stream3_IRQHandler
                0x0800fe84       0x38 ../../libDaisy//build\libdaisy.a(spi.o)
                0x0800fe84                DMA2_Stream3_IRQHandler
 .text.HAL_SPI_TxCpltCallback
                0x0800febc       0xc4 ../../libDaisy//build\libdaisy.a(spi.o)
                0x0800febc                HAL_SPI_TxCpltCallback
 .text.HAL_SPI_RxCpltCallback
                0x0800ff80       0xc4 ../../libDaisy//build\libdaisy.a(spi.o)
                0x0800ff80                HAL_SPI_RxCpltCallback
 .text.HAL_SPI_TxRxCpltCallback
                0x08010044       0xc4 ../../libDaisy//build\libdaisy.a(spi.o)
                0x08010044                HAL_SPI_TxRxCpltCallback
 .text.HAL_SPI_ErrorCallback
                0x08010108       0xc8 ../../libDaisy//build\libdaisy.a(spi.o)
                0x08010108                HAL_SPI_ErrorCallback
 .text.startup._GLOBAL__sub_I__Z19MapInstanceToHandleP11SPI_TypeDef
                0x080101d0      0x1b0 ../../libDaisy//build\libdaisy.a(spi.o)
 .text.HAL_TIM_Base_MspInit
                0x08010380      0x1e0 ../../libDaisy//build\libdaisy.a(tim.o)
                0x08010380                HAL_TIM_Base_MspInit
 .text.HAL_TIM_PeriodElapsedCallback
                0x08010560       0x44 ../../libDaisy//build\libdaisy.a(tim.o)
                0x08010560                HAL_TIM_PeriodElapsedCallback
 .text.TIM2_IRQHandler
                0x080105a4        0xc ../../libDaisy//build\libdaisy.a(tim.o)
                0x080105a4                TIM2_IRQHandler
 .text.TIM3_IRQHandler
                0x080105b0        0xc ../../libDaisy//build\libdaisy.a(tim.o)
                0x080105b0                TIM3_IRQHandler
 .text.TIM4_IRQHandler
                0x080105bc        0xc ../../libDaisy//build\libdaisy.a(tim.o)
                0x080105bc                TIM4_IRQHandler
 .text.TIM5_IRQHandler
                0x080105c8        0xc ../../libDaisy//build\libdaisy.a(tim.o)
                0x080105c8                TIM5_IRQHandler
 .text._ZN5daisy11TimerHandle4InitERKNS0_6ConfigE
                0x080105d4       0xd0 ../../libDaisy//build\libdaisy.a(tim.o)
                0x080105d4                daisy::TimerHandle::Init(daisy::TimerHandle::Config const&)
 .text._ZN5daisy11TimerHandle5StartEv
                0x080106a4       0x24 ../../libDaisy//build\libdaisy.a(tim.o)
                0x080106a4                daisy::TimerHandle::Start()
 .text.startup._GLOBAL__sub_I__ZN5daisy11TimerHandle4Impl4InitERKNS0_6ConfigE
                0x080106c8       0x38 ../../libDaisy//build\libdaisy.a(tim.o)
 .text.dsy_dma_init
                0x08010700      0x100 ../../libDaisy//build\libdaisy.a(dma.o)
                0x08010700                dsy_dma_init
 .text.HAL_MDMA_Abort_IT
                0x08010800       0x2c ../../libDaisy//build\libdaisy.a(stm32h7xx_hal_mdma.o)
                0x08010800                HAL_MDMA_Abort_IT
 .text.SPI_CloseTransfer
                0x0801082c       0xb8 ../../libDaisy//build\libdaisy.a(stm32h7xx_hal_spi.o)
 .text.HAL_SPI_Init
                0x080108e4      0x15c ../../libDaisy//build\libdaisy.a(stm32h7xx_hal_spi.o)
                0x080108e4                HAL_SPI_Init
 .text.HAL_SPI_Transmit_DMA
                0x08010a40      0x170 ../../libDaisy//build\libdaisy.a(stm32h7xx_hal_spi.o)
                0x08010a40                HAL_SPI_Transmit_DMA
 .text.HAL_SPI_TransmitReceive_DMA
                0x08010bb0      0x218 ../../libDaisy//build\libdaisy.a(stm32h7xx_hal_spi.o)
                0x08010bb0                HAL_SPI_TransmitReceive_DMA
 .text.HAL_SPI_Receive_DMA
                0x08010dc8      0x1b4 ../../libDaisy//build\libdaisy.a(stm32h7xx_hal_spi.o)
                0x08010dc8                HAL_SPI_Receive_DMA
 .text.SPI_DMATransmitCplt
                0x08010f7c       0x28 ../../libDaisy//build\libdaisy.a(stm32h7xx_hal_spi.o)
 .text.SPI_DMAReceiveCplt
                0x08010fa4       0x28 ../../libDaisy//build\libdaisy.a(stm32h7xx_hal_spi.o)
 .text.SPI_DMATransmitReceiveCplt
                0x08010fcc       0x28 ../../libDaisy//build\libdaisy.a(stm32h7xx_hal_spi.o)
 .text.HAL_SPI_TxHalfCpltCallback
                0x08010ff4        0x4 ../../libDaisy//build\libdaisy.a(stm32h7xx_hal_spi.o)
                0x08010ff4                HAL_SPI_TxHalfCpltCallback
 .text.SPI_DMAHalfTransmitCplt
                0x08010ff8        0xc ../../libDaisy//build\libdaisy.a(stm32h7xx_hal_spi.o)
 .text.HAL_SPI_RxHalfCpltCallback
                0x08011004        0x4 ../../libDaisy//build\libdaisy.a(stm32h7xx_hal_spi.o)
                0x08011004                HAL_SPI_RxHalfCpltCallback
 .text.SPI_DMAHalfReceiveCplt
                0x08011008        0xc ../../libDaisy//build\libdaisy.a(stm32h7xx_hal_spi.o)
 .text.HAL_SPI_TxRxHalfCpltCallback
                0x08011014        0x4 ../../libDaisy//build\libdaisy.a(stm32h7xx_hal_spi.o)
                0x08011014                HAL_SPI_TxRxHalfCpltCallback
 .text.SPI_DMAHalfTransmitReceiveCplt
                0x08011018        0xc ../../libDaisy//build\libdaisy.a(stm32h7xx_hal_spi.o)
 .text.SPI_DMAError
                0x08011024       0xd8 ../../libDaisy//build\libdaisy.a(stm32h7xx_hal_spi.o)
 .text.HAL_SPI_IRQHandler
                0x080110fc      0x23c ../../libDaisy//build\libdaisy.a(stm32h7xx_hal_spi.o)
                0x080110fc                HAL_SPI_IRQHandler
 .text.SPI_DMAAbortOnError
                0x08011338       0x1c ../../libDaisy//build\libdaisy.a(stm32h7xx_hal_spi.o)
 .text.HAL_SPI_GetState
                0x08011354        0x8 ../../libDaisy//build\libdaisy.a(stm32h7xx_hal_spi.o)
                0x08011354                HAL_SPI_GetState
 .text.HAL_TIM_Base_Init
                0x0801135c      0x140 ../../libDaisy//build\libdaisy.a(stm32h7xx_hal_tim.o)
                0x0801135c                HAL_TIM_Base_Init
 .text.HAL_TIM_Base_Start
                0x0801149c       0x34 ../../libDaisy//build\libdaisy.a(stm32h7xx_hal_tim.o)
                0x0801149c                HAL_TIM_Base_Start
 .text.HAL_TIM_Base_Start_IT
                0x080114d0       0x2c ../../libDaisy//build\libdaisy.a(stm32h7xx_hal_tim.o)
                0x080114d0                HAL_TIM_Base_Start_IT
 .text.HAL_TIM_ConfigClockSource
                0x080114fc      0x17c ../../libDaisy//build\libdaisy.a(stm32h7xx_hal_tim.o)
                0x080114fc                HAL_TIM_ConfigClockSource
 .text.HAL_TIM_OC_DelayElapsedCallback
                0x08011678        0x4 ../../libDaisy//build\libdaisy.a(stm32h7xx_hal_tim.o)
                0x08011678                HAL_TIM_OC_DelayElapsedCallback
 .text.HAL_TIM_IC_CaptureCallback
                0x0801167c        0x4 ../../libDaisy//build\libdaisy.a(stm32h7xx_hal_tim.o)
                0x0801167c                HAL_TIM_IC_CaptureCallback
 .text.HAL_TIM_PWM_PulseFinishedCallback
                0x08011680        0x4 ../../libDaisy//build\libdaisy.a(stm32h7xx_hal_tim.o)
                0x08011680                HAL_TIM_PWM_PulseFinishedCallback
 .text.HAL_TIM_TriggerCallback
                0x08011684        0x4 ../../libDaisy//build\libdaisy.a(stm32h7xx_hal_tim.o)
                0x08011684                HAL_TIM_TriggerCallback
 .text.HAL_TIM_IRQHandler
                0x08011688      0x170 ../../libDaisy//build\libdaisy.a(stm32h7xx_hal_tim.o)
                0x08011688                HAL_TIM_IRQHandler
 .text.HAL_TIMEx_MasterConfigSynchronization
                0x080117f8       0x64 ../../libDaisy//build\libdaisy.a(stm32h7xx_hal_tim_ex.o)
                0x080117f8                HAL_TIMEx_MasterConfigSynchronization
 .text.HAL_TIMEx_CommutCallback
                0x0801185c        0x4 ../../libDaisy//build\libdaisy.a(stm32h7xx_hal_tim_ex.o)
                0x0801185c                HAL_TIMEx_CommutCallback
 .text.HAL_TIMEx_BreakCallback
                0x08011860        0x4 ../../libDaisy//build\libdaisy.a(stm32h7xx_hal_tim_ex.o)
                0x08011860                HAL_TIMEx_BreakCallback
 .text.HAL_TIMEx_Break2Callback
                0x08011864        0x4 ../../libDaisy//build\libdaisy.a(stm32h7xx_hal_tim_ex.o)
                0x08011864                HAL_TIMEx_Break2Callback
 .text._ZN7daisysp10Oscillator7ProcessEv
                0x08011868      0x3c4 ../../DaisySP//build\libdaisysp.a(oscillator.o)
                0x08011868                daisysp::Oscillator::Process()
 .text._ZN7daisysp10Oscillator12CalcPhaseIncEf
                0x08011c2c       0x18 ../../DaisySP//build\libdaisysp.a(oscillator.o)
                0x08011c2c                daisysp::Oscillator::CalcPhaseInc(float)
 .text.__aeabi_atexit
                0x08011c44        0xa c:/program files/daisytoolchain/bin/../lib/gcc/arm-none-eabi/10.2.1/../../../../arm-none-eabi/lib/thumb/v7e-m+dp/hard\libstdc++_nano.a(atexit_arm.o)
                0x08011c44                __aeabi_atexit
 .text._ZdlPvj  0x08011c4e        0x4 c:/program files/daisytoolchain/bin/../lib/gcc/arm-none-eabi/10.2.1/../../../../arm-none-eabi/lib/thumb/v7e-m+dp/hard\libstdc++_nano.a(del_ops.o)
                0x08011c4e                operator delete(void*, unsigned int)
 *fill*         0x08011c52        0x2 
 .text._ZNSt23mersenne_twister_engineIjLj32ELj624ELj397ELj31ELj2567483615ELj11ELj4294967295ELj7ELj2636928640ELj15ELj4022730752ELj18ELj1812433253EE4seedEj
                0x08011c54       0x2c c:/program files/daisytoolchain/bin/../lib/gcc/arm-none-eabi/10.2.1/../../../../arm-none-eabi/lib/thumb/v7e-m+dp/hard\libstdc++_nano.a(random.o)
                0x08011c54                std::mersenne_twister_engine<unsigned int, 32u, 624u, 397u, 31u, 2567483615u, 11u, 4294967295u, 7u, 2636928640u, 15u, 4022730752u, 18u, 1812433253u>::seed(unsigned int)
 .text._ZNSt13random_device14_M_init_pretr1ERKNSt7__cxx1112basic_stringIcSt11char_traitsIcESaIcEEE
                0x08011c80       0x58 c:/program files/daisytoolchain/bin/../lib/gcc/arm-none-eabi/10.2.1/../../../../arm-none-eabi/lib/thumb/v7e-m+dp/hard\libstdc++_nano.a(random.o)
                0x08011c80                std::random_device::_M_init_pretr1(std::__cxx11::basic_string<char, std::char_traits<char>, std::allocator<char> > const&)
 .text._ZNSt13random_device7_M_initERKNSt7__cxx1112basic_stringIcSt11char_traitsIcESaIcEEE
                0x08011cd8        0x4 c:/program files/daisytoolchain/bin/../lib/gcc/arm-none-eabi/10.2.1/../../../../arm-none-eabi/lib/thumb/v7e-m+dp/hard\libstdc++_nano.a(random.o)
                0x08011cd8                std::random_device::_M_init(std::__cxx11::basic_string<char, std::char_traits<char>, std::allocator<char> > const&)
 .text._ZNSt23mersenne_twister_engineIjLj32ELj624ELj397ELj31ELj2567483615ELj11ELj4294967295ELj7ELj2636928640ELj15ELj4022730752ELj18ELj1812433253EEclEv
                0x08011cdc       0x44 c:/program files/daisytoolchain/bin/../lib/gcc/arm-none-eabi/10.2.1/../../../../arm-none-eabi/lib/thumb/v7e-m+dp/hard\libstdc++_nano.a(random.o)
                0x08011cdc                std::mersenne_twister_engine<unsigned int, 32u, 624u, 397u, 31u, 2567483615u, 11u, 4294967295u, 7u, 2636928640u, 15u, 4022730752u, 18u, 1812433253u>::operator()()
 .text._ZNSt13random_device9_M_getvalEv
                0x08011d20        0x8 c:/program files/daisytoolchain/bin/../lib/gcc/arm-none-eabi/10.2.1/../../../../arm-none-eabi/lib/thumb/v7e-m+dp/hard\libstdc++_nano.a(random.o)
                0x08011d20                std::random_device::_M_getval()
 .text._ZNSt11char_traitsIcE7compareEPKcS2_j
                0x08011d28        0xa c:/program files/daisytoolchain/bin/../lib/gcc/arm-none-eabi/10.2.1/../../../../arm-none-eabi/lib/thumb/v7e-m+dp/hard\libstdc++_nano.a(string-inst.o)
                0x08011d28                std::char_traits<char>::compare(char const*, char const*, unsigned int)
 .text._ZNKSt7__cxx1112basic_stringIcSt11char_traitsIcESaIcEE7compareEPKc
                0x08011d32       0x28 c:/program files/daisytoolchain/bin/../lib/gcc/arm-none-eabi/10.2.1/../../../../arm-none-eabi/lib/thumb/v7e-m+dp/hard\libstdc++_nano.a(string-inst.o)
                0x08011d32                std::__cxx11::basic_string<char, std::char_traits<char>, std::allocator<char> >::compare(char const*) const
 .text._ZdlPv   0x08011d5a        0x4 c:/program files/daisytoolchain/bin/../lib/gcc/arm-none-eabi/10.2.1/../../../../arm-none-eabi/lib/thumb/v7e-m+dp/hard\libstdc++_nano.a(del_op.o)
                0x08011d5a                operator delete(void*)
 .text.unlikely._ZSt21__throw_runtime_errorPKc